Archive member included to satisfy reference by file (symbol)

c:/program files (x86)/atmel/studio/7.0/toolchain/avr8/avr8-gnu-toolchain/bin/../lib/gcc/avr/5.4.0/../../../../avr/lib/avr5\libm.a(addsf3.o)
                              UTILS/utils.o (__subsf3)
c:/program files (x86)/atmel/studio/7.0/toolchain/avr8/avr8-gnu-toolchain/bin/../lib/gcc/avr/5.4.0/../../../../avr/lib/avr5\libm.a(addsf3x.o)
                              c:/program files (x86)/atmel/studio/7.0/toolchain/avr8/avr8-gnu-toolchain/bin/../lib/gcc/avr/5.4.0/../../../../avr/lib/avr5\libm.a(addsf3.o) (__addsf3x)
c:/program files (x86)/atmel/studio/7.0/toolchain/avr8/avr8-gnu-toolchain/bin/../lib/gcc/avr/5.4.0/../../../../avr/lib/avr5\libm.a(cmpsf2.o)
                              ECUAL/LCD/lcd.o (__eqsf2)
c:/program files (x86)/atmel/studio/7.0/toolchain/avr8/avr8-gnu-toolchain/bin/../lib/gcc/avr/5.4.0/../../../../avr/lib/avr5\libm.a(divsf3.o)
                              UTILS/utils.o (__divsf3)
c:/program files (x86)/atmel/studio/7.0/toolchain/avr8/avr8-gnu-toolchain/bin/../lib/gcc/avr/5.4.0/../../../../avr/lib/avr5\libm.a(divsf3x.o)
                              c:/program files (x86)/atmel/studio/7.0/toolchain/avr8/avr8-gnu-toolchain/bin/../lib/gcc/avr/5.4.0/../../../../avr/lib/avr5\libm.a(divsf3.o) (__divsf3x)
c:/program files (x86)/atmel/studio/7.0/toolchain/avr8/avr8-gnu-toolchain/bin/../lib/gcc/avr/5.4.0/../../../../avr/lib/avr5\libm.a(fixunssfsi.o)
                              UTILS/utils.o (__fixunssfsi)
c:/program files (x86)/atmel/studio/7.0/toolchain/avr8/avr8-gnu-toolchain/bin/../lib/gcc/avr/5.4.0/../../../../avr/lib/avr5\libm.a(floatsisf.o)
                              ECUAL/ULTRASONIC/Ultrasonic.o (__floatunsisf)
c:/program files (x86)/atmel/studio/7.0/toolchain/avr8/avr8-gnu-toolchain/bin/../lib/gcc/avr/5.4.0/../../../../avr/lib/avr5\libm.a(fp_cmp.o)
                              c:/program files (x86)/atmel/studio/7.0/toolchain/avr8/avr8-gnu-toolchain/bin/../lib/gcc/avr/5.4.0/../../../../avr/lib/avr5\libm.a(cmpsf2.o) (__fp_cmp)
c:/program files (x86)/atmel/studio/7.0/toolchain/avr8/avr8-gnu-toolchain/bin/../lib/gcc/avr/5.4.0/../../../../avr/lib/avr5\libm.a(fp_inf.o)
                              c:/program files (x86)/atmel/studio/7.0/toolchain/avr8/avr8-gnu-toolchain/bin/../lib/gcc/avr/5.4.0/../../../../avr/lib/avr5\libm.a(addsf3x.o) (__fp_inf)
c:/program files (x86)/atmel/studio/7.0/toolchain/avr8/avr8-gnu-toolchain/bin/../lib/gcc/avr/5.4.0/../../../../avr/lib/avr5\libm.a(fp_nan.o)
                              c:/program files (x86)/atmel/studio/7.0/toolchain/avr8/avr8-gnu-toolchain/bin/../lib/gcc/avr/5.4.0/../../../../avr/lib/avr5\libm.a(addsf3x.o) (__fp_nan)
c:/program files (x86)/atmel/studio/7.0/toolchain/avr8/avr8-gnu-toolchain/bin/../lib/gcc/avr/5.4.0/../../../../avr/lib/avr5\libm.a(fp_pscA.o)
                              c:/program files (x86)/atmel/studio/7.0/toolchain/avr8/avr8-gnu-toolchain/bin/../lib/gcc/avr/5.4.0/../../../../avr/lib/avr5\libm.a(addsf3x.o) (__fp_pscA)
c:/program files (x86)/atmel/studio/7.0/toolchain/avr8/avr8-gnu-toolchain/bin/../lib/gcc/avr/5.4.0/../../../../avr/lib/avr5\libm.a(fp_pscB.o)
                              c:/program files (x86)/atmel/studio/7.0/toolchain/avr8/avr8-gnu-toolchain/bin/../lib/gcc/avr/5.4.0/../../../../avr/lib/avr5\libm.a(addsf3x.o) (__fp_pscB)
c:/program files (x86)/atmel/studio/7.0/toolchain/avr8/avr8-gnu-toolchain/bin/../lib/gcc/avr/5.4.0/../../../../avr/lib/avr5\libm.a(fp_round.o)
                              c:/program files (x86)/atmel/studio/7.0/toolchain/avr8/avr8-gnu-toolchain/bin/../lib/gcc/avr/5.4.0/../../../../avr/lib/avr5\libm.a(addsf3.o) (__fp_round)
c:/program files (x86)/atmel/studio/7.0/toolchain/avr8/avr8-gnu-toolchain/bin/../lib/gcc/avr/5.4.0/../../../../avr/lib/avr5\libm.a(fp_split3.o)
                              c:/program files (x86)/atmel/studio/7.0/toolchain/avr8/avr8-gnu-toolchain/bin/../lib/gcc/avr/5.4.0/../../../../avr/lib/avr5\libm.a(addsf3x.o) (__fp_split3)
c:/program files (x86)/atmel/studio/7.0/toolchain/avr8/avr8-gnu-toolchain/bin/../lib/gcc/avr/5.4.0/../../../../avr/lib/avr5\libm.a(fp_zero.o)
                              c:/program files (x86)/atmel/studio/7.0/toolchain/avr8/avr8-gnu-toolchain/bin/../lib/gcc/avr/5.4.0/../../../../avr/lib/avr5\libm.a(addsf3x.o) (__fp_zero)
c:/program files (x86)/atmel/studio/7.0/toolchain/avr8/avr8-gnu-toolchain/bin/../lib/gcc/avr/5.4.0/../../../../avr/lib/avr5\libm.a(gesf2.o)
                              APP/Crashing Module/Crashing_MainFunction.o (__gesf2)
c:/program files (x86)/atmel/studio/7.0/toolchain/avr8/avr8-gnu-toolchain/bin/../lib/gcc/avr/5.4.0/../../../../avr/lib/avr5\libm.a(mulsf3.o)
                              ECUAL/ULTRASONIC/Ultrasonic.o (__mulsf3)
c:/program files (x86)/atmel/studio/7.0/toolchain/avr8/avr8-gnu-toolchain/bin/../lib/gcc/avr/5.4.0/../../../../avr/lib/avr5\libm.a(mulsf3x.o)
                              c:/program files (x86)/atmel/studio/7.0/toolchain/avr8/avr8-gnu-toolchain/bin/../lib/gcc/avr/5.4.0/../../../../avr/lib/avr5\libm.a(mulsf3.o) (__mulsf3x)
c:/program files (x86)/atmel/studio/7.0/toolchain/avr8/avr8-gnu-toolchain/bin/../lib/gcc/avr/5.4.0/../../../../avr/lib/avr5\libm.a(pow.o)
                              UTILS/utils.o (pow)
c:/program files (x86)/atmel/studio/7.0/toolchain/avr8/avr8-gnu-toolchain/bin/../lib/gcc/avr/5.4.0/../../../../avr/lib/avr5\libm.a(exp.o)
                              c:/program files (x86)/atmel/studio/7.0/toolchain/avr8/avr8-gnu-toolchain/bin/../lib/gcc/avr/5.4.0/../../../../avr/lib/avr5\libm.a(pow.o) (exp)
c:/program files (x86)/atmel/studio/7.0/toolchain/avr8/avr8-gnu-toolchain/bin/../lib/gcc/avr/5.4.0/../../../../avr/lib/avr5\libm.a(fp_powser.o)
                              c:/program files (x86)/atmel/studio/7.0/toolchain/avr8/avr8-gnu-toolchain/bin/../lib/gcc/avr/5.4.0/../../../../avr/lib/avr5\libm.a(exp.o) (__fp_powser)
c:/program files (x86)/atmel/studio/7.0/toolchain/avr8/avr8-gnu-toolchain/bin/../lib/gcc/avr/5.4.0/../../../../avr/lib/avr5\libm.a(inverse.o)
                              c:/program files (x86)/atmel/studio/7.0/toolchain/avr8/avr8-gnu-toolchain/bin/../lib/gcc/avr/5.4.0/../../../../avr/lib/avr5\libm.a(exp.o) (inverse)
c:/program files (x86)/atmel/studio/7.0/toolchain/avr8/avr8-gnu-toolchain/bin/../lib/gcc/avr/5.4.0/../../../../avr/lib/avr5\libm.a(ldexp.o)
                              c:/program files (x86)/atmel/studio/7.0/toolchain/avr8/avr8-gnu-toolchain/bin/../lib/gcc/avr/5.4.0/../../../../avr/lib/avr5\libm.a(exp.o) (ldexp)
c:/program files (x86)/atmel/studio/7.0/toolchain/avr8/avr8-gnu-toolchain/bin/../lib/gcc/avr/5.4.0/../../../../avr/lib/avr5\libm.a(log.o)
                              c:/program files (x86)/atmel/studio/7.0/toolchain/avr8/avr8-gnu-toolchain/bin/../lib/gcc/avr/5.4.0/../../../../avr/lib/avr5\libm.a(pow.o) (log)
c:/program files (x86)/atmel/studio/7.0/toolchain/avr8/avr8-gnu-toolchain/bin/../lib/gcc/avr/5.4.0/../../../../avr/lib/avr5\libm.a(modf.o)
                              c:/program files (x86)/atmel/studio/7.0/toolchain/avr8/avr8-gnu-toolchain/bin/../lib/gcc/avr/5.4.0/../../../../avr/lib/avr5\libm.a(exp.o) (modf)
c:/program files (x86)/atmel/studio/7.0/toolchain/avr8/avr8-gnu-toolchain/bin/../lib/gcc/avr/5.4.0/../../../../avr/lib/avr5\libm.a(fp_mpack.o)
                              c:/program files (x86)/atmel/studio/7.0/toolchain/avr8/avr8-gnu-toolchain/bin/../lib/gcc/avr/5.4.0/../../../../avr/lib/avr5\libm.a(ldexp.o) (__fp_mpack)
c:/program files (x86)/atmel/studio/7.0/toolchain/avr8/avr8-gnu-toolchain/bin/../lib/gcc/avr/5.4.0/avr5\libgcc.a(_udivmodsi4.o)
                              UTILS/utils.o (__udivmodsi4)
c:/program files (x86)/atmel/studio/7.0/toolchain/avr8/avr8-gnu-toolchain/bin/../lib/gcc/avr/5.4.0/avr5\libgcc.a(_exit.o)
                              C:/Program Files (x86)/Atmel/Studio/7.0/Packs/atmel/ATmega_DFP/1.6.364/gcc/dev/atmega32/avr5/crtatmega32.o (exit)
c:/program files (x86)/atmel/studio/7.0/toolchain/avr8/avr8-gnu-toolchain/bin/../lib/gcc/avr/5.4.0/avr5\libgcc.a(_tablejump2.o)
                              MCAL/Timer/Timer_Prog.o (__tablejump2__)
c:/program files (x86)/atmel/studio/7.0/toolchain/avr8/avr8-gnu-toolchain/bin/../lib/gcc/avr/5.4.0/avr5\libgcc.a(_copy_data.o)
                              APP/Displaying Module/Displaying_MainFunction.o (__do_copy_data)
c:/program files (x86)/atmel/studio/7.0/toolchain/avr8/avr8-gnu-toolchain/bin/../lib/gcc/avr/5.4.0/avr5\libgcc.a(_clear_bss.o)
                              APP/Car/CarControl.o (__do_clear_bss)

Allocating common symbols
Common symbol       size              file

gu8o_MotorDirection
                    0x1               APP/Crashing Module/Crashing_Int.o
configs             0x3               APP/Car/CarControl.o
gu8o_MotorSpeed     0x1               APP/Crashing Module/Crashing_Int.o
gu8_RetValMotorDirection
                    0x1               APP/Crashing Module/Crashing_Int.o
gu8i_RetValMotorDirection
                    0x1               APP/Steering Module/Steering_Int.o
gau8_TMRDelyPriority
                    0xa               MCAL/Timer/Timer_Prog.o
gf32i_SensorDistance
                    0x4               APP/Crashing Module/Crashing_MainFunction.o
gu8i_MotorSpeed     0x1               APP/Steering Module/Steering_MainFunction.o
gu8i_MotorDirection
                    0x1               APP/Steering Module/Steering_MainFunction.o
gf32o_SensorDistance
                    0x4               APP/Sensing Module/Sensing_MainFunction.o

Discarded input sections

 .data          0x00000000        0x0 C:/Program Files (x86)/Atmel/Studio/7.0/Packs/atmel/ATmega_DFP/1.6.364/gcc/dev/atmega32/avr5/crtatmega32.o
 .bss           0x00000000        0x0 C:/Program Files (x86)/Atmel/Studio/7.0/Packs/atmel/ATmega_DFP/1.6.364/gcc/dev/atmega32/avr5/crtatmega32.o
 .text          0x00000000        0x0 APP/Car/CarControl.o
 .data          0x00000000        0x0 APP/Car/CarControl.o
 .bss           0x00000000        0x0 APP/Car/CarControl.o
 .text          0x00000000        0x0 APP/Crashing Module/Crashing_Int.o
 .data          0x00000000        0x0 APP/Crashing Module/Crashing_Int.o
 .bss           0x00000000        0x0 APP/Crashing Module/Crashing_Int.o
 .text          0x00000000        0x0 APP/Crashing Module/Crashing_MainFunction.o
 .data          0x00000000        0x0 APP/Crashing Module/Crashing_MainFunction.o
 .bss           0x00000000        0x0 APP/Crashing Module/Crashing_MainFunction.o
 .text          0x00000000        0x0 APP/Displaying Module/Displaying_Int.o
 .data          0x00000000        0x0 APP/Displaying Module/Displaying_Int.o
 .bss           0x00000000        0x0 APP/Displaying Module/Displaying_Int.o
 .debug_line    0x00000000        0x0 APP/Displaying Module/Displaying_Int.o
 .debug_str     0x00000000       0xfd APP/Displaying Module/Displaying_Int.o
 .comment       0x00000000       0x31 APP/Displaying Module/Displaying_Int.o
 .text          0x00000000        0x0 APP/Displaying Module/Displaying_MainFunction.o
 .data          0x00000000        0x0 APP/Displaying Module/Displaying_MainFunction.o
 .bss           0x00000000        0x0 APP/Displaying Module/Displaying_MainFunction.o
 .text          0x00000000        0x0 APP/Sensing Module/Sensing_Int.o
 .data          0x00000000        0x0 APP/Sensing Module/Sensing_Int.o
 .bss           0x00000000        0x0 APP/Sensing Module/Sensing_Int.o
 .text          0x00000000        0x0 APP/Sensing Module/Sensing_MainFunction.o
 .data          0x00000000        0x0 APP/Sensing Module/Sensing_MainFunction.o
 .bss           0x00000000        0x0 APP/Sensing Module/Sensing_MainFunction.o
 .text          0x00000000        0x0 APP/Steering Module/Steering_Int.o
 .data          0x00000000        0x0 APP/Steering Module/Steering_Int.o
 .bss           0x00000000        0x0 APP/Steering Module/Steering_Int.o
 .text          0x00000000        0x0 APP/Steering Module/Steering_MainFunction.o
 .data          0x00000000        0x0 APP/Steering Module/Steering_MainFunction.o
 .bss           0x00000000        0x0 APP/Steering Module/Steering_MainFunction.o
 .text          0x00000000        0x0 ECUAL/LCD/lcd.o
 .data          0x00000000        0x0 ECUAL/LCD/lcd.o
 .bss           0x00000000        0x0 ECUAL/LCD/lcd.o
 .text.LCD_CUSTOM_CHARACTER
                0x00000000      0x242 ECUAL/LCD/lcd.o
 .text          0x00000000        0x0 ECUAL/LCD/lcd_Config.o
 .data          0x00000000        0x0 ECUAL/LCD/lcd_Config.o
 .bss           0x00000000        0x0 ECUAL/LCD/lcd_Config.o
 .text          0x00000000        0x0 ECUAL/Motor/DC Motor.o
 .data          0x00000000        0x0 ECUAL/Motor/DC Motor.o
 .bss           0x00000000        0x0 ECUAL/Motor/DC Motor.o
 .text          0x00000000        0x0 ECUAL/ULTRASONIC/Ultrasonic.o
 .data          0x00000000        0x0 ECUAL/ULTRASONIC/Ultrasonic.o
 .bss           0x00000000        0x0 ECUAL/ULTRASONIC/Ultrasonic.o
 .text          0x00000000        0x0 MCAL/Global_INERRUPT/GIE_prog.o
 .data          0x00000000        0x0 MCAL/Global_INERRUPT/GIE_prog.o
 .bss           0x00000000        0x0 MCAL/Global_INERRUPT/GIE_prog.o
 .text.GIE_voidDisable
                0x00000000        0x8 MCAL/Global_INERRUPT/GIE_prog.o
 .text          0x00000000        0x0 MCAL/Timer/Timer_Prog.o
 .data          0x00000000        0x0 MCAL/Timer/Timer_Prog.o
 .bss           0x00000000        0x0 MCAL/Timer/Timer_Prog.o
 .text.Timer_sint8_tInterruptDisable
                0x00000000       0x96 MCAL/Timer/Timer_Prog.o
 .text.Timer_sint8_tCompareOutputMode
                0x00000000      0x16e MCAL/Timer/Timer_Prog.o
 .text          0x00000000        0x0 UTILS/utils.o
 .data          0x00000000        0x0 UTILS/utils.o
 .bss           0x00000000        0x0 UTILS/utils.o
 .text.dummy_delay
                0x00000000       0x48 UTILS/utils.o
 .text.StringCompare
                0x00000000       0x42 UTILS/utils.o
 .text.StringLength
                0x00000000       0x1a UTILS/utils.o
 .text.stof     0x00000000       0xec UTILS/utils.o
 .text          0x00000000        0x0 main.o
 .data          0x00000000        0x0 main.o
 .bss           0x00000000        0x0 main.o
 .text          0x00000000        0x0 MCAL/DIO/dio.o
 .data          0x00000000        0x0 MCAL/DIO/dio.o
 .bss           0x00000000        0x0 MCAL/DIO/dio.o
 .text.DIO_WritePORT
                0x00000000       0x34 MCAL/DIO/dio.o
 .text.DIO_ReadPIN
                0x00000000       0x72 MCAL/DIO/dio.o
 .text.DIO_TogglePIN
                0x00000000       0x74 MCAL/DIO/dio.o
 .text          0x00000000        0x0 MCAL/INTERRUPT/interrupt.o
 .data          0x00000000        0x0 MCAL/INTERRUPT/interrupt.o
 .bss           0x00000000        0x0 MCAL/INTERRUPT/interrupt.o
 .text          0x00000000        0x0 MCAL/PWM/PWM.o
 .data          0x00000000        0x0 MCAL/PWM/PWM.o
 .bss           0x00000000        0x0 MCAL/PWM/PWM.o
 .text.PWM_STOP
                0x00000000       0x16 MCAL/PWM/PWM.o
 .text          0x00000000        0x0 c:/program files (x86)/atmel/studio/7.0/toolchain/avr8/avr8-gnu-toolchain/bin/../lib/gcc/avr/5.4.0/../../../../avr/lib/avr5\libm.a(addsf3.o)
 .data          0x00000000        0x0 c:/program files (x86)/atmel/studio/7.0/toolchain/avr8/avr8-gnu-toolchain/bin/../lib/gcc/avr/5.4.0/../../../../avr/lib/avr5\libm.a(addsf3.o)
 .bss           0x00000000        0x0 c:/program files (x86)/atmel/studio/7.0/toolchain/avr8/avr8-gnu-toolchain/bin/../lib/gcc/avr/5.4.0/../../../../avr/lib/avr5\libm.a(addsf3.o)
 .text          0x00000000        0x0 c:/program files (x86)/atmel/studio/7.0/toolchain/avr8/avr8-gnu-toolchain/bin/../lib/gcc/avr/5.4.0/../../../../avr/lib/avr5\libm.a(addsf3x.o)
 .data          0x00000000        0x0 c:/program files (x86)/atmel/studio/7.0/toolchain/avr8/avr8-gnu-toolchain/bin/../lib/gcc/avr/5.4.0/../../../../avr/lib/avr5\libm.a(addsf3x.o)
 .bss           0x00000000        0x0 c:/program files (x86)/atmel/studio/7.0/toolchain/avr8/avr8-gnu-toolchain/bin/../lib/gcc/avr/5.4.0/../../../../avr/lib/avr5\libm.a(addsf3x.o)
 .text          0x00000000        0x0 c:/program files (x86)/atmel/studio/7.0/toolchain/avr8/avr8-gnu-toolchain/bin/../lib/gcc/avr/5.4.0/../../../../avr/lib/avr5\libm.a(cmpsf2.o)
 .data          0x00000000        0x0 c:/program files (x86)/atmel/studio/7.0/toolchain/avr8/avr8-gnu-toolchain/bin/../lib/gcc/avr/5.4.0/../../../../avr/lib/avr5\libm.a(cmpsf2.o)
 .bss           0x00000000        0x0 c:/program files (x86)/atmel/studio/7.0/toolchain/avr8/avr8-gnu-toolchain/bin/../lib/gcc/avr/5.4.0/../../../../avr/lib/avr5\libm.a(cmpsf2.o)
 .text          0x00000000        0x0 c:/program files (x86)/atmel/studio/7.0/toolchain/avr8/avr8-gnu-toolchain/bin/../lib/gcc/avr/5.4.0/../../../../avr/lib/avr5\libm.a(divsf3.o)
 .data          0x00000000        0x0 c:/program files (x86)/atmel/studio/7.0/toolchain/avr8/avr8-gnu-toolchain/bin/../lib/gcc/avr/5.4.0/../../../../avr/lib/avr5\libm.a(divsf3.o)
 .bss           0x00000000        0x0 c:/program files (x86)/atmel/studio/7.0/toolchain/avr8/avr8-gnu-toolchain/bin/../lib/gcc/avr/5.4.0/../../../../avr/lib/avr5\libm.a(divsf3.o)
 .text          0x00000000        0x0 c:/program files (x86)/atmel/studio/7.0/toolchain/avr8/avr8-gnu-toolchain/bin/../lib/gcc/avr/5.4.0/../../../../avr/lib/avr5\libm.a(divsf3x.o)
 .data          0x00000000        0x0 c:/program files (x86)/atmel/studio/7.0/toolchain/avr8/avr8-gnu-toolchain/bin/../lib/gcc/avr/5.4.0/../../../../avr/lib/avr5\libm.a(divsf3x.o)
 .bss           0x00000000        0x0 c:/program files (x86)/atmel/studio/7.0/toolchain/avr8/avr8-gnu-toolchain/bin/../lib/gcc/avr/5.4.0/../../../../avr/lib/avr5\libm.a(divsf3x.o)
 .text          0x00000000        0x0 c:/program files (x86)/atmel/studio/7.0/toolchain/avr8/avr8-gnu-toolchain/bin/../lib/gcc/avr/5.4.0/../../../../avr/lib/avr5\libm.a(fixunssfsi.o)
 .data          0x00000000        0x0 c:/program files (x86)/atmel/studio/7.0/toolchain/avr8/avr8-gnu-toolchain/bin/../lib/gcc/avr/5.4.0/../../../../avr/lib/avr5\libm.a(fixunssfsi.o)
 .bss           0x00000000        0x0 c:/program files (x86)/atmel/studio/7.0/toolchain/avr8/avr8-gnu-toolchain/bin/../lib/gcc/avr/5.4.0/../../../../avr/lib/avr5\libm.a(fixunssfsi.o)
 .text          0x00000000        0x0 c:/program files (x86)/atmel/studio/7.0/toolchain/avr8/avr8-gnu-toolchain/bin/../lib/gcc/avr/5.4.0/../../../../avr/lib/avr5\libm.a(floatsisf.o)
 .data          0x00000000        0x0 c:/program files (x86)/atmel/studio/7.0/toolchain/avr8/avr8-gnu-toolchain/bin/../lib/gcc/avr/5.4.0/../../../../avr/lib/avr5\libm.a(floatsisf.o)
 .bss           0x00000000        0x0 c:/program files (x86)/atmel/studio/7.0/toolchain/avr8/avr8-gnu-toolchain/bin/../lib/gcc/avr/5.4.0/../../../../avr/lib/avr5\libm.a(floatsisf.o)
 .text          0x00000000        0x0 c:/program files (x86)/atmel/studio/7.0/toolchain/avr8/avr8-gnu-toolchain/bin/../lib/gcc/avr/5.4.0/../../../../avr/lib/avr5\libm.a(fp_cmp.o)
 .data          0x00000000        0x0 c:/program files (x86)/atmel/studio/7.0/toolchain/avr8/avr8-gnu-toolchain/bin/../lib/gcc/avr/5.4.0/../../../../avr/lib/avr5\libm.a(fp_cmp.o)
 .bss           0x00000000        0x0 c:/program files (x86)/atmel/studio/7.0/toolchain/avr8/avr8-gnu-toolchain/bin/../lib/gcc/avr/5.4.0/../../../../avr/lib/avr5\libm.a(fp_cmp.o)
 .text          0x00000000        0x0 c:/program files (x86)/atmel/studio/7.0/toolchain/avr8/avr8-gnu-toolchain/bin/../lib/gcc/avr/5.4.0/../../../../avr/lib/avr5\libm.a(fp_inf.o)
 .data          0x00000000        0x0 c:/program files (x86)/atmel/studio/7.0/toolchain/avr8/avr8-gnu-toolchain/bin/../lib/gcc/avr/5.4.0/../../../../avr/lib/avr5\libm.a(fp_inf.o)
 .bss           0x00000000        0x0 c:/program files (x86)/atmel/studio/7.0/toolchain/avr8/avr8-gnu-toolchain/bin/../lib/gcc/avr/5.4.0/../../../../avr/lib/avr5\libm.a(fp_inf.o)
 .text          0x00000000        0x0 c:/program files (x86)/atmel/studio/7.0/toolchain/avr8/avr8-gnu-toolchain/bin/../lib/gcc/avr/5.4.0/../../../../avr/lib/avr5\libm.a(fp_nan.o)
 .data          0x00000000        0x0 c:/program files (x86)/atmel/studio/7.0/toolchain/avr8/avr8-gnu-toolchain/bin/../lib/gcc/avr/5.4.0/../../../../avr/lib/avr5\libm.a(fp_nan.o)
 .bss           0x00000000        0x0 c:/program files (x86)/atmel/studio/7.0/toolchain/avr8/avr8-gnu-toolchain/bin/../lib/gcc/avr/5.4.0/../../../../avr/lib/avr5\libm.a(fp_nan.o)
 .text          0x00000000        0x0 c:/program files (x86)/atmel/studio/7.0/toolchain/avr8/avr8-gnu-toolchain/bin/../lib/gcc/avr/5.4.0/../../../../avr/lib/avr5\libm.a(fp_pscA.o)
 .data          0x00000000        0x0 c:/program files (x86)/atmel/studio/7.0/toolchain/avr8/avr8-gnu-toolchain/bin/../lib/gcc/avr/5.4.0/../../../../avr/lib/avr5\libm.a(fp_pscA.o)
 .bss           0x00000000        0x0 c:/program files (x86)/atmel/studio/7.0/toolchain/avr8/avr8-gnu-toolchain/bin/../lib/gcc/avr/5.4.0/../../../../avr/lib/avr5\libm.a(fp_pscA.o)
 .text          0x00000000        0x0 c:/program files (x86)/atmel/studio/7.0/toolchain/avr8/avr8-gnu-toolchain/bin/../lib/gcc/avr/5.4.0/../../../../avr/lib/avr5\libm.a(fp_pscB.o)
 .data          0x00000000        0x0 c:/program files (x86)/atmel/studio/7.0/toolchain/avr8/avr8-gnu-toolchain/bin/../lib/gcc/avr/5.4.0/../../../../avr/lib/avr5\libm.a(fp_pscB.o)
 .bss           0x00000000        0x0 c:/program files (x86)/atmel/studio/7.0/toolchain/avr8/avr8-gnu-toolchain/bin/../lib/gcc/avr/5.4.0/../../../../avr/lib/avr5\libm.a(fp_pscB.o)
 .text          0x00000000        0x0 c:/program files (x86)/atmel/studio/7.0/toolchain/avr8/avr8-gnu-toolchain/bin/../lib/gcc/avr/5.4.0/../../../../avr/lib/avr5\libm.a(fp_round.o)
 .data          0x00000000        0x0 c:/program files (x86)/atmel/studio/7.0/toolchain/avr8/avr8-gnu-toolchain/bin/../lib/gcc/avr/5.4.0/../../../../avr/lib/avr5\libm.a(fp_round.o)
 .bss           0x00000000        0x0 c:/program files (x86)/atmel/studio/7.0/toolchain/avr8/avr8-gnu-toolchain/bin/../lib/gcc/avr/5.4.0/../../../../avr/lib/avr5\libm.a(fp_round.o)
 .text          0x00000000        0x0 c:/program files (x86)/atmel/studio/7.0/toolchain/avr8/avr8-gnu-toolchain/bin/../lib/gcc/avr/5.4.0/../../../../avr/lib/avr5\libm.a(fp_split3.o)
 .data          0x00000000        0x0 c:/program files (x86)/atmel/studio/7.0/toolchain/avr8/avr8-gnu-toolchain/bin/../lib/gcc/avr/5.4.0/../../../../avr/lib/avr5\libm.a(fp_split3.o)
 .bss           0x00000000        0x0 c:/program files (x86)/atmel/studio/7.0/toolchain/avr8/avr8-gnu-toolchain/bin/../lib/gcc/avr/5.4.0/../../../../avr/lib/avr5\libm.a(fp_split3.o)
 .text          0x00000000        0x0 c:/program files (x86)/atmel/studio/7.0/toolchain/avr8/avr8-gnu-toolchain/bin/../lib/gcc/avr/5.4.0/../../../../avr/lib/avr5\libm.a(fp_zero.o)
 .data          0x00000000        0x0 c:/program files (x86)/atmel/studio/7.0/toolchain/avr8/avr8-gnu-toolchain/bin/../lib/gcc/avr/5.4.0/../../../../avr/lib/avr5\libm.a(fp_zero.o)
 .bss           0x00000000        0x0 c:/program files (x86)/atmel/studio/7.0/toolchain/avr8/avr8-gnu-toolchain/bin/../lib/gcc/avr/5.4.0/../../../../avr/lib/avr5\libm.a(fp_zero.o)
 .text          0x00000000        0x0 c:/program files (x86)/atmel/studio/7.0/toolchain/avr8/avr8-gnu-toolchain/bin/../lib/gcc/avr/5.4.0/../../../../avr/lib/avr5\libm.a(gesf2.o)
 .data          0x00000000        0x0 c:/program files (x86)/atmel/studio/7.0/toolchain/avr8/avr8-gnu-toolchain/bin/../lib/gcc/avr/5.4.0/../../../../avr/lib/avr5\libm.a(gesf2.o)
 .bss           0x00000000        0x0 c:/program files (x86)/atmel/studio/7.0/toolchain/avr8/avr8-gnu-toolchain/bin/../lib/gcc/avr/5.4.0/../../../../avr/lib/avr5\libm.a(gesf2.o)
 .text          0x00000000        0x0 c:/program files (x86)/atmel/studio/7.0/toolchain/avr8/avr8-gnu-toolchain/bin/../lib/gcc/avr/5.4.0/../../../../avr/lib/avr5\libm.a(mulsf3.o)
 .data          0x00000000        0x0 c:/program files (x86)/atmel/studio/7.0/toolchain/avr8/avr8-gnu-toolchain/bin/../lib/gcc/avr/5.4.0/../../../../avr/lib/avr5\libm.a(mulsf3.o)
 .bss           0x00000000        0x0 c:/program files (x86)/atmel/studio/7.0/toolchain/avr8/avr8-gnu-toolchain/bin/../lib/gcc/avr/5.4.0/../../../../avr/lib/avr5\libm.a(mulsf3.o)
 .text          0x00000000        0x0 c:/program files (x86)/atmel/studio/7.0/toolchain/avr8/avr8-gnu-toolchain/bin/../lib/gcc/avr/5.4.0/../../../../avr/lib/avr5\libm.a(mulsf3x.o)
 .data          0x00000000        0x0 c:/program files (x86)/atmel/studio/7.0/toolchain/avr8/avr8-gnu-toolchain/bin/../lib/gcc/avr/5.4.0/../../../../avr/lib/avr5\libm.a(mulsf3x.o)
 .bss           0x00000000        0x0 c:/program files (x86)/atmel/studio/7.0/toolchain/avr8/avr8-gnu-toolchain/bin/../lib/gcc/avr/5.4.0/../../../../avr/lib/avr5\libm.a(mulsf3x.o)
 .text          0x00000000        0x0 c:/program files (x86)/atmel/studio/7.0/toolchain/avr8/avr8-gnu-toolchain/bin/../lib/gcc/avr/5.4.0/../../../../avr/lib/avr5\libm.a(pow.o)
 .data          0x00000000        0x0 c:/program files (x86)/atmel/studio/7.0/toolchain/avr8/avr8-gnu-toolchain/bin/../lib/gcc/avr/5.4.0/../../../../avr/lib/avr5\libm.a(pow.o)
 .bss           0x00000000        0x0 c:/program files (x86)/atmel/studio/7.0/toolchain/avr8/avr8-gnu-toolchain/bin/../lib/gcc/avr/5.4.0/../../../../avr/lib/avr5\libm.a(pow.o)
 .text          0x00000000        0x0 c:/program files (x86)/atmel/studio/7.0/toolchain/avr8/avr8-gnu-toolchain/bin/../lib/gcc/avr/5.4.0/../../../../avr/lib/avr5\libm.a(exp.o)
 .data          0x00000000        0x0 c:/program files (x86)/atmel/studio/7.0/toolchain/avr8/avr8-gnu-toolchain/bin/../lib/gcc/avr/5.4.0/../../../../avr/lib/avr5\libm.a(exp.o)
 .bss           0x00000000        0x0 c:/program files (x86)/atmel/studio/7.0/toolchain/avr8/avr8-gnu-toolchain/bin/../lib/gcc/avr/5.4.0/../../../../avr/lib/avr5\libm.a(exp.o)
 .text          0x00000000        0x0 c:/program files (x86)/atmel/studio/7.0/toolchain/avr8/avr8-gnu-toolchain/bin/../lib/gcc/avr/5.4.0/../../../../avr/lib/avr5\libm.a(fp_powser.o)
 .data          0x00000000        0x0 c:/program files (x86)/atmel/studio/7.0/toolchain/avr8/avr8-gnu-toolchain/bin/../lib/gcc/avr/5.4.0/../../../../avr/lib/avr5\libm.a(fp_powser.o)
 .bss           0x00000000        0x0 c:/program files (x86)/atmel/studio/7.0/toolchain/avr8/avr8-gnu-toolchain/bin/../lib/gcc/avr/5.4.0/../../../../avr/lib/avr5\libm.a(fp_powser.o)
 .text          0x00000000        0x0 c:/program files (x86)/atmel/studio/7.0/toolchain/avr8/avr8-gnu-toolchain/bin/../lib/gcc/avr/5.4.0/../../../../avr/lib/avr5\libm.a(inverse.o)
 .data          0x00000000        0x0 c:/program files (x86)/atmel/studio/7.0/toolchain/avr8/avr8-gnu-toolchain/bin/../lib/gcc/avr/5.4.0/../../../../avr/lib/avr5\libm.a(inverse.o)
 .bss           0x00000000        0x0 c:/program files (x86)/atmel/studio/7.0/toolchain/avr8/avr8-gnu-toolchain/bin/../lib/gcc/avr/5.4.0/../../../../avr/lib/avr5\libm.a(inverse.o)
 .text          0x00000000        0x0 c:/program files (x86)/atmel/studio/7.0/toolchain/avr8/avr8-gnu-toolchain/bin/../lib/gcc/avr/5.4.0/../../../../avr/lib/avr5\libm.a(ldexp.o)
 .data          0x00000000        0x0 c:/program files (x86)/atmel/studio/7.0/toolchain/avr8/avr8-gnu-toolchain/bin/../lib/gcc/avr/5.4.0/../../../../avr/lib/avr5\libm.a(ldexp.o)
 .bss           0x00000000        0x0 c:/program files (x86)/atmel/studio/7.0/toolchain/avr8/avr8-gnu-toolchain/bin/../lib/gcc/avr/5.4.0/../../../../avr/lib/avr5\libm.a(ldexp.o)
 .text          0x00000000        0x0 c:/program files (x86)/atmel/studio/7.0/toolchain/avr8/avr8-gnu-toolchain/bin/../lib/gcc/avr/5.4.0/../../../../avr/lib/avr5\libm.a(log.o)
 .data          0x00000000        0x0 c:/program files (x86)/atmel/studio/7.0/toolchain/avr8/avr8-gnu-toolchain/bin/../lib/gcc/avr/5.4.0/../../../../avr/lib/avr5\libm.a(log.o)
 .bss           0x00000000        0x0 c:/program files (x86)/atmel/studio/7.0/toolchain/avr8/avr8-gnu-toolchain/bin/../lib/gcc/avr/5.4.0/../../../../avr/lib/avr5\libm.a(log.o)
 .text          0x00000000        0x0 c:/program files (x86)/atmel/studio/7.0/toolchain/avr8/avr8-gnu-toolchain/bin/../lib/gcc/avr/5.4.0/../../../../avr/lib/avr5\libm.a(modf.o)
 .data          0x00000000        0x0 c:/program files (x86)/atmel/studio/7.0/toolchain/avr8/avr8-gnu-toolchain/bin/../lib/gcc/avr/5.4.0/../../../../avr/lib/avr5\libm.a(modf.o)
 .bss           0x00000000        0x0 c:/program files (x86)/atmel/studio/7.0/toolchain/avr8/avr8-gnu-toolchain/bin/../lib/gcc/avr/5.4.0/../../../../avr/lib/avr5\libm.a(modf.o)
 .text          0x00000000        0x0 c:/program files (x86)/atmel/studio/7.0/toolchain/avr8/avr8-gnu-toolchain/bin/../lib/gcc/avr/5.4.0/../../../../avr/lib/avr5\libm.a(fp_mpack.o)
 .data          0x00000000        0x0 c:/program files (x86)/atmel/studio/7.0/toolchain/avr8/avr8-gnu-toolchain/bin/../lib/gcc/avr/5.4.0/../../../../avr/lib/avr5\libm.a(fp_mpack.o)
 .bss           0x00000000        0x0 c:/program files (x86)/atmel/studio/7.0/toolchain/avr8/avr8-gnu-toolchain/bin/../lib/gcc/avr/5.4.0/../../../../avr/lib/avr5\libm.a(fp_mpack.o)
 .text          0x00000000        0x0 c:/program files (x86)/atmel/studio/7.0/toolchain/avr8/avr8-gnu-toolchain/bin/../lib/gcc/avr/5.4.0/avr5\libgcc.a(_udivmodsi4.o)
 .data          0x00000000        0x0 c:/program files (x86)/atmel/studio/7.0/toolchain/avr8/avr8-gnu-toolchain/bin/../lib/gcc/avr/5.4.0/avr5\libgcc.a(_udivmodsi4.o)
 .bss           0x00000000        0x0 c:/program files (x86)/atmel/studio/7.0/toolchain/avr8/avr8-gnu-toolchain/bin/../lib/gcc/avr/5.4.0/avr5\libgcc.a(_udivmodsi4.o)
 .text.libgcc.mul
                0x00000000        0x0 c:/program files (x86)/atmel/studio/7.0/toolchain/avr8/avr8-gnu-toolchain/bin/../lib/gcc/avr/5.4.0/avr5\libgcc.a(_udivmodsi4.o)
 .text.libgcc   0x00000000        0x0 c:/program files (x86)/atmel/studio/7.0/toolchain/avr8/avr8-gnu-toolchain/bin/../lib/gcc/avr/5.4.0/avr5\libgcc.a(_udivmodsi4.o)
 .text.libgcc.prologue
                0x00000000        0x0 c:/program files (x86)/atmel/studio/7.0/toolchain/avr8/avr8-gnu-toolchain/bin/../lib/gcc/avr/5.4.0/avr5\libgcc.a(_udivmodsi4.o)
 .text.libgcc.builtins
                0x00000000        0x0 c:/program files (x86)/atmel/studio/7.0/toolchain/avr8/avr8-gnu-toolchain/bin/../lib/gcc/avr/5.4.0/avr5\libgcc.a(_udivmodsi4.o)
 .text.libgcc.fmul
                0x00000000        0x0 c:/program files (x86)/atmel/studio/7.0/toolchain/avr8/avr8-gnu-toolchain/bin/../lib/gcc/avr/5.4.0/avr5\libgcc.a(_udivmodsi4.o)
 .text.libgcc.fixed
                0x00000000        0x0 c:/program files (x86)/atmel/studio/7.0/toolchain/avr8/avr8-gnu-toolchain/bin/../lib/gcc/avr/5.4.0/avr5\libgcc.a(_udivmodsi4.o)
 .text          0x00000000        0x0 c:/program files (x86)/atmel/studio/7.0/toolchain/avr8/avr8-gnu-toolchain/bin/../lib/gcc/avr/5.4.0/avr5\libgcc.a(_exit.o)
 .data          0x00000000        0x0 c:/program files (x86)/atmel/studio/7.0/toolchain/avr8/avr8-gnu-toolchain/bin/../lib/gcc/avr/5.4.0/avr5\libgcc.a(_exit.o)
 .bss           0x00000000        0x0 c:/program files (x86)/atmel/studio/7.0/toolchain/avr8/avr8-gnu-toolchain/bin/../lib/gcc/avr/5.4.0/avr5\libgcc.a(_exit.o)
 .text.libgcc.mul
                0x00000000        0x0 c:/program files (x86)/atmel/studio/7.0/toolchain/avr8/avr8-gnu-toolchain/bin/../lib/gcc/avr/5.4.0/avr5\libgcc.a(_exit.o)
 .text.libgcc.div
                0x00000000        0x0 c:/program files (x86)/atmel/studio/7.0/toolchain/avr8/avr8-gnu-toolchain/bin/../lib/gcc/avr/5.4.0/avr5\libgcc.a(_exit.o)
 .text.libgcc   0x00000000        0x0 c:/program files (x86)/atmel/studio/7.0/toolchain/avr8/avr8-gnu-toolchain/bin/../lib/gcc/avr/5.4.0/avr5\libgcc.a(_exit.o)
 .text.libgcc.prologue
                0x00000000        0x0 c:/program files (x86)/atmel/studio/7.0/toolchain/avr8/avr8-gnu-toolchain/bin/../lib/gcc/avr/5.4.0/avr5\libgcc.a(_exit.o)
 .text.libgcc.builtins
                0x00000000        0x0 c:/program files (x86)/atmel/studio/7.0/toolchain/avr8/avr8-gnu-toolchain/bin/../lib/gcc/avr/5.4.0/avr5\libgcc.a(_exit.o)
 .text.libgcc.fmul
                0x00000000        0x0 c:/program files (x86)/atmel/studio/7.0/toolchain/avr8/avr8-gnu-toolchain/bin/../lib/gcc/avr/5.4.0/avr5\libgcc.a(_exit.o)
 .text.libgcc.fixed
                0x00000000        0x0 c:/program files (x86)/atmel/studio/7.0/toolchain/avr8/avr8-gnu-toolchain/bin/../lib/gcc/avr/5.4.0/avr5\libgcc.a(_exit.o)
 .text          0x00000000        0x0 c:/program files (x86)/atmel/studio/7.0/toolchain/avr8/avr8-gnu-toolchain/bin/../lib/gcc/avr/5.4.0/avr5\libgcc.a(_tablejump2.o)
 .data          0x00000000        0x0 c:/program files (x86)/atmel/studio/7.0/toolchain/avr8/avr8-gnu-toolchain/bin/../lib/gcc/avr/5.4.0/avr5\libgcc.a(_tablejump2.o)
 .bss           0x00000000        0x0 c:/program files (x86)/atmel/studio/7.0/toolchain/avr8/avr8-gnu-toolchain/bin/../lib/gcc/avr/5.4.0/avr5\libgcc.a(_tablejump2.o)
 .text.libgcc.mul
                0x00000000        0x0 c:/program files (x86)/atmel/studio/7.0/toolchain/avr8/avr8-gnu-toolchain/bin/../lib/gcc/avr/5.4.0/avr5\libgcc.a(_tablejump2.o)
 .text.libgcc.div
                0x00000000        0x0 c:/program files (x86)/atmel/studio/7.0/toolchain/avr8/avr8-gnu-toolchain/bin/../lib/gcc/avr/5.4.0/avr5\libgcc.a(_tablejump2.o)
 .text.libgcc.prologue
                0x00000000        0x0 c:/program files (x86)/atmel/studio/7.0/toolchain/avr8/avr8-gnu-toolchain/bin/../lib/gcc/avr/5.4.0/avr5\libgcc.a(_tablejump2.o)
 .text.libgcc.builtins
                0x00000000        0x0 c:/program files (x86)/atmel/studio/7.0/toolchain/avr8/avr8-gnu-toolchain/bin/../lib/gcc/avr/5.4.0/avr5\libgcc.a(_tablejump2.o)
 .text.libgcc.fmul
                0x00000000        0x0 c:/program files (x86)/atmel/studio/7.0/toolchain/avr8/avr8-gnu-toolchain/bin/../lib/gcc/avr/5.4.0/avr5\libgcc.a(_tablejump2.o)
 .text.libgcc.fixed
                0x00000000        0x0 c:/program files (x86)/atmel/studio/7.0/toolchain/avr8/avr8-gnu-toolchain/bin/../lib/gcc/avr/5.4.0/avr5\libgcc.a(_tablejump2.o)
 .text          0x00000000        0x0 c:/program files (x86)/atmel/studio/7.0/toolchain/avr8/avr8-gnu-toolchain/bin/../lib/gcc/avr/5.4.0/avr5\libgcc.a(_copy_data.o)
 .data          0x00000000        0x0 c:/program files (x86)/atmel/studio/7.0/toolchain/avr8/avr8-gnu-toolchain/bin/../lib/gcc/avr/5.4.0/avr5\libgcc.a(_copy_data.o)
 .bss           0x00000000        0x0 c:/program files (x86)/atmel/studio/7.0/toolchain/avr8/avr8-gnu-toolchain/bin/../lib/gcc/avr/5.4.0/avr5\libgcc.a(_copy_data.o)
 .text.libgcc.mul
                0x00000000        0x0 c:/program files (x86)/atmel/studio/7.0/toolchain/avr8/avr8-gnu-toolchain/bin/../lib/gcc/avr/5.4.0/avr5\libgcc.a(_copy_data.o)
 .text.libgcc.div
                0x00000000        0x0 c:/program files (x86)/atmel/studio/7.0/toolchain/avr8/avr8-gnu-toolchain/bin/../lib/gcc/avr/5.4.0/avr5\libgcc.a(_copy_data.o)
 .text.libgcc   0x00000000        0x0 c:/program files (x86)/atmel/studio/7.0/toolchain/avr8/avr8-gnu-toolchain/bin/../lib/gcc/avr/5.4.0/avr5\libgcc.a(_copy_data.o)
 .text.libgcc.prologue
                0x00000000        0x0 c:/program files (x86)/atmel/studio/7.0/toolchain/avr8/avr8-gnu-toolchain/bin/../lib/gcc/avr/5.4.0/avr5\libgcc.a(_copy_data.o)
 .text.libgcc.builtins
                0x00000000        0x0 c:/program files (x86)/atmel/studio/7.0/toolchain/avr8/avr8-gnu-toolchain/bin/../lib/gcc/avr/5.4.0/avr5\libgcc.a(_copy_data.o)
 .text.libgcc.fmul
                0x00000000        0x0 c:/program files (x86)/atmel/studio/7.0/toolchain/avr8/avr8-gnu-toolchain/bin/../lib/gcc/avr/5.4.0/avr5\libgcc.a(_copy_data.o)
 .text.libgcc.fixed
                0x00000000        0x0 c:/program files (x86)/atmel/studio/7.0/toolchain/avr8/avr8-gnu-toolchain/bin/../lib/gcc/avr/5.4.0/avr5\libgcc.a(_copy_data.o)
 .text          0x00000000        0x0 c:/program files (x86)/atmel/studio/7.0/toolchain/avr8/avr8-gnu-toolchain/bin/../lib/gcc/avr/5.4.0/avr5\libgcc.a(_clear_bss.o)
 .data          0x00000000        0x0 c:/program files (x86)/atmel/studio/7.0/toolchain/avr8/avr8-gnu-toolchain/bin/../lib/gcc/avr/5.4.0/avr5\libgcc.a(_clear_bss.o)
 .bss           0x00000000        0x0 c:/program files (x86)/atmel/studio/7.0/toolchain/avr8/avr8-gnu-toolchain/bin/../lib/gcc/avr/5.4.0/avr5\libgcc.a(_clear_bss.o)
 .text.libgcc.mul
                0x00000000        0x0 c:/program files (x86)/atmel/studio/7.0/toolchain/avr8/avr8-gnu-toolchain/bin/../lib/gcc/avr/5.4.0/avr5\libgcc.a(_clear_bss.o)
 .text.libgcc.div
                0x00000000        0x0 c:/program files (x86)/atmel/studio/7.0/toolchain/avr8/avr8-gnu-toolchain/bin/../lib/gcc/avr/5.4.0/avr5\libgcc.a(_clear_bss.o)
 .text.libgcc   0x00000000        0x0 c:/program files (x86)/atmel/studio/7.0/toolchain/avr8/avr8-gnu-toolchain/bin/../lib/gcc/avr/5.4.0/avr5\libgcc.a(_clear_bss.o)
 .text.libgcc.prologue
                0x00000000        0x0 c:/program files (x86)/atmel/studio/7.0/toolchain/avr8/avr8-gnu-toolchain/bin/../lib/gcc/avr/5.4.0/avr5\libgcc.a(_clear_bss.o)
 .text.libgcc.builtins
                0x00000000        0x0 c:/program files (x86)/atmel/studio/7.0/toolchain/avr8/avr8-gnu-toolchain/bin/../lib/gcc/avr/5.4.0/avr5\libgcc.a(_clear_bss.o)
 .text.libgcc.fmul
                0x00000000        0x0 c:/program files (x86)/atmel/studio/7.0/toolchain/avr8/avr8-gnu-toolchain/bin/../lib/gcc/avr/5.4.0/avr5\libgcc.a(_clear_bss.o)
 .text.libgcc.fixed
                0x00000000        0x0 c:/program files (x86)/atmel/studio/7.0/toolchain/avr8/avr8-gnu-toolchain/bin/../lib/gcc/avr/5.4.0/avr5\libgcc.a(_clear_bss.o)

Memory Configuration

Name             Origin             Length             Attributes
text             0x00000000         0x00008000         xr
data             0x00800060         0x00000800         rw !x
eeprom           0x00810000         0x00000400         rw !x
fuse             0x00820000         0x00000002         rw !x
lock             0x00830000         0x00000400         rw !x
signature        0x00840000         0x00000400         rw !x
user_signatures  0x00850000         0x00000400         rw !x
*default*        0x00000000         0xffffffff

Linker script and memory map

LOAD C:/Program Files (x86)/Atmel/Studio/7.0/Packs/atmel/ATmega_DFP/1.6.364/gcc/dev/atmega32/avr5/crtatmega32.o
LOAD APP/Car/CarControl.o
LOAD APP/Crashing Module/Crashing_Int.o
LOAD APP/Crashing Module/Crashing_MainFunction.o
LOAD APP/Displaying Module/Displaying_Int.o
LOAD APP/Displaying Module/Displaying_MainFunction.o
LOAD APP/Sensing Module/Sensing_Int.o
LOAD APP/Sensing Module/Sensing_MainFunction.o
LOAD APP/Steering Module/Steering_Int.o
LOAD APP/Steering Module/Steering_MainFunction.o
LOAD ECUAL/LCD/lcd.o
LOAD ECUAL/LCD/lcd_Config.o
LOAD ECUAL/Motor/DC Motor.o
LOAD ECUAL/ULTRASONIC/Ultrasonic.o
LOAD MCAL/Global_INERRUPT/GIE_prog.o
LOAD MCAL/Timer/Timer_Prog.o
LOAD UTILS/utils.o
LOAD main.o
LOAD MCAL/DIO/dio.o
LOAD MCAL/INTERRUPT/interrupt.o
LOAD MCAL/PWM/PWM.o
START GROUP
LOAD c:/program files (x86)/atmel/studio/7.0/toolchain/avr8/avr8-gnu-toolchain/bin/../lib/gcc/avr/5.4.0/../../../../avr/lib/avr5\libm.a
END GROUP
START GROUP
LOAD c:/program files (x86)/atmel/studio/7.0/toolchain/avr8/avr8-gnu-toolchain/bin/../lib/gcc/avr/5.4.0/avr5\libgcc.a
LOAD c:/program files (x86)/atmel/studio/7.0/toolchain/avr8/avr8-gnu-toolchain/bin/../lib/gcc/avr/5.4.0/../../../../avr/lib/avr5\libm.a
LOAD c:/program files (x86)/atmel/studio/7.0/toolchain/avr8/avr8-gnu-toolchain/bin/../lib/gcc/avr/5.4.0/../../../../avr/lib/avr5\libc.a
LOAD C:/Program Files (x86)/Atmel/Studio/7.0/Packs/atmel/ATmega_DFP/1.6.364/gcc/dev/atmega32/avr5\libatmega32.a
END GROUP
                0x00000000                __TEXT_REGION_ORIGIN__ = DEFINED (__TEXT_REGION_ORIGIN__)?__TEXT_REGION_ORIGIN__:0x0
                [0x00800060]                __DATA_REGION_ORIGIN__ = DEFINED (__DATA_REGION_ORIGIN__)?__DATA_REGION_ORIGIN__:0x800060
                [0x00008000]                __TEXT_REGION_LENGTH__ = DEFINED (__TEXT_REGION_LENGTH__)?__TEXT_REGION_LENGTH__:0x20000
                [0x00000800]                __DATA_REGION_LENGTH__ = DEFINED (__DATA_REGION_LENGTH__)?__DATA_REGION_LENGTH__:0xffa0
                [0x00000400]                __EEPROM_REGION_LENGTH__ = DEFINED (__EEPROM_REGION_LENGTH__)?__EEPROM_REGION_LENGTH__:0x10000
                [0x00000002]                __FUSE_REGION_LENGTH__ = DEFINED (__FUSE_REGION_LENGTH__)?__FUSE_REGION_LENGTH__:0x400
                0x00000400                __LOCK_REGION_LENGTH__ = DEFINED (__LOCK_REGION_LENGTH__)?__LOCK_REGION_LENGTH__:0x400
                0x00000400                __SIGNATURE_REGION_LENGTH__ = DEFINED (__SIGNATURE_REGION_LENGTH__)?__SIGNATURE_REGION_LENGTH__:0x400
                0x00000400                __USER_SIGNATURE_REGION_LENGTH__ = DEFINED (__USER_SIGNATURE_REGION_LENGTH__)?__USER_SIGNATURE_REGION_LENGTH__:0x400

.hash
 *(.hash)

.dynsym
 *(.dynsym)

.dynstr
 *(.dynstr)

.gnu.version
 *(.gnu.version)

.gnu.version_d
 *(.gnu.version_d)

.gnu.version_r
 *(.gnu.version_r)

.rel.init
 *(.rel.init)

.rela.init
 *(.rela.init)

.rel.text
 *(.rel.text)
 *(.rel.text.*)
 *(.rel.gnu.linkonce.t*)

.rela.text
 *(.rela.text)
 *(.rela.text.*)
 *(.rela.gnu.linkonce.t*)

.rel.fini
 *(.rel.fini)

.rela.fini
 *(.rela.fini)

.rel.rodata
 *(.rel.rodata)
 *(.rel.rodata.*)
 *(.rel.gnu.linkonce.r*)

.rela.rodata
 *(.rela.rodata)
 *(.rela.rodata.*)
 *(.rela.gnu.linkonce.r*)

.rel.data
 *(.rel.data)
 *(.rel.data.*)
 *(.rel.gnu.linkonce.d*)

.rela.data
 *(.rela.data)
 *(.rela.data.*)
 *(.rela.gnu.linkonce.d*)

.rel.ctors
 *(.rel.ctors)

.rela.ctors
 *(.rela.ctors)

.rel.dtors
 *(.rel.dtors)

.rela.dtors
 *(.rela.dtors)

.rel.got
 *(.rel.got)

.rela.got
 *(.rela.got)

.rel.bss
 *(.rel.bss)

.rela.bss
 *(.rela.bss)

.rel.plt
 *(.rel.plt)

.rela.plt
 *(.rela.plt)

.text           0x00000000     0x2294
 *(.vectors)
 .vectors       0x00000000       0x54 C:/Program Files (x86)/Atmel/Studio/7.0/Packs/atmel/ATmega_DFP/1.6.364/gcc/dev/atmega32/avr5/crtatmega32.o
                0x00000000                __vector_default
                0x00000000                __vectors
 *(.vectors)
 *(.progmem.gcc*)
 .progmem.gcc_sw_table.Timer_sint8_tInit
                0x00000054       0x32 MCAL/Timer/Timer_Prog.o
 .progmem.gcc_sw_table.Timer_sint8_tSetTMRValue
                0x00000086       0x24 MCAL/Timer/Timer_Prog.o
 .progmem.gcc_fplib
                0x000000aa       0x28 c:/program files (x86)/atmel/studio/7.0/toolchain/avr8/avr8-gnu-toolchain/bin/../lib/gcc/avr/5.4.0/../../../../avr/lib/avr5\libm.a(exp.o)
 .progmem.gcc_fplib
                0x000000d2       0x5a c:/program files (x86)/atmel/studio/7.0/toolchain/avr8/avr8-gnu-toolchain/bin/../lib/gcc/avr/5.4.0/../../../../avr/lib/avr5\libm.a(log.o)
                0x0000012c                . = ALIGN (0x2)
                0x0000012c                __trampolines_start = .
 *(.trampolines)
 .trampolines   0x0000012c        0x0 linker stubs
 *(.trampolines*)
                0x0000012c                __trampolines_end = .
 *libprintf_flt.a:*(.progmem.data)
 *libc.a:*(.progmem.data)
 *(.progmem*)
                0x0000012c                . = ALIGN (0x2)
 *(.jumptables)
 *(.jumptables*)
 *(.lowtext)
 *(.lowtext*)
                0x0000012c                __ctors_start = .
 *(.ctors)
                0x0000012c                __ctors_end = .
                0x0000012c                __dtors_start = .
 *(.dtors)
                0x0000012c                __dtors_end = .
 SORT(*)(.ctors)
 SORT(*)(.dtors)
 *(.init0)
 .init0         0x0000012c        0x0 C:/Program Files (x86)/Atmel/Studio/7.0/Packs/atmel/ATmega_DFP/1.6.364/gcc/dev/atmega32/avr5/crtatmega32.o
                0x0000012c                __init
 *(.init0)
 *(.init1)
 *(.init1)
 *(.init2)
 .init2         0x0000012c        0xc C:/Program Files (x86)/Atmel/Studio/7.0/Packs/atmel/ATmega_DFP/1.6.364/gcc/dev/atmega32/avr5/crtatmega32.o
 *(.init2)
 *(.init3)
 *(.init3)
 *(.init4)
 .init4         0x00000138       0x16 c:/program files (x86)/atmel/studio/7.0/toolchain/avr8/avr8-gnu-toolchain/bin/../lib/gcc/avr/5.4.0/avr5\libgcc.a(_copy_data.o)
                0x00000138                __do_copy_data
 .init4         0x0000014e       0x10 c:/program files (x86)/atmel/studio/7.0/toolchain/avr8/avr8-gnu-toolchain/bin/../lib/gcc/avr/5.4.0/avr5\libgcc.a(_clear_bss.o)
                0x0000014e                __do_clear_bss
 *(.init4)
 *(.init5)
 *(.init5)
 *(.init6)
 *(.init6)
 *(.init7)
 *(.init7)
 *(.init8)
 *(.init8)
 *(.init9)
 .init9         0x0000015e        0x8 C:/Program Files (x86)/Atmel/Studio/7.0/Packs/atmel/ATmega_DFP/1.6.364/gcc/dev/atmega32/avr5/crtatmega32.o
 *(.init9)
 *(.text)
 .text          0x00000166        0x4 C:/Program Files (x86)/Atmel/Studio/7.0/Packs/atmel/ATmega_DFP/1.6.364/gcc/dev/atmega32/avr5/crtatmega32.o
                0x00000166                __vector_1
                0x00000166                __vector_12
                0x00000166                __bad_interrupt
                0x00000166                __vector_6
                0x00000166                __vector_13
                0x00000166                __vector_17
                0x00000166                __vector_19
                0x00000166                __vector_7
                0x00000166                __vector_4
                0x00000166                __vector_2
                0x00000166                __vector_15
                0x00000166                __vector_8
                0x00000166                __vector_14
                0x00000166                __vector_10
                0x00000166                __vector_16
                0x00000166                __vector_18
                0x00000166                __vector_20
                0x0000016a                . = ALIGN (0x2)
 *(.text.*)
 .text.APP_INIT
                0x0000016a        0x8 APP/Car/CarControl.o
                0x0000016a                APP_INIT
 .text.APP_UPDATE
                0x00000172       0x14 APP/Car/CarControl.o
                0x00000172                APP_UPDATE
 .text.CrashingModule_GetDirection
                0x00000186       0x2a APP/Crashing Module/Crashing_Int.o
                0x00000186                CrashingModule_GetDirection
 .text.CrashingModule_GetSpeed
                0x000001b0       0x2a APP/Crashing Module/Crashing_Int.o
                0x000001b0                CrashingModule_GetSpeed
 .text.Crashing_MainFunction
                0x000001da       0xc0 APP/Crashing Module/Crashing_MainFunction.o
                0x000001da                Crashing_MainFunction
 .text.Displaying_MainFunction
                0x0000029a       0x90 APP/Displaying Module/Displaying_MainFunction.o
                0x0000029a                Displaying_MainFunction
 .text.SensingGetDistance
                0x0000032a       0x26 APP/Sensing Module/Sensing_Int.o
                0x0000032a                SensingGetDistance
 .text.Sensing_Init
                0x00000350       0x1e APP/Sensing Module/Sensing_MainFunction.o
                0x00000350                Sensing_Init
 .text.Sensing_MainFunction
                0x0000036e       0x3e APP/Sensing Module/Sensing_MainFunction.o
                0x0000036e                Sensing_MainFunction
 .text.Steering_SetDirection
                0x000003ac       0x3e APP/Steering Module/Steering_Int.o
                0x000003ac                Steering_SetDirection
 .text.Steering_SetSpeed
                0x000003ea       0x3e APP/Steering Module/Steering_Int.o
                0x000003ea                Steering_SetSpeed
 .text.Steering_InitFunction
                0x00000428       0x10 APP/Steering Module/Steering_MainFunction.o
                0x00000428                Steering_InitFunction
 .text.Steering_InitData
                0x00000438       0x22 APP/Steering Module/Steering_MainFunction.o
                0x00000438                Steering_InitData
 .text.Steering_MainFunction
                0x0000045a       0xb2 APP/Steering Module/Steering_MainFunction.o
                0x0000045a                Steering_MainFunction
 .text.WRITE_ZERO
                0x0000050c       0x1e ECUAL/LCD/lcd.o
                0x0000050c                WRITE_ZERO
 .text.WRITE_ONE
                0x0000052a       0x1e ECUAL/LCD/lcd.o
                0x0000052a                WRITE_ONE
 .text.LCD_KICK
                0x00000548       0x14 ECUAL/LCD/lcd.o
                0x00000548                LCD_KICK
 .text.LCD_WRITE_COMMAND
                0x0000055c       0xa6 ECUAL/LCD/lcd.o
                0x0000055c                LCD_WRITE_COMMAND
 .text.LCD_clear_screen
                0x00000602        0xa ECUAL/LCD/lcd.o
                0x00000602                LCD_clear_screen
 .text.LCD_GOTO_XY
                0x0000060c       0x2c ECUAL/LCD/lcd.o
                0x0000060c                LCD_GOTO_XY
 .text.LCD_INIT
                0x00000638      0x1d2 ECUAL/LCD/lcd.o
                0x00000638                LCD_INIT
 .text.LCD_WRITE_CHAR
                0x0000080a       0xa6 ECUAL/LCD/lcd.o
                0x0000080a                LCD_WRITE_CHAR
 .text.LCD_WRITE_STRING
                0x000008b0       0x5a ECUAL/LCD/lcd.o
                0x000008b0                LCD_WRITE_STRING
 .text.LCD_WRITE_NUMBER
                0x0000090a       0x9a ECUAL/LCD/lcd.o
                0x0000090a                LCD_WRITE_NUMBER
 .text.DC_MotorInit
                0x000009a4       0x74 ECUAL/Motor/DC Motor.o
                0x000009a4                DC_MotorInit
 .text.DC_MotorStart
                0x00000a18       0xb0 ECUAL/Motor/DC Motor.o
                0x00000a18                DC_MotorStart
 .text.DC_MotorStop
                0x00000ac8       0x46 ECUAL/Motor/DC Motor.o
                0x00000ac8                DC_MotorStop
 .text.ULTRASONIC_INIT
                0x00000b0e       0x38 ECUAL/ULTRASONIC/Ultrasonic.o
                0x00000b0e                ULTRASONIC_INIT
 .text.ULTRASONIC_GetDist
                0x00000b46       0xb6 ECUAL/ULTRASONIC/Ultrasonic.o
                0x00000b46                ULTRASONIC_GetDist
 .text.__vector_3
                0x00000bfc       0x94 ECUAL/ULTRASONIC/Ultrasonic.o
                0x00000bfc                __vector_3
 .text.GIE_voidEnable
                0x00000c90        0x8 MCAL/Global_INERRUPT/GIE_prog.o
                0x00000c90                GIE_voidEnable
 .text.Timer_sint8_tInit
                0x00000c98      0x482 MCAL/Timer/Timer_Prog.o
                0x00000c98                Timer_sint8_tInit
 .text.Timer_sint8_tSetTMRValue
                0x0000111a       0x7e MCAL/Timer/Timer_Prog.o
                0x0000111a                Timer_sint8_tSetTMRValue
 .text.Timer_sint8_tInterruptEnable
                0x00001198       0x96 MCAL/Timer/Timer_Prog.o
                0x00001198                Timer_sint8_tInterruptEnable
 .text.Timer_sint32_tTMRValue
                0x0000122e       0x3a MCAL/Timer/Timer_Prog.o
                0x0000122e                Timer_sint32_tTMRValue
 .text.Timer_sint8_tStop
                0x00001268       0x5a MCAL/Timer/Timer_Prog.o
                0x00001268                Timer_sint8_tStop
 .text.__vector_5
                0x000012c2       0x74 MCAL/Timer/Timer_Prog.o
                0x000012c2                __vector_5
 .text.__vector_9
                0x00001336       0x74 MCAL/Timer/Timer_Prog.o
                0x00001336                __vector_9
 .text.__vector_11
                0x000013aa       0x74 MCAL/Timer/Timer_Prog.o
                0x000013aa                __vector_11
 .text.Timer_NonBlockingdelay
                0x0000141e      0x136 MCAL/Timer/Timer_Prog.o
                0x0000141e                Timer_NonBlockingdelay
 .text.reverse  0x00001554       0x26 UTILS/utils.o
                0x00001554                reverse
 .text.intToStr
                0x0000157a       0xbc UTILS/utils.o
                0x0000157a                intToStr
 .text.ftos     0x00001636       0xc4 UTILS/utils.o
                0x00001636                ftos
 .text.main     0x000016fa        0xa main.o
                0x000016fa                main
 .text.DIO_Init
                0x00001704      0x132 MCAL/DIO/dio.o
                0x00001704                DIO_Init
 .text.DIO_WritePIN
                0x00001836      0x102 MCAL/DIO/dio.o
                0x00001836                DIO_WritePIN
 .text.external_interrupt_init
                0x00001938       0x9e MCAL/INTERRUPT/interrupt.o
                0x00001938                external_interrupt_init
 .text.PWM_InitPins
                0x000019d6       0x40 MCAL/PWM/PWM.o
                0x000019d6                PWM_InitPins
 .text.PWM_START
                0x00001a16       0xb2 MCAL/PWM/PWM.o
                0x00001a16                PWM_START
 .text.avr-libc.fplib
                0x00001ac8        0xe c:/program files (x86)/atmel/studio/7.0/toolchain/avr8/avr8-gnu-toolchain/bin/../lib/gcc/avr/5.4.0/../../../../avr/lib/avr5\libm.a(addsf3.o)
                0x00001ac8                __subsf3
                0x00001aca                __addsf3
 .text.avr-libc.fplib
                0x00001ad6       0xcc c:/program files (x86)/atmel/studio/7.0/toolchain/avr8/avr8-gnu-toolchain/bin/../lib/gcc/avr/5.4.0/../../../../avr/lib/avr5\libm.a(addsf3x.o)
                0x00001af8                __addsf3x
 .text.avr-libc.fplib
                0x00001ba2        0xa c:/program files (x86)/atmel/studio/7.0/toolchain/avr8/avr8-gnu-toolchain/bin/../lib/gcc/avr/5.4.0/../../../../avr/lib/avr5\libm.a(cmpsf2.o)
                0x00001ba2                __nesf2
                0x00001ba2                __eqsf2
                0x00001ba2                __cmpsf2
                0x00001ba2                __ltsf2
                0x00001ba2                __lesf2
 .text.avr-libc.fplib
                0x00001bac        0x8 c:/program files (x86)/atmel/studio/7.0/toolchain/avr8/avr8-gnu-toolchain/bin/../lib/gcc/avr/5.4.0/../../../../avr/lib/avr5\libm.a(divsf3.o)
                0x00001bac                __divsf3
 .text.avr-libc.fplib
                0x00001bb4       0xdc c:/program files (x86)/atmel/studio/7.0/toolchain/avr8/avr8-gnu-toolchain/bin/../lib/gcc/avr/5.4.0/../../../../avr/lib/avr5\libm.a(divsf3x.o)
                0x00001bd4                __divsf3x
                0x00001bda                __divsf3_pse
 .text.avr-libc.fplib
                0x00001c90       0x5e c:/program files (x86)/atmel/studio/7.0/toolchain/avr8/avr8-gnu-toolchain/bin/../lib/gcc/avr/5.4.0/../../../../avr/lib/avr5\libm.a(fixunssfsi.o)
                0x00001c90                __fixunssfsi
 .text.avr-libc.fplib
                0x00001cee       0x7a c:/program files (x86)/atmel/studio/7.0/toolchain/avr8/avr8-gnu-toolchain/bin/../lib/gcc/avr/5.4.0/../../../../avr/lib/avr5\libm.a(floatsisf.o)
                0x00001cee                __floatunsisf
                0x00001cf2                __floatsisf
 .text.avr-libc.fplib
                0x00001d68       0x48 c:/program files (x86)/atmel/studio/7.0/toolchain/avr8/avr8-gnu-toolchain/bin/../lib/gcc/avr/5.4.0/../../../../avr/lib/avr5\libm.a(fp_cmp.o)
                0x00001d68                __fp_cmp
 .text.avr-libc.fplib
                0x00001db0        0xc c:/program files (x86)/atmel/studio/7.0/toolchain/avr8/avr8-gnu-toolchain/bin/../lib/gcc/avr/5.4.0/../../../../avr/lib/avr5\libm.a(fp_inf.o)
                0x00001db0                __fp_inf
 .text.avr-libc.fplib
                0x00001dbc        0x6 c:/program files (x86)/atmel/studio/7.0/toolchain/avr8/avr8-gnu-toolchain/bin/../lib/gcc/avr/5.4.0/../../../../avr/lib/avr5\libm.a(fp_nan.o)
                0x00001dbc                __fp_nan
 .text.avr-libc.fplib
                0x00001dc2        0xe c:/program files (x86)/atmel/studio/7.0/toolchain/avr8/avr8-gnu-toolchain/bin/../lib/gcc/avr/5.4.0/../../../../avr/lib/avr5\libm.a(fp_pscA.o)
                0x00001dc2                __fp_pscA
 .text.avr-libc.fplib
                0x00001dd0        0xe c:/program files (x86)/atmel/studio/7.0/toolchain/avr8/avr8-gnu-toolchain/bin/../lib/gcc/avr/5.4.0/../../../../avr/lib/avr5\libm.a(fp_pscB.o)
                0x00001dd0                __fp_pscB
 .text.avr-libc.fplib
                0x00001dde       0x22 c:/program files (x86)/atmel/studio/7.0/toolchain/avr8/avr8-gnu-toolchain/bin/../lib/gcc/avr/5.4.0/../../../../avr/lib/avr5\libm.a(fp_round.o)
                0x00001dde                __fp_round
 .text.avr-libc.fplib
                0x00001e00       0x44 c:/program files (x86)/atmel/studio/7.0/toolchain/avr8/avr8-gnu-toolchain/bin/../lib/gcc/avr/5.4.0/../../../../avr/lib/avr5\libm.a(fp_split3.o)
                0x00001e00                __fp_split3
                0x00001e10                __fp_splitA
 .text.avr-libc.fplib
                0x00001e44        0xe c:/program files (x86)/atmel/studio/7.0/toolchain/avr8/avr8-gnu-toolchain/bin/../lib/gcc/avr/5.4.0/../../../../avr/lib/avr5\libm.a(fp_zero.o)
                0x00001e44                __fp_zero
                0x00001e46                __fp_szero
 .text.avr-libc.fplib
                0x00001e52        0xa c:/program files (x86)/atmel/studio/7.0/toolchain/avr8/avr8-gnu-toolchain/bin/../lib/gcc/avr/5.4.0/../../../../avr/lib/avr5\libm.a(gesf2.o)
                0x00001e52                __gesf2
                0x00001e52                __gtsf2
 .text.avr-libc.fplib
                0x00001e5c        0x8 c:/program files (x86)/atmel/studio/7.0/toolchain/avr8/avr8-gnu-toolchain/bin/../lib/gcc/avr/5.4.0/../../../../avr/lib/avr5\libm.a(mulsf3.o)
                0x00001e5c                __mulsf3
 .text.avr-libc.fplib
                0x00001e64       0xd2 c:/program files (x86)/atmel/studio/7.0/toolchain/avr8/avr8-gnu-toolchain/bin/../lib/gcc/avr/5.4.0/../../../../avr/lib/avr5\libm.a(mulsf3x.o)
                0x00001e82                __mulsf3x
                0x00001e88                __mulsf3_pse
 .text.avr-libc.fplib
                0x00001f36       0xa0 c:/program files (x86)/atmel/studio/7.0/toolchain/avr8/avr8-gnu-toolchain/bin/../lib/gcc/avr/5.4.0/../../../../avr/lib/avr5\libm.a(pow.o)
                0x00001f36                pow
 .text.avr-libc.fplib
                0x00001fd6       0x74 c:/program files (x86)/atmel/studio/7.0/toolchain/avr8/avr8-gnu-toolchain/bin/../lib/gcc/avr/5.4.0/../../../../avr/lib/avr5\libm.a(exp.o)
                0x00001fe6                exp
 .text.avr-libc.fplib
                0x0000204a       0x4e c:/program files (x86)/atmel/studio/7.0/toolchain/avr8/avr8-gnu-toolchain/bin/../lib/gcc/avr/5.4.0/../../../../avr/lib/avr5\libm.a(fp_powser.o)
                0x0000204a                __fp_powser
 .text.avr-libc.fplib
                0x00002098       0x10 c:/program files (x86)/atmel/studio/7.0/toolchain/avr8/avr8-gnu-toolchain/bin/../lib/gcc/avr/5.4.0/../../../../avr/lib/avr5\libm.a(inverse.o)
                0x00002098                inverse
 .text.avr-libc.fplib
                0x000020a8       0x74 c:/program files (x86)/atmel/studio/7.0/toolchain/avr8/avr8-gnu-toolchain/bin/../lib/gcc/avr/5.4.0/../../../../avr/lib/avr5\libm.a(ldexp.o)
                0x000020b0                ldexp
 .text.avr-libc.fplib
                0x0000211c       0xa0 c:/program files (x86)/atmel/studio/7.0/toolchain/avr8/avr8-gnu-toolchain/bin/../lib/gcc/avr/5.4.0/../../../../avr/lib/avr5\libm.a(log.o)
                0x0000212c                log
 .text.avr-libc.fplib
                0x000021bc       0x68 c:/program files (x86)/atmel/studio/7.0/toolchain/avr8/avr8-gnu-toolchain/bin/../lib/gcc/avr/5.4.0/../../../../avr/lib/avr5\libm.a(modf.o)
                0x000021bc                modf
                0x000021bc                modff
 .text.avr-libc.fplib
                0x00002224       0x1c c:/program files (x86)/atmel/studio/7.0/toolchain/avr8/avr8-gnu-toolchain/bin/../lib/gcc/avr/5.4.0/../../../../avr/lib/avr5\libm.a(fp_mpack.o)
                0x00002224                __fp_mpack
                0x00002228                __fp_mpack_finite
 .text.libgcc.div
                0x00002240       0x44 c:/program files (x86)/atmel/studio/7.0/toolchain/avr8/avr8-gnu-toolchain/bin/../lib/gcc/avr/5.4.0/avr5\libgcc.a(_udivmodsi4.o)
                0x00002240                __udivmodsi4
 .text.libgcc   0x00002284        0xc c:/program files (x86)/atmel/studio/7.0/toolchain/avr8/avr8-gnu-toolchain/bin/../lib/gcc/avr/5.4.0/avr5\libgcc.a(_tablejump2.o)
                0x00002284                __tablejump2__
                0x00002290                . = ALIGN (0x2)
 *(.fini9)
 .fini9         0x00002290        0x0 c:/program files (x86)/atmel/studio/7.0/toolchain/avr8/avr8-gnu-toolchain/bin/../lib/gcc/avr/5.4.0/avr5\libgcc.a(_exit.o)
                0x00002290                _exit
                0x00002290                exit
 *(.fini9)
 *(.fini8)
 *(.fini8)
 *(.fini7)
 *(.fini7)
 *(.fini6)
 *(.fini6)
 *(.fini5)
 *(.fini5)
 *(.fini4)
 *(.fini4)
 *(.fini3)
 *(.fini3)
 *(.fini2)
 *(.fini2)
 *(.fini1)
 *(.fini1)
 *(.fini0)
 .fini0         0x00002290        0x4 c:/program files (x86)/atmel/studio/7.0/toolchain/avr8/avr8-gnu-toolchain/bin/../lib/gcc/avr/5.4.0/avr5\libgcc.a(_exit.o)
 *(.fini0)
                0x00002294                _etext = .

.data           0x00800060       0x28 load address 0x00002294
                0x00800060                PROVIDE (__data_start, .)
 *(.data)
 *(.data*)
 .data.gext_LCDConfig
                0x00800060       0x15 ECUAL/LCD/lcd_Config.o
                0x00800060                gext_LCDConfig
 .data.u8_IndexToBeExecuted
                0x00800075        0x1 MCAL/Timer/Timer_Prog.o
                0x00800075                u8_IndexToBeExecuted
 *(.gnu.linkonce.d*)
 *(.rodata)
 *(.rodata*)
 .rodata.str1.1
                0x00800076       0x12 APP/Displaying Module/Displaying_MainFunction.o
 *(.gnu.linkonce.r*)
                0x00800088                . = ALIGN (0x2)
                0x00800088                _edata = .
                0x00800088                PROVIDE (__data_end, .)

.bss            0x00800088       0x35
                0x00800088                PROVIDE (__bss_start, .)
 *(.bss)
 *(.bss*)
 .bss.u8_isInitFinished
                0x00800088        0x1 APP/Displaying Module/Displaying_MainFunction.o
                0x00800088                u8_isInitFinished
 .bss.u8_isInitStarted
                0x00800089        0x1 APP/Displaying Module/Displaying_MainFunction.o
                0x00800089                u8_isInitStarted
 .bss.u8_SensorInit
                0x0080008a        0x1 APP/Sensing Module/Sensing_MainFunction.o
                0x0080008a                u8_SensorInit
 .bss.gu8_MotorInit
                0x0080008b        0x1 APP/Steering Module/Steering_MainFunction.o
                0x0080008b                gu8_MotorInit
 .bss.au8_status
                0x0080008c        0x1 ECUAL/LCD/lcd.o
                0x0080008c                au8_status
 .bss.u8_TimerRetval
                0x0080008d        0x4 ECUAL/LCD/lcd.o
                0x0080008d                u8_TimerRetval
 .bss.u8_retval
                0x00800091        0x1 ECUAL/LCD/lcd.o
                0x00800091                u8_retval
 .bss.g_tick    0x00800092        0x1 ECUAL/ULTRASONIC/Ultrasonic.o
                0x00800092                g_tick
 .bss.g_timer1  0x00800093        0x2 ECUAL/ULTRASONIC/Ultrasonic.o
                0x00800093                g_timer1
 .bss.Timer2_delayflag
                0x00800095        0x1 MCAL/Timer/Timer_Prog.o
                0x00800095                Timer2_delayflag
 .bss.Timer2_counter
                0x00800096        0x4 MCAL/Timer/Timer_Prog.o
                0x00800096                Timer2_counter
 .bss.Timer1_counter
                0x0080009a        0x4 MCAL/Timer/Timer_Prog.o
                0x0080009a                Timer1_counter
 .bss.Timer0_counter
                0x0080009e        0x4 MCAL/Timer/Timer_Prog.o
                0x0080009e                Timer0_counter
 *(COMMON)
 COMMON         0x008000a2        0x3 APP/Car/CarControl.o
                0x008000a2                configs
 COMMON         0x008000a5        0x3 APP/Crashing Module/Crashing_Int.o
                0x008000a5                gu8o_MotorDirection
                0x008000a6                gu8o_MotorSpeed
                0x008000a7                gu8_RetValMotorDirection
 COMMON         0x008000a8        0x4 APP/Crashing Module/Crashing_MainFunction.o
                0x008000a8                gf32i_SensorDistance
 COMMON         0x008000ac        0x4 APP/Sensing Module/Sensing_MainFunction.o
                0x008000ac                gf32o_SensorDistance
 COMMON         0x008000b0        0x1 APP/Steering Module/Steering_Int.o
                0x008000b0                gu8i_RetValMotorDirection
 COMMON         0x008000b1        0x2 APP/Steering Module/Steering_MainFunction.o
                0x008000b1                gu8i_MotorSpeed
                0x008000b2                gu8i_MotorDirection
 COMMON         0x008000b3        0xa MCAL/Timer/Timer_Prog.o
                0x008000b3                gau8_TMRDelyPriority
                0x008000bd                PROVIDE (__bss_end, .)
                0x00002294                __data_load_start = LOADADDR (.data)
                0x000022bc                __data_load_end = (__data_load_start + SIZEOF (.data))

.noinit         0x008000bd        0x0
                [!provide]                PROVIDE (__noinit_start, .)
 *(.noinit*)
                [!provide]                PROVIDE (__noinit_end, .)
                0x008000bd                _end = .
                [!provide]                PROVIDE (__heap_start, .)

.eeprom         0x00810000        0x0
 *(.eeprom*)
                0x00810000                __eeprom_end = .

.fuse
 *(.fuse)
 *(.lfuse)
 *(.hfuse)
 *(.efuse)

.lock
 *(.lock*)

.signature
 *(.signature*)

.user_signatures
 *(.user_signatures*)

.stab
 *(.stab)

.stabstr
 *(.stabstr)

.stab.excl
 *(.stab.excl)

.stab.exclstr
 *(.stab.exclstr)

.stab.index
 *(.stab.index)

.stab.indexstr
 *(.stab.indexstr)

.comment        0x00000000       0x30
 *(.comment)
 .comment       0x00000000       0x30 APP/Car/CarControl.o
                                 0x31 (size before relaxing)
 .comment       0x00000030       0x31 APP/Crashing Module/Crashing_Int.o
 .comment       0x00000030       0x31 APP/Crashing Module/Crashing_MainFunction.o
 .comment       0x00000030       0x31 APP/Displaying Module/Displaying_MainFunction.o
 .comment       0x00000030       0x31 APP/Sensing Module/Sensing_Int.o
 .comment       0x00000030       0x31 APP/Sensing Module/Sensing_MainFunction.o
 .comment       0x00000030       0x31 APP/Steering Module/Steering_Int.o
 .comment       0x00000030       0x31 APP/Steering Module/Steering_MainFunction.o
 .comment       0x00000030       0x31 ECUAL/LCD/lcd.o
 .comment       0x00000030       0x31 ECUAL/LCD/lcd_Config.o
 .comment       0x00000030       0x31 ECUAL/Motor/DC Motor.o
 .comment       0x00000030       0x31 ECUAL/ULTRASONIC/Ultrasonic.o
 .comment       0x00000030       0x31 MCAL/Global_INERRUPT/GIE_prog.o
 .comment       0x00000030       0x31 MCAL/Timer/Timer_Prog.o
 .comment       0x00000030       0x31 UTILS/utils.o
 .comment       0x00000030       0x31 main.o
 .comment       0x00000030       0x31 MCAL/DIO/dio.o
 .comment       0x00000030       0x31 MCAL/INTERRUPT/interrupt.o
 .comment       0x00000030       0x31 MCAL/PWM/PWM.o

.note.gnu.avr.deviceinfo
                0x00000000       0x3c
 .note.gnu.avr.deviceinfo
                0x00000000       0x3c C:/Program Files (x86)/Atmel/Studio/7.0/Packs/atmel/ATmega_DFP/1.6.364/gcc/dev/atmega32/avr5/crtatmega32.o

.note.gnu.build-id
 *(.note.gnu.build-id)

.debug
 *(.debug)

.line
 *(.line)

.debug_srcinfo
 *(.debug_srcinfo)

.debug_sfnames
 *(.debug_sfnames)

.debug_aranges  0x00000000      0x3b0
 *(.debug_aranges)
 .debug_aranges
                0x00000000       0x28 APP/Car/CarControl.o
 .debug_aranges
                0x00000028       0x28 APP/Crashing Module/Crashing_Int.o
 .debug_aranges
                0x00000050       0x20 APP/Crashing Module/Crashing_MainFunction.o
 .debug_aranges
                0x00000070       0x20 APP/Displaying Module/Displaying_MainFunction.o
 .debug_aranges
                0x00000090       0x20 APP/Sensing Module/Sensing_Int.o
 .debug_aranges
                0x000000b0       0x28 APP/Sensing Module/Sensing_MainFunction.o
 .debug_aranges
                0x000000d8       0x28 APP/Steering Module/Steering_Int.o
 .debug_aranges
                0x00000100       0x30 APP/Steering Module/Steering_MainFunction.o
 .debug_aranges
                0x00000130       0x70 ECUAL/LCD/lcd.o
 .debug_aranges
                0x000001a0       0x18 ECUAL/LCD/lcd_Config.o
 .debug_aranges
                0x000001b8       0x30 ECUAL/Motor/DC Motor.o
 .debug_aranges
                0x000001e8       0x30 ECUAL/ULTRASONIC/Ultrasonic.o
 .debug_aranges
                0x00000218       0x28 MCAL/Global_INERRUPT/GIE_prog.o
 .debug_aranges
                0x00000240       0x70 MCAL/Timer/Timer_Prog.o
 .debug_aranges
                0x000002b0       0x50 UTILS/utils.o
 .debug_aranges
                0x00000300       0x20 main.o
 .debug_aranges
                0x00000320       0x40 MCAL/DIO/dio.o
 .debug_aranges
                0x00000360       0x20 MCAL/INTERRUPT/interrupt.o
 .debug_aranges
                0x00000380       0x30 MCAL/PWM/PWM.o

.debug_pubnames
 *(.debug_pubnames)

.debug_info     0x00000000     0x43d7
 *(.debug_info .gnu.linkonce.wi.*)
 .debug_info    0x00000000      0x4e6 C:/Program Files (x86)/Atmel/Studio/7.0/Packs/atmel/ATmega_DFP/1.6.364/gcc/dev/atmega32/avr5/crtatmega32.o
 .debug_info    0x000004e6      0x1e3 APP/Car/CarControl.o
 .debug_info    0x000006c9      0x119 APP/Crashing Module/Crashing_Int.o
 .debug_info    0x000007e2      0x1aa APP/Crashing Module/Crashing_MainFunction.o
 .debug_info    0x0000098c      0x2b6 APP/Displaying Module/Displaying_MainFunction.o
 .debug_info    0x00000c42      0x190 APP/Sensing Module/Sensing_Int.o
 .debug_info    0x00000dd2      0x204 APP/Sensing Module/Sensing_MainFunction.o
 .debug_info    0x00000fd6      0x155 APP/Steering Module/Steering_Int.o
 .debug_info    0x0000112b      0x360 APP/Steering Module/Steering_MainFunction.o
 .debug_info    0x0000148b     0x12a8 ECUAL/LCD/lcd.o
 .debug_info    0x00002733      0x156 ECUAL/LCD/lcd_Config.o
 .debug_info    0x00002889      0x3f9 ECUAL/Motor/DC Motor.o
 .debug_info    0x00002c82      0x4f4 ECUAL/ULTRASONIC/Ultrasonic.o
 .debug_info    0x00003176       0x92 MCAL/Global_INERRUPT/GIE_prog.o
 .debug_info    0x00003208      0x4a3 MCAL/Timer/Timer_Prog.o
 .debug_info    0x000036ab      0x3f3 UTILS/utils.o
 .debug_info    0x00003a9e      0x181 main.o
 .debug_info    0x00003c1f      0x2c6 MCAL/DIO/dio.o
 .debug_info    0x00003ee5      0x236 MCAL/INTERRUPT/interrupt.o
 .debug_info    0x0000411b      0x2bc MCAL/PWM/PWM.o

.debug_abbrev   0x00000000     0x1760
 *(.debug_abbrev)
 .debug_abbrev  0x00000000      0x4a3 C:/Program Files (x86)/Atmel/Studio/7.0/Packs/atmel/ATmega_DFP/1.6.364/gcc/dev/atmega32/avr5/crtatmega32.o
 .debug_abbrev  0x000004a3       0xb9 APP/Car/CarControl.o
 .debug_abbrev  0x0000055c       0x7a APP/Crashing Module/Crashing_Int.o
 .debug_abbrev  0x000005d6       0xdd APP/Crashing Module/Crashing_MainFunction.o
 .debug_abbrev  0x000006b3       0xe6 APP/Displaying Module/Displaying_MainFunction.o
 .debug_abbrev  0x00000799       0xc7 APP/Sensing Module/Sensing_Int.o
 .debug_abbrev  0x00000860       0xfb APP/Sensing Module/Sensing_MainFunction.o
 .debug_abbrev  0x0000095b       0xb2 APP/Steering Module/Steering_Int.o
 .debug_abbrev  0x00000a0d      0x106 APP/Steering Module/Steering_MainFunction.o
 .debug_abbrev  0x00000b13      0x27b ECUAL/LCD/lcd.o
 .debug_abbrev  0x00000d8e       0x8e ECUAL/LCD/lcd_Config.o
 .debug_abbrev  0x00000e1c       0xff ECUAL/Motor/DC Motor.o
 .debug_abbrev  0x00000f1b      0x188 ECUAL/ULTRASONIC/Ultrasonic.o
 .debug_abbrev  0x000010a3       0x46 MCAL/Global_INERRUPT/GIE_prog.o
 .debug_abbrev  0x000010e9      0x158 MCAL/Timer/Timer_Prog.o
 .debug_abbrev  0x00001241      0x182 UTILS/utils.o
 .debug_abbrev  0x000013c3       0xc9 main.o
 .debug_abbrev  0x0000148c       0xf2 MCAL/DIO/dio.o
 .debug_abbrev  0x0000157e       0xe3 MCAL/INTERRUPT/interrupt.o
 .debug_abbrev  0x00001661       0xff MCAL/PWM/PWM.o

.debug_line     0x00000000     0x2df8
 *(.debug_line .debug_line.* .debug_line_end)
 .debug_line    0x00000000      0x116 C:/Program Files (x86)/Atmel/Studio/7.0/Packs/atmel/ATmega_DFP/1.6.364/gcc/dev/atmega32/avr5/crtatmega32.o
 .debug_line    0x00000116      0x21b APP/Car/CarControl.o
 .debug_line    0x00000331       0xfc APP/Crashing Module/Crashing_Int.o
 .debug_line    0x0000042d      0x15e APP/Crashing Module/Crashing_MainFunction.o
 .debug_line    0x0000058b      0x1c2 APP/Displaying Module/Displaying_MainFunction.o
 .debug_line    0x0000074d       0xe1 APP/Sensing Module/Sensing_Int.o
 .debug_line    0x0000082e      0x16d APP/Sensing Module/Sensing_MainFunction.o
 .debug_line    0x0000099b      0x12c APP/Steering Module/Steering_Int.o
 .debug_line    0x00000ac7      0x20f APP/Steering Module/Steering_MainFunction.o
 .debug_line    0x00000cd6      0x6dc ECUAL/LCD/lcd.o
 .debug_line    0x000013b2       0x9f ECUAL/LCD/lcd_Config.o
 .debug_line    0x00001451      0x27f ECUAL/Motor/DC Motor.o
 .debug_line    0x000016d0      0x238 ECUAL/ULTRASONIC/Ultrasonic.o
 .debug_line    0x00001908       0x9b MCAL/Global_INERRUPT/GIE_prog.o
 .debug_line    0x000019a3      0xa55 MCAL/Timer/Timer_Prog.o
 .debug_line    0x000023f8      0x2eb UTILS/utils.o
 .debug_line    0x000026e3       0xcd main.o
 .debug_line    0x000027b0      0x2f6 MCAL/DIO/dio.o
 .debug_line    0x00002aa6      0x172 MCAL/INTERRUPT/interrupt.o
 .debug_line    0x00002c18      0x1e0 MCAL/PWM/PWM.o

.debug_frame    0x00000000      0x878
 *(.debug_frame)
 .debug_frame   0x00000000       0x34 APP/Car/CarControl.o
 .debug_frame   0x00000034       0x34 APP/Crashing Module/Crashing_Int.o
 .debug_frame   0x00000068       0x38 APP/Crashing Module/Crashing_MainFunction.o
 .debug_frame   0x000000a0       0x24 APP/Displaying Module/Displaying_MainFunction.o
 .debug_frame   0x000000c4       0x24 APP/Sensing Module/Sensing_Int.o
 .debug_frame   0x000000e8       0x3c APP/Sensing Module/Sensing_MainFunction.o
 .debug_frame   0x00000124       0x6c APP/Steering Module/Steering_Int.o
 .debug_frame   0x00000190       0x44 APP/Steering Module/Steering_MainFunction.o
 .debug_frame   0x000001d4      0x12c ECUAL/LCD/lcd.o
 .debug_frame   0x00000300       0x60 ECUAL/Motor/DC Motor.o
 .debug_frame   0x00000360       0xbc ECUAL/ULTRASONIC/Ultrasonic.o
 .debug_frame   0x0000041c       0x34 MCAL/Global_INERRUPT/GIE_prog.o
 .debug_frame   0x00000450      0x1b8 MCAL/Timer/Timer_Prog.o
 .debug_frame   0x00000608      0x178 UTILS/utils.o
 .debug_frame   0x00000780       0x24 main.o
 .debug_frame   0x000007a4       0x64 MCAL/DIO/dio.o
 .debug_frame   0x00000808       0x24 MCAL/INTERRUPT/interrupt.o
 .debug_frame   0x0000082c       0x4c MCAL/PWM/PWM.o

.debug_str      0x00000000      0xec0
 *(.debug_str)
 .debug_str     0x00000000      0x196 C:/Program Files (x86)/Atmel/Studio/7.0/Packs/atmel/ATmega_DFP/1.6.364/gcc/dev/atmega32/avr5/crtatmega32.o
 .debug_str     0x00000196      0x23d APP/Car/CarControl.o
                                0x251 (size before relaxing)
 .debug_str     0x000003d3       0xa3 APP/Crashing Module/Crashing_Int.o
                                0x1f4 (size before relaxing)
 .debug_str     0x00000476       0x57 APP/Crashing Module/Crashing_MainFunction.o
                                0x24f (size before relaxing)
 .debug_str     0x000004cd       0x8d APP/Displaying Module/Displaying_MainFunction.o
                                0x2a0 (size before relaxing)
 .debug_str     0x0000055a       0x57 APP/Sensing Module/Sensing_Int.o
                                0x231 (size before relaxing)
 .debug_str     0x000005b1       0x72 APP/Sensing Module/Sensing_MainFunction.o
                                0x269 (size before relaxing)
 .debug_str     0x00000623       0x6e APP/Steering Module/Steering_Int.o
                                0x204 (size before relaxing)
 .debug_str     0x00000691       0xbb APP/Steering Module/Steering_MainFunction.o
                                0x2b6 (size before relaxing)
 .debug_str     0x0000074c      0x18e ECUAL/LCD/lcd.o
                                0x39c (size before relaxing)
 .debug_str     0x000008da       0x1a ECUAL/LCD/lcd_Config.o
                                0x1f8 (size before relaxing)
 .debug_str     0x000008f4       0x70 ECUAL/Motor/DC Motor.o
                                0x26b (size before relaxing)
 .debug_str     0x00000964       0xf8 ECUAL/ULTRASONIC/Ultrasonic.o
                                0x365 (size before relaxing)
 .debug_str     0x00000a5c       0x33 MCAL/Global_INERRUPT/GIE_prog.o
                                0x175 (size before relaxing)
 .debug_str     0x00000a8f      0x13b MCAL/Timer/Timer_Prog.o
                                0x312 (size before relaxing)
 .debug_str     0x00000bca       0xbd UTILS/utils.o
                                0x214 (size before relaxing)
 .debug_str     0x00000c87       0x11 main.o
                                0x1d9 (size before relaxing)
 .debug_str     0x00000c98       0x5c MCAL/DIO/dio.o
                                0x234 (size before relaxing)
 .debug_str     0x00000cf4       0x4a MCAL/INTERRUPT/interrupt.o
                                0x27d (size before relaxing)
 .debug_str     0x00000d3e      0x182 MCAL/PWM/PWM.o
                                0x368 (size before relaxing)

.debug_loc      0x00000000     0x2939
 *(.debug_loc)
 .debug_loc     0x00000000       0x8c APP/Crashing Module/Crashing_Int.o
 .debug_loc     0x0000008c       0x49 APP/Crashing Module/Crashing_MainFunction.o
 .debug_loc     0x000000d5       0x46 APP/Sensing Module/Sensing_Int.o
 .debug_loc     0x0000011b       0x60 APP/Sensing Module/Sensing_MainFunction.o
 .debug_loc     0x0000017b      0x130 APP/Steering Module/Steering_Int.o
 .debug_loc     0x000002ab       0x1f APP/Steering Module/Steering_MainFunction.o
 .debug_loc     0x000002ca      0x5ef ECUAL/LCD/lcd.o
 .debug_loc     0x000008b9      0x32a ECUAL/Motor/DC Motor.o
 .debug_loc     0x00000be3      0x228 ECUAL/ULTRASONIC/Ultrasonic.o
 .debug_loc     0x00000e0b      0xcb3 MCAL/Timer/Timer_Prog.o
 .debug_loc     0x00001abe      0x83e UTILS/utils.o
 .debug_loc     0x000022fc      0x3ce MCAL/DIO/dio.o
 .debug_loc     0x000026ca       0xfc MCAL/INTERRUPT/interrupt.o
 .debug_loc     0x000027c6      0x173 MCAL/PWM/PWM.o

.debug_macinfo
 *(.debug_macinfo)

.debug_weaknames
 *(.debug_weaknames)

.debug_funcnames
 *(.debug_funcnames)

.debug_typenames
 *(.debug_typenames)

.debug_varnames
 *(.debug_varnames)

.debug_pubtypes
 *(.debug_pubtypes)

.debug_ranges   0x00000000      0x2a8
 *(.debug_ranges)
 .debug_ranges  0x00000000       0x18 APP/Car/CarControl.o
 .debug_ranges  0x00000018       0x18 APP/Crashing Module/Crashing_Int.o
 .debug_ranges  0x00000030       0x10 APP/Crashing Module/Crashing_MainFunction.o
 .debug_ranges  0x00000040       0x10 APP/Displaying Module/Displaying_MainFunction.o
 .debug_ranges  0x00000050       0x10 APP/Sensing Module/Sensing_Int.o
 .debug_ranges  0x00000060       0x18 APP/Sensing Module/Sensing_MainFunction.o
 .debug_ranges  0x00000078       0x18 APP/Steering Module/Steering_Int.o
 .debug_ranges  0x00000090       0x20 APP/Steering Module/Steering_MainFunction.o
 .debug_ranges  0x000000b0       0x78 ECUAL/LCD/lcd.o
 .debug_ranges  0x00000128       0x20 ECUAL/Motor/DC Motor.o
 .debug_ranges  0x00000148       0x20 ECUAL/ULTRASONIC/Ultrasonic.o
 .debug_ranges  0x00000168       0x18 MCAL/Global_INERRUPT/GIE_prog.o
 .debug_ranges  0x00000180       0x60 MCAL/Timer/Timer_Prog.o
 .debug_ranges  0x000001e0       0x58 UTILS/utils.o
 .debug_ranges  0x00000238       0x10 main.o
 .debug_ranges  0x00000248       0x30 MCAL/DIO/dio.o
 .debug_ranges  0x00000278       0x10 MCAL/INTERRUPT/interrupt.o
 .debug_ranges  0x00000288       0x20 MCAL/PWM/PWM.o

.debug_macro
 *(.debug_macro)
OUTPUT(Car.elf elf32-avr)
LOAD linker stubs
