Archive member included to satisfy reference by file (symbol)

c:/program files (x86)/atmel/studio/7.0/toolchain/avr8/avr8-gnu-toolchain/bin/../lib/gcc/avr/5.4.0/../../../../avr/lib/avr5\libm.a(addsf3.o)
                              App/Admin/admin.o (__subsf3)
c:/program files (x86)/atmel/studio/7.0/toolchain/avr8/avr8-gnu-toolchain/bin/../lib/gcc/avr/5.4.0/../../../../avr/lib/avr5\libm.a(addsf3x.o)
                              c:/program files (x86)/atmel/studio/7.0/toolchain/avr8/avr8-gnu-toolchain/bin/../lib/gcc/avr/5.4.0/../../../../avr/lib/avr5\libm.a(addsf3.o) (__addsf3x)
c:/program files (x86)/atmel/studio/7.0/toolchain/avr8/avr8-gnu-toolchain/bin/../lib/gcc/avr/5.4.0/../../../../avr/lib/avr5\libm.a(cmpsf2.o)
                              App/Admin/admin.o (__ltsf2)
c:/program files (x86)/atmel/studio/7.0/toolchain/avr8/avr8-gnu-toolchain/bin/../lib/gcc/avr/5.4.0/../../../../avr/lib/avr5\libm.a(divsf3.o)
                              App/Admin/admin.o (__divsf3)
c:/program files (x86)/atmel/studio/7.0/toolchain/avr8/avr8-gnu-toolchain/bin/../lib/gcc/avr/5.4.0/../../../../avr/lib/avr5\libm.a(divsf3x.o)
                              c:/program files (x86)/atmel/studio/7.0/toolchain/avr8/avr8-gnu-toolchain/bin/../lib/gcc/avr/5.4.0/../../../../avr/lib/avr5\libm.a(divsf3.o) (__divsf3x)
c:/program files (x86)/atmel/studio/7.0/toolchain/avr8/avr8-gnu-toolchain/bin/../lib/gcc/avr/5.4.0/../../../../avr/lib/avr5\libm.a(fixunssfsi.o)
                              App/Admin/admin.o (__fixunssfsi)
c:/program files (x86)/atmel/studio/7.0/toolchain/avr8/avr8-gnu-toolchain/bin/../lib/gcc/avr/5.4.0/../../../../avr/lib/avr5\libm.a(floatsisf.o)
                              App/Admin/admin.o (__floatunsisf)
c:/program files (x86)/atmel/studio/7.0/toolchain/avr8/avr8-gnu-toolchain/bin/../lib/gcc/avr/5.4.0/../../../../avr/lib/avr5\libm.a(fp_cmp.o)
                              c:/program files (x86)/atmel/studio/7.0/toolchain/avr8/avr8-gnu-toolchain/bin/../lib/gcc/avr/5.4.0/../../../../avr/lib/avr5\libm.a(cmpsf2.o) (__fp_cmp)
c:/program files (x86)/atmel/studio/7.0/toolchain/avr8/avr8-gnu-toolchain/bin/../lib/gcc/avr/5.4.0/../../../../avr/lib/avr5\libm.a(fp_inf.o)
                              c:/program files (x86)/atmel/studio/7.0/toolchain/avr8/avr8-gnu-toolchain/bin/../lib/gcc/avr/5.4.0/../../../../avr/lib/avr5\libm.a(addsf3x.o) (__fp_inf)
c:/program files (x86)/atmel/studio/7.0/toolchain/avr8/avr8-gnu-toolchain/bin/../lib/gcc/avr/5.4.0/../../../../avr/lib/avr5\libm.a(fp_nan.o)
                              c:/program files (x86)/atmel/studio/7.0/toolchain/avr8/avr8-gnu-toolchain/bin/../lib/gcc/avr/5.4.0/../../../../avr/lib/avr5\libm.a(addsf3x.o) (__fp_nan)
c:/program files (x86)/atmel/studio/7.0/toolchain/avr8/avr8-gnu-toolchain/bin/../lib/gcc/avr/5.4.0/../../../../avr/lib/avr5\libm.a(fp_pscA.o)
                              c:/program files (x86)/atmel/studio/7.0/toolchain/avr8/avr8-gnu-toolchain/bin/../lib/gcc/avr/5.4.0/../../../../avr/lib/avr5\libm.a(addsf3x.o) (__fp_pscA)
c:/program files (x86)/atmel/studio/7.0/toolchain/avr8/avr8-gnu-toolchain/bin/../lib/gcc/avr/5.4.0/../../../../avr/lib/avr5\libm.a(fp_pscB.o)
                              c:/program files (x86)/atmel/studio/7.0/toolchain/avr8/avr8-gnu-toolchain/bin/../lib/gcc/avr/5.4.0/../../../../avr/lib/avr5\libm.a(addsf3x.o) (__fp_pscB)
c:/program files (x86)/atmel/studio/7.0/toolchain/avr8/avr8-gnu-toolchain/bin/../lib/gcc/avr/5.4.0/../../../../avr/lib/avr5\libm.a(fp_round.o)
                              c:/program files (x86)/atmel/studio/7.0/toolchain/avr8/avr8-gnu-toolchain/bin/../lib/gcc/avr/5.4.0/../../../../avr/lib/avr5\libm.a(addsf3.o) (__fp_round)
c:/program files (x86)/atmel/studio/7.0/toolchain/avr8/avr8-gnu-toolchain/bin/../lib/gcc/avr/5.4.0/../../../../avr/lib/avr5\libm.a(fp_split3.o)
                              c:/program files (x86)/atmel/studio/7.0/toolchain/avr8/avr8-gnu-toolchain/bin/../lib/gcc/avr/5.4.0/../../../../avr/lib/avr5\libm.a(addsf3x.o) (__fp_split3)
c:/program files (x86)/atmel/studio/7.0/toolchain/avr8/avr8-gnu-toolchain/bin/../lib/gcc/avr/5.4.0/../../../../avr/lib/avr5\libm.a(fp_zero.o)
                              c:/program files (x86)/atmel/studio/7.0/toolchain/avr8/avr8-gnu-toolchain/bin/../lib/gcc/avr/5.4.0/../../../../avr/lib/avr5\libm.a(addsf3x.o) (__fp_zero)
c:/program files (x86)/atmel/studio/7.0/toolchain/avr8/avr8-gnu-toolchain/bin/../lib/gcc/avr/5.4.0/../../../../avr/lib/avr5\libm.a(gesf2.o)
                              App/User/User.o (__gtsf2)
c:/program files (x86)/atmel/studio/7.0/toolchain/avr8/avr8-gnu-toolchain/bin/../lib/gcc/avr/5.4.0/../../../../avr/lib/avr5\libm.a(mulsf3.o)
                              App/Admin/admin.o (__mulsf3)
c:/program files (x86)/atmel/studio/7.0/toolchain/avr8/avr8-gnu-toolchain/bin/../lib/gcc/avr/5.4.0/../../../../avr/lib/avr5\libm.a(mulsf3x.o)
                              c:/program files (x86)/atmel/studio/7.0/toolchain/avr8/avr8-gnu-toolchain/bin/../lib/gcc/avr/5.4.0/../../../../avr/lib/avr5\libm.a(mulsf3.o) (__mulsf3x)
c:/program files (x86)/atmel/studio/7.0/toolchain/avr8/avr8-gnu-toolchain/bin/../lib/gcc/avr/5.4.0/../../../../avr/lib/avr5\libm.a(pow.o)
                              App/Admin/admin.o (pow)
c:/program files (x86)/atmel/studio/7.0/toolchain/avr8/avr8-gnu-toolchain/bin/../lib/gcc/avr/5.4.0/../../../../avr/lib/avr5\libm.a(exp.o)
                              c:/program files (x86)/atmel/studio/7.0/toolchain/avr8/avr8-gnu-toolchain/bin/../lib/gcc/avr/5.4.0/../../../../avr/lib/avr5\libm.a(pow.o) (exp)
c:/program files (x86)/atmel/studio/7.0/toolchain/avr8/avr8-gnu-toolchain/bin/../lib/gcc/avr/5.4.0/../../../../avr/lib/avr5\libm.a(fp_powser.o)
                              c:/program files (x86)/atmel/studio/7.0/toolchain/avr8/avr8-gnu-toolchain/bin/../lib/gcc/avr/5.4.0/../../../../avr/lib/avr5\libm.a(exp.o) (__fp_powser)
c:/program files (x86)/atmel/studio/7.0/toolchain/avr8/avr8-gnu-toolchain/bin/../lib/gcc/avr/5.4.0/../../../../avr/lib/avr5\libm.a(inverse.o)
                              c:/program files (x86)/atmel/studio/7.0/toolchain/avr8/avr8-gnu-toolchain/bin/../lib/gcc/avr/5.4.0/../../../../avr/lib/avr5\libm.a(exp.o) (inverse)
c:/program files (x86)/atmel/studio/7.0/toolchain/avr8/avr8-gnu-toolchain/bin/../lib/gcc/avr/5.4.0/../../../../avr/lib/avr5\libm.a(ldexp.o)
                              c:/program files (x86)/atmel/studio/7.0/toolchain/avr8/avr8-gnu-toolchain/bin/../lib/gcc/avr/5.4.0/../../../../avr/lib/avr5\libm.a(exp.o) (ldexp)
c:/program files (x86)/atmel/studio/7.0/toolchain/avr8/avr8-gnu-toolchain/bin/../lib/gcc/avr/5.4.0/../../../../avr/lib/avr5\libm.a(log.o)
                              c:/program files (x86)/atmel/studio/7.0/toolchain/avr8/avr8-gnu-toolchain/bin/../lib/gcc/avr/5.4.0/../../../../avr/lib/avr5\libm.a(pow.o) (log)
c:/program files (x86)/atmel/studio/7.0/toolchain/avr8/avr8-gnu-toolchain/bin/../lib/gcc/avr/5.4.0/../../../../avr/lib/avr5\libm.a(modf.o)
                              c:/program files (x86)/atmel/studio/7.0/toolchain/avr8/avr8-gnu-toolchain/bin/../lib/gcc/avr/5.4.0/../../../../avr/lib/avr5\libm.a(exp.o) (modf)
c:/program files (x86)/atmel/studio/7.0/toolchain/avr8/avr8-gnu-toolchain/bin/../lib/gcc/avr/5.4.0/../../../../avr/lib/avr5\libm.a(fp_mpack.o)
                              c:/program files (x86)/atmel/studio/7.0/toolchain/avr8/avr8-gnu-toolchain/bin/../lib/gcc/avr/5.4.0/../../../../avr/lib/avr5\libm.a(ldexp.o) (__fp_mpack)
c:/program files (x86)/atmel/studio/7.0/toolchain/avr8/avr8-gnu-toolchain/bin/../lib/gcc/avr/5.4.0/avr5\libgcc.a(_exit.o)
                              C:/Program Files (x86)/Atmel/Studio/7.0/Packs/atmel/ATmega_DFP/1.6.364/gcc/dev/atmega32a/avr5/crtatmega32a.o (exit)
c:/program files (x86)/atmel/studio/7.0/toolchain/avr8/avr8-gnu-toolchain/bin/../lib/gcc/avr/5.4.0/avr5\libgcc.a(_tablejump2.o)
                              Firmware/Temp/temp.o (__tablejump2__)
c:/program files (x86)/atmel/studio/7.0/toolchain/avr8/avr8-gnu-toolchain/bin/../lib/gcc/avr/5.4.0/avr5\libgcc.a(_copy_data.o)
                              App/Admin/admin.o (__do_copy_data)
c:/program files (x86)/atmel/studio/7.0/toolchain/avr8/avr8-gnu-toolchain/bin/../lib/gcc/avr/5.4.0/avr5\libgcc.a(_clear_bss.o)
                              App/Admin/admin.o (__do_clear_bss)
c:/program files (x86)/atmel/studio/7.0/toolchain/avr8/avr8-gnu-toolchain/bin/../lib/gcc/avr/5.4.0/avr5\libgcc.a(_umulhisi3.o)
                              App/Admin/admin.o (__umulhisi3)

Allocating common symbols
Common symbol       size              file

ST_CurrrentCardDATA
                    0x14              App/User/User.o
Gptr_uartRxInt      0x2               Mcal/UART/uart.o
Gptr_uartTxInt      0x2               Mcal/UART/uart.o
f32_EnteredAmount   0x4               App/User/User.o
Gptr_uartDataEmptyRegInt
                    0x2               Mcal/UART/uart.o
G_ADC_CALLBACK      0x2               Mcal/ADC/adc.o

Discarded input sections

 .data          0x00000000        0x0 C:/Program Files (x86)/Atmel/Studio/7.0/Packs/atmel/ATmega_DFP/1.6.364/gcc/dev/atmega32a/avr5/crtatmega32a.o
 .bss           0x00000000        0x0 C:/Program Files (x86)/Atmel/Studio/7.0/Packs/atmel/ATmega_DFP/1.6.364/gcc/dev/atmega32a/avr5/crtatmega32a.o
 .text          0x00000000        0x0 App/Admin/admin.o
 .data          0x00000000        0x0 App/Admin/admin.o
 .bss           0x00000000        0x0 App/Admin/admin.o
 .text.Init_Drivers
                0x00000000        0xe App/Admin/admin.o
 .text          0x00000000        0x0 App/ATM/ATM.o
 .data          0x00000000        0x0 App/ATM/ATM.o
 .bss           0x00000000        0x0 App/ATM/ATM.o
 .text          0x00000000        0x0 App/User/User.o
 .data          0x00000000        0x0 App/User/User.o
 .bss           0x00000000        0x0 App/User/User.o
 .bss.BTN_Flag  0x00000000        0x1 App/User/User.o
 .text          0x00000000        0x0 Firmware/Button/PushButton.o
 .data          0x00000000        0x0 Firmware/Button/PushButton.o
 .bss           0x00000000        0x0 Firmware/Button/PushButton.o
 .text          0x00000000        0x0 Firmware/EEPROM/EEPROM.o
 .data          0x00000000        0x0 Firmware/EEPROM/EEPROM.o
 .bss           0x00000000        0x0 Firmware/EEPROM/EEPROM.o
 .text          0x00000000        0x0 Firmware/Keypad/Keypad.o
 .data          0x00000000        0x0 Firmware/Keypad/Keypad.o
 .bss           0x00000000        0x0 Firmware/Keypad/Keypad.o
 .text          0x00000000        0x0 Firmware/Keypad/Keypad_Config.o
 .data          0x00000000        0x0 Firmware/Keypad/Keypad_Config.o
 .bss           0x00000000        0x0 Firmware/Keypad/Keypad_Config.o
 .text          0x00000000        0x0 Firmware/LCD/LCD.o
 .data          0x00000000        0x0 Firmware/LCD/LCD.o
 .bss           0x00000000        0x0 Firmware/LCD/LCD.o
 .text          0x00000000        0x0 Firmware/LCD/LCD_Config.o
 .data          0x00000000        0x0 Firmware/LCD/LCD_Config.o
 .bss           0x00000000        0x0 Firmware/LCD/LCD_Config.o
 .text          0x00000000        0x0 Firmware/Motor/motor.o
 .data          0x00000000        0x0 Firmware/Motor/motor.o
 .bss           0x00000000        0x0 Firmware/Motor/motor.o
 .text.MOTOR_STATUS
                0x00000000        0xe Firmware/Motor/motor.o
 .text          0x00000000        0x0 Firmware/Temp/temp.o
 .data          0x00000000        0x0 Firmware/Temp/temp.o
 .bss           0x00000000        0x0 Firmware/Temp/temp.o
 .text          0x00000000        0x0 Infrastructure/utils.o
 .data          0x00000000        0x0 Infrastructure/utils.o
 .bss           0x00000000        0x0 Infrastructure/utils.o
 .text.StringLength
                0x00000000       0x1a Infrastructure/utils.o
 .text          0x00000000        0x0 main.o
 .data          0x00000000        0x0 main.o
 .bss           0x00000000        0x0 main.o
 .text          0x00000000        0x0 Mcal/ADC/adc.o
 .data          0x00000000        0x0 Mcal/ADC/adc.o
 .bss           0x00000000        0x0 Mcal/ADC/adc.o
 .text.ADC_EnInterrupt
                0x00000000        0xa Mcal/ADC/adc.o
 .text.ADC_DisInterrupt
                0x00000000        0xa Mcal/ADC/adc.o
 .text.ADC_SetCallback
                0x00000000        0xc Mcal/ADC/adc.o
 .text          0x00000000        0x0 Mcal/DIO/DIO.o
 .data          0x00000000        0x0 Mcal/DIO/DIO.o
 .bss           0x00000000        0x0 Mcal/DIO/DIO.o
 .text.DIO_TogglePin
                0x00000000       0x6a Mcal/DIO/DIO.o
 .text          0x00000000        0x0 Mcal/I2C/I2C.o
 .data          0x00000000        0x0 Mcal/I2C/I2C.o
 .bss           0x00000000        0x0 Mcal/I2C/I2C.o
 .text.I2C_SetSlaveAddress
                0x00000000        0xc Mcal/I2C/I2C.o
 .text.I2C_ReadAck
                0x00000000       0x28 Mcal/I2C/I2C.o
 .text.I2C_Status
                0x00000000       0x1e Mcal/I2C/I2C.o
 .text.I2C_EnableInterrupt
                0x00000000       0x12 Mcal/I2C/I2C.o
 .text.I2C_DisableInterrupt
                0x00000000       0x12 Mcal/I2C/I2C.o
 .text.I2C_SetCallback
                0x00000000       0x28 Mcal/I2C/I2C.o
 .text          0x00000000        0x0 Mcal/I2C/I2C_Config.o
 .data          0x00000000        0x0 Mcal/I2C/I2C_Config.o
 .bss           0x00000000        0x0 Mcal/I2C/I2C_Config.o
 .text          0x00000000        0x0 Mcal/SPI/SPI.o
 .data          0x00000000        0x0 Mcal/SPI/SPI.o
 .bss           0x00000000        0x0 Mcal/SPI/SPI.o
 .text.SPI_ReceiveChar
                0x00000000       0x24 Mcal/SPI/SPI.o
 .text.SPI_DataExchange
                0x00000000       0x22 Mcal/SPI/SPI.o
 .text.SPI_TransmitString
                0x00000000       0x32 Mcal/SPI/SPI.o
 .text.SPI_EnableInterrupt
                0x00000000       0x10 Mcal/SPI/SPI.o
 .text.SPI_DisableInterrupt
                0x00000000        0xa Mcal/SPI/SPI.o
 .text.SPI_Set_TX_CompleteCallback
                0x00000000       0x12 Mcal/SPI/SPI.o
 .text          0x00000000        0x0 Mcal/Timer/TIMER_DRIVER.o
 .data          0x00000000        0x0 Mcal/Timer/TIMER_DRIVER.o
 .bss           0x00000000        0x0 Mcal/Timer/TIMER_DRIVER.o
 .text.TIM_SetTimerPreLoadVal
                0x00000000       0x20 Mcal/Timer/TIMER_DRIVER.o
 .text.TIM_SetTimerOCVal
                0x00000000       0x20 Mcal/Timer/TIMER_DRIVER.o
 .text.TIM_SetTimerOVFAction
                0x00000000       0x2c Mcal/Timer/TIMER_DRIVER.o
 .text.TIM_SetTimerOCAction
                0x00000000       0x2c Mcal/Timer/TIMER_DRIVER.o
 .text.TIM_MODE_SLCT
                0x00000000       0x94 Mcal/Timer/TIMER_DRIVER.o
 .text.TIM_CLK_SLCT
                0x00000000       0xfe Mcal/Timer/TIMER_DRIVER.o
 .progmem.gcc_sw_table.TIM_CLK_SLCT
                0x00000000       0x20 Mcal/Timer/TIMER_DRIVER.o
 .text.TIM_Interrupt_Enable
                0x00000000       0x5c Mcal/Timer/TIMER_DRIVER.o
 .text.TIM_Interrupt_Disable
                0x00000000       0x56 Mcal/Timer/TIMER_DRIVER.o
 .text.TIM_Flag_Get
                0x00000000       0x5c Mcal/Timer/TIMER_DRIVER.o
 .text.TIM_Flag_Reset
                0x00000000       0x4e Mcal/Timer/TIMER_DRIVER.o
 .text.TIM_Delay_US
                0x00000000      0x12a Mcal/Timer/TIMER_DRIVER.o
 .text.TIM_Delay_MS
                0x00000000      0x196 Mcal/Timer/TIMER_DRIVER.o
 .text.TIM_Init_OC_PIN
                0x00000000       0x3c Mcal/Timer/TIMER_DRIVER.o
 .text.TIM_OC_MODE_SLCT
                0x00000000       0xba Mcal/Timer/TIMER_DRIVER.o
 .text.TIM_Init
                0x00000000       0x74 Mcal/Timer/TIMER_DRIVER.o
 .text          0x00000000        0x0 Mcal/UART/uart.o
 .data          0x00000000        0x0 Mcal/UART/uart.o
 .bss           0x00000000        0x0 Mcal/UART/uart.o
 .text.UART_EnableInterrupt
                0x00000000       0x2a Mcal/UART/uart.o
 .text.UART_DisableInterrupt
                0x00000000       0x2a Mcal/UART/uart.o
 .text.UART_SetCallback
                0x00000000       0x30 Mcal/UART/uart.o
 .text.UART_GetData
                0x00000000        0xa Mcal/UART/uart.o
 .text          0x00000000        0x0 c:/program files (x86)/atmel/studio/7.0/toolchain/avr8/avr8-gnu-toolchain/bin/../lib/gcc/avr/5.4.0/../../../../avr/lib/avr5\libm.a(addsf3.o)
 .data          0x00000000        0x0 c:/program files (x86)/atmel/studio/7.0/toolchain/avr8/avr8-gnu-toolchain/bin/../lib/gcc/avr/5.4.0/../../../../avr/lib/avr5\libm.a(addsf3.o)
 .bss           0x00000000        0x0 c:/program files (x86)/atmel/studio/7.0/toolchain/avr8/avr8-gnu-toolchain/bin/../lib/gcc/avr/5.4.0/../../../../avr/lib/avr5\libm.a(addsf3.o)
 .text          0x00000000        0x0 c:/program files (x86)/atmel/studio/7.0/toolchain/avr8/avr8-gnu-toolchain/bin/../lib/gcc/avr/5.4.0/../../../../avr/lib/avr5\libm.a(addsf3x.o)
 .data          0x00000000        0x0 c:/program files (x86)/atmel/studio/7.0/toolchain/avr8/avr8-gnu-toolchain/bin/../lib/gcc/avr/5.4.0/../../../../avr/lib/avr5\libm.a(addsf3x.o)
 .bss           0x00000000        0x0 c:/program files (x86)/atmel/studio/7.0/toolchain/avr8/avr8-gnu-toolchain/bin/../lib/gcc/avr/5.4.0/../../../../avr/lib/avr5\libm.a(addsf3x.o)
 .text          0x00000000        0x0 c:/program files (x86)/atmel/studio/7.0/toolchain/avr8/avr8-gnu-toolchain/bin/../lib/gcc/avr/5.4.0/../../../../avr/lib/avr5\libm.a(cmpsf2.o)
 .data          0x00000000        0x0 c:/program files (x86)/atmel/studio/7.0/toolchain/avr8/avr8-gnu-toolchain/bin/../lib/gcc/avr/5.4.0/../../../../avr/lib/avr5\libm.a(cmpsf2.o)
 .bss           0x00000000        0x0 c:/program files (x86)/atmel/studio/7.0/toolchain/avr8/avr8-gnu-toolchain/bin/../lib/gcc/avr/5.4.0/../../../../avr/lib/avr5\libm.a(cmpsf2.o)
 .text          0x00000000        0x0 c:/program files (x86)/atmel/studio/7.0/toolchain/avr8/avr8-gnu-toolchain/bin/../lib/gcc/avr/5.4.0/../../../../avr/lib/avr5\libm.a(divsf3.o)
 .data          0x00000000        0x0 c:/program files (x86)/atmel/studio/7.0/toolchain/avr8/avr8-gnu-toolchain/bin/../lib/gcc/avr/5.4.0/../../../../avr/lib/avr5\libm.a(divsf3.o)
 .bss           0x00000000        0x0 c:/program files (x86)/atmel/studio/7.0/toolchain/avr8/avr8-gnu-toolchain/bin/../lib/gcc/avr/5.4.0/../../../../avr/lib/avr5\libm.a(divsf3.o)
 .text          0x00000000        0x0 c:/program files (x86)/atmel/studio/7.0/toolchain/avr8/avr8-gnu-toolchain/bin/../lib/gcc/avr/5.4.0/../../../../avr/lib/avr5\libm.a(divsf3x.o)
 .data          0x00000000        0x0 c:/program files (x86)/atmel/studio/7.0/toolchain/avr8/avr8-gnu-toolchain/bin/../lib/gcc/avr/5.4.0/../../../../avr/lib/avr5\libm.a(divsf3x.o)
 .bss           0x00000000        0x0 c:/program files (x86)/atmel/studio/7.0/toolchain/avr8/avr8-gnu-toolchain/bin/../lib/gcc/avr/5.4.0/../../../../avr/lib/avr5\libm.a(divsf3x.o)
 .text          0x00000000        0x0 c:/program files (x86)/atmel/studio/7.0/toolchain/avr8/avr8-gnu-toolchain/bin/../lib/gcc/avr/5.4.0/../../../../avr/lib/avr5\libm.a(fixunssfsi.o)
 .data          0x00000000        0x0 c:/program files (x86)/atmel/studio/7.0/toolchain/avr8/avr8-gnu-toolchain/bin/../lib/gcc/avr/5.4.0/../../../../avr/lib/avr5\libm.a(fixunssfsi.o)
 .bss           0x00000000        0x0 c:/program files (x86)/atmel/studio/7.0/toolchain/avr8/avr8-gnu-toolchain/bin/../lib/gcc/avr/5.4.0/../../../../avr/lib/avr5\libm.a(fixunssfsi.o)
 .text          0x00000000        0x0 c:/program files (x86)/atmel/studio/7.0/toolchain/avr8/avr8-gnu-toolchain/bin/../lib/gcc/avr/5.4.0/../../../../avr/lib/avr5\libm.a(floatsisf.o)
 .data          0x00000000        0x0 c:/program files (x86)/atmel/studio/7.0/toolchain/avr8/avr8-gnu-toolchain/bin/../lib/gcc/avr/5.4.0/../../../../avr/lib/avr5\libm.a(floatsisf.o)
 .bss           0x00000000        0x0 c:/program files (x86)/atmel/studio/7.0/toolchain/avr8/avr8-gnu-toolchain/bin/../lib/gcc/avr/5.4.0/../../../../avr/lib/avr5\libm.a(floatsisf.o)
 .text          0x00000000        0x0 c:/program files (x86)/atmel/studio/7.0/toolchain/avr8/avr8-gnu-toolchain/bin/../lib/gcc/avr/5.4.0/../../../../avr/lib/avr5\libm.a(fp_cmp.o)
 .data          0x00000000        0x0 c:/program files (x86)/atmel/studio/7.0/toolchain/avr8/avr8-gnu-toolchain/bin/../lib/gcc/avr/5.4.0/../../../../avr/lib/avr5\libm.a(fp_cmp.o)
 .bss           0x00000000        0x0 c:/program files (x86)/atmel/studio/7.0/toolchain/avr8/avr8-gnu-toolchain/bin/../lib/gcc/avr/5.4.0/../../../../avr/lib/avr5\libm.a(fp_cmp.o)
 .text          0x00000000        0x0 c:/program files (x86)/atmel/studio/7.0/toolchain/avr8/avr8-gnu-toolchain/bin/../lib/gcc/avr/5.4.0/../../../../avr/lib/avr5\libm.a(fp_inf.o)
 .data          0x00000000        0x0 c:/program files (x86)/atmel/studio/7.0/toolchain/avr8/avr8-gnu-toolchain/bin/../lib/gcc/avr/5.4.0/../../../../avr/lib/avr5\libm.a(fp_inf.o)
 .bss           0x00000000        0x0 c:/program files (x86)/atmel/studio/7.0/toolchain/avr8/avr8-gnu-toolchain/bin/../lib/gcc/avr/5.4.0/../../../../avr/lib/avr5\libm.a(fp_inf.o)
 .text          0x00000000        0x0 c:/program files (x86)/atmel/studio/7.0/toolchain/avr8/avr8-gnu-toolchain/bin/../lib/gcc/avr/5.4.0/../../../../avr/lib/avr5\libm.a(fp_nan.o)
 .data          0x00000000        0x0 c:/program files (x86)/atmel/studio/7.0/toolchain/avr8/avr8-gnu-toolchain/bin/../lib/gcc/avr/5.4.0/../../../../avr/lib/avr5\libm.a(fp_nan.o)
 .bss           0x00000000        0x0 c:/program files (x86)/atmel/studio/7.0/toolchain/avr8/avr8-gnu-toolchain/bin/../lib/gcc/avr/5.4.0/../../../../avr/lib/avr5\libm.a(fp_nan.o)
 .text          0x00000000        0x0 c:/program files (x86)/atmel/studio/7.0/toolchain/avr8/avr8-gnu-toolchain/bin/../lib/gcc/avr/5.4.0/../../../../avr/lib/avr5\libm.a(fp_pscA.o)
 .data          0x00000000        0x0 c:/program files (x86)/atmel/studio/7.0/toolchain/avr8/avr8-gnu-toolchain/bin/../lib/gcc/avr/5.4.0/../../../../avr/lib/avr5\libm.a(fp_pscA.o)
 .bss           0x00000000        0x0 c:/program files (x86)/atmel/studio/7.0/toolchain/avr8/avr8-gnu-toolchain/bin/../lib/gcc/avr/5.4.0/../../../../avr/lib/avr5\libm.a(fp_pscA.o)
 .text          0x00000000        0x0 c:/program files (x86)/atmel/studio/7.0/toolchain/avr8/avr8-gnu-toolchain/bin/../lib/gcc/avr/5.4.0/../../../../avr/lib/avr5\libm.a(fp_pscB.o)
 .data          0x00000000        0x0 c:/program files (x86)/atmel/studio/7.0/toolchain/avr8/avr8-gnu-toolchain/bin/../lib/gcc/avr/5.4.0/../../../../avr/lib/avr5\libm.a(fp_pscB.o)
 .bss           0x00000000        0x0 c:/program files (x86)/atmel/studio/7.0/toolchain/avr8/avr8-gnu-toolchain/bin/../lib/gcc/avr/5.4.0/../../../../avr/lib/avr5\libm.a(fp_pscB.o)
 .text          0x00000000        0x0 c:/program files (x86)/atmel/studio/7.0/toolchain/avr8/avr8-gnu-toolchain/bin/../lib/gcc/avr/5.4.0/../../../../avr/lib/avr5\libm.a(fp_round.o)
 .data          0x00000000        0x0 c:/program files (x86)/atmel/studio/7.0/toolchain/avr8/avr8-gnu-toolchain/bin/../lib/gcc/avr/5.4.0/../../../../avr/lib/avr5\libm.a(fp_round.o)
 .bss           0x00000000        0x0 c:/program files (x86)/atmel/studio/7.0/toolchain/avr8/avr8-gnu-toolchain/bin/../lib/gcc/avr/5.4.0/../../../../avr/lib/avr5\libm.a(fp_round.o)
 .text          0x00000000        0x0 c:/program files (x86)/atmel/studio/7.0/toolchain/avr8/avr8-gnu-toolchain/bin/../lib/gcc/avr/5.4.0/../../../../avr/lib/avr5\libm.a(fp_split3.o)
 .data          0x00000000        0x0 c:/program files (x86)/atmel/studio/7.0/toolchain/avr8/avr8-gnu-toolchain/bin/../lib/gcc/avr/5.4.0/../../../../avr/lib/avr5\libm.a(fp_split3.o)
 .bss           0x00000000        0x0 c:/program files (x86)/atmel/studio/7.0/toolchain/avr8/avr8-gnu-toolchain/bin/../lib/gcc/avr/5.4.0/../../../../avr/lib/avr5\libm.a(fp_split3.o)
 .text          0x00000000        0x0 c:/program files (x86)/atmel/studio/7.0/toolchain/avr8/avr8-gnu-toolchain/bin/../lib/gcc/avr/5.4.0/../../../../avr/lib/avr5\libm.a(fp_zero.o)
 .data          0x00000000        0x0 c:/program files (x86)/atmel/studio/7.0/toolchain/avr8/avr8-gnu-toolchain/bin/../lib/gcc/avr/5.4.0/../../../../avr/lib/avr5\libm.a(fp_zero.o)
 .bss           0x00000000        0x0 c:/program files (x86)/atmel/studio/7.0/toolchain/avr8/avr8-gnu-toolchain/bin/../lib/gcc/avr/5.4.0/../../../../avr/lib/avr5\libm.a(fp_zero.o)
 .text          0x00000000        0x0 c:/program files (x86)/atmel/studio/7.0/toolchain/avr8/avr8-gnu-toolchain/bin/../lib/gcc/avr/5.4.0/../../../../avr/lib/avr5\libm.a(gesf2.o)
 .data          0x00000000        0x0 c:/program files (x86)/atmel/studio/7.0/toolchain/avr8/avr8-gnu-toolchain/bin/../lib/gcc/avr/5.4.0/../../../../avr/lib/avr5\libm.a(gesf2.o)
 .bss           0x00000000        0x0 c:/program files (x86)/atmel/studio/7.0/toolchain/avr8/avr8-gnu-toolchain/bin/../lib/gcc/avr/5.4.0/../../../../avr/lib/avr5\libm.a(gesf2.o)
 .text          0x00000000        0x0 c:/program files (x86)/atmel/studio/7.0/toolchain/avr8/avr8-gnu-toolchain/bin/../lib/gcc/avr/5.4.0/../../../../avr/lib/avr5\libm.a(mulsf3.o)
 .data          0x00000000        0x0 c:/program files (x86)/atmel/studio/7.0/toolchain/avr8/avr8-gnu-toolchain/bin/../lib/gcc/avr/5.4.0/../../../../avr/lib/avr5\libm.a(mulsf3.o)
 .bss           0x00000000        0x0 c:/program files (x86)/atmel/studio/7.0/toolchain/avr8/avr8-gnu-toolchain/bin/../lib/gcc/avr/5.4.0/../../../../avr/lib/avr5\libm.a(mulsf3.o)
 .text          0x00000000        0x0 c:/program files (x86)/atmel/studio/7.0/toolchain/avr8/avr8-gnu-toolchain/bin/../lib/gcc/avr/5.4.0/../../../../avr/lib/avr5\libm.a(mulsf3x.o)
 .data          0x00000000        0x0 c:/program files (x86)/atmel/studio/7.0/toolchain/avr8/avr8-gnu-toolchain/bin/../lib/gcc/avr/5.4.0/../../../../avr/lib/avr5\libm.a(mulsf3x.o)
 .bss           0x00000000        0x0 c:/program files (x86)/atmel/studio/7.0/toolchain/avr8/avr8-gnu-toolchain/bin/../lib/gcc/avr/5.4.0/../../../../avr/lib/avr5\libm.a(mulsf3x.o)
 .text          0x00000000        0x0 c:/program files (x86)/atmel/studio/7.0/toolchain/avr8/avr8-gnu-toolchain/bin/../lib/gcc/avr/5.4.0/../../../../avr/lib/avr5\libm.a(pow.o)
 .data          0x00000000        0x0 c:/program files (x86)/atmel/studio/7.0/toolchain/avr8/avr8-gnu-toolchain/bin/../lib/gcc/avr/5.4.0/../../../../avr/lib/avr5\libm.a(pow.o)
 .bss           0x00000000        0x0 c:/program files (x86)/atmel/studio/7.0/toolchain/avr8/avr8-gnu-toolchain/bin/../lib/gcc/avr/5.4.0/../../../../avr/lib/avr5\libm.a(pow.o)
 .text          0x00000000        0x0 c:/program files (x86)/atmel/studio/7.0/toolchain/avr8/avr8-gnu-toolchain/bin/../lib/gcc/avr/5.4.0/../../../../avr/lib/avr5\libm.a(exp.o)
 .data          0x00000000        0x0 c:/program files (x86)/atmel/studio/7.0/toolchain/avr8/avr8-gnu-toolchain/bin/../lib/gcc/avr/5.4.0/../../../../avr/lib/avr5\libm.a(exp.o)
 .bss           0x00000000        0x0 c:/program files (x86)/atmel/studio/7.0/toolchain/avr8/avr8-gnu-toolchain/bin/../lib/gcc/avr/5.4.0/../../../../avr/lib/avr5\libm.a(exp.o)
 .text          0x00000000        0x0 c:/program files (x86)/atmel/studio/7.0/toolchain/avr8/avr8-gnu-toolchain/bin/../lib/gcc/avr/5.4.0/../../../../avr/lib/avr5\libm.a(fp_powser.o)
 .data          0x00000000        0x0 c:/program files (x86)/atmel/studio/7.0/toolchain/avr8/avr8-gnu-toolchain/bin/../lib/gcc/avr/5.4.0/../../../../avr/lib/avr5\libm.a(fp_powser.o)
 .bss           0x00000000        0x0 c:/program files (x86)/atmel/studio/7.0/toolchain/avr8/avr8-gnu-toolchain/bin/../lib/gcc/avr/5.4.0/../../../../avr/lib/avr5\libm.a(fp_powser.o)
 .text          0x00000000        0x0 c:/program files (x86)/atmel/studio/7.0/toolchain/avr8/avr8-gnu-toolchain/bin/../lib/gcc/avr/5.4.0/../../../../avr/lib/avr5\libm.a(inverse.o)
 .data          0x00000000        0x0 c:/program files (x86)/atmel/studio/7.0/toolchain/avr8/avr8-gnu-toolchain/bin/../lib/gcc/avr/5.4.0/../../../../avr/lib/avr5\libm.a(inverse.o)
 .bss           0x00000000        0x0 c:/program files (x86)/atmel/studio/7.0/toolchain/avr8/avr8-gnu-toolchain/bin/../lib/gcc/avr/5.4.0/../../../../avr/lib/avr5\libm.a(inverse.o)
 .text          0x00000000        0x0 c:/program files (x86)/atmel/studio/7.0/toolchain/avr8/avr8-gnu-toolchain/bin/../lib/gcc/avr/5.4.0/../../../../avr/lib/avr5\libm.a(ldexp.o)
 .data          0x00000000        0x0 c:/program files (x86)/atmel/studio/7.0/toolchain/avr8/avr8-gnu-toolchain/bin/../lib/gcc/avr/5.4.0/../../../../avr/lib/avr5\libm.a(ldexp.o)
 .bss           0x00000000        0x0 c:/program files (x86)/atmel/studio/7.0/toolchain/avr8/avr8-gnu-toolchain/bin/../lib/gcc/avr/5.4.0/../../../../avr/lib/avr5\libm.a(ldexp.o)
 .text          0x00000000        0x0 c:/program files (x86)/atmel/studio/7.0/toolchain/avr8/avr8-gnu-toolchain/bin/../lib/gcc/avr/5.4.0/../../../../avr/lib/avr5\libm.a(log.o)
 .data          0x00000000        0x0 c:/program files (x86)/atmel/studio/7.0/toolchain/avr8/avr8-gnu-toolchain/bin/../lib/gcc/avr/5.4.0/../../../../avr/lib/avr5\libm.a(log.o)
 .bss           0x00000000        0x0 c:/program files (x86)/atmel/studio/7.0/toolchain/avr8/avr8-gnu-toolchain/bin/../lib/gcc/avr/5.4.0/../../../../avr/lib/avr5\libm.a(log.o)
 .text          0x00000000        0x0 c:/program files (x86)/atmel/studio/7.0/toolchain/avr8/avr8-gnu-toolchain/bin/../lib/gcc/avr/5.4.0/../../../../avr/lib/avr5\libm.a(modf.o)
 .data          0x00000000        0x0 c:/program files (x86)/atmel/studio/7.0/toolchain/avr8/avr8-gnu-toolchain/bin/../lib/gcc/avr/5.4.0/../../../../avr/lib/avr5\libm.a(modf.o)
 .bss           0x00000000        0x0 c:/program files (x86)/atmel/studio/7.0/toolchain/avr8/avr8-gnu-toolchain/bin/../lib/gcc/avr/5.4.0/../../../../avr/lib/avr5\libm.a(modf.o)
 .text          0x00000000        0x0 c:/program files (x86)/atmel/studio/7.0/toolchain/avr8/avr8-gnu-toolchain/bin/../lib/gcc/avr/5.4.0/../../../../avr/lib/avr5\libm.a(fp_mpack.o)
 .data          0x00000000        0x0 c:/program files (x86)/atmel/studio/7.0/toolchain/avr8/avr8-gnu-toolchain/bin/../lib/gcc/avr/5.4.0/../../../../avr/lib/avr5\libm.a(fp_mpack.o)
 .bss           0x00000000        0x0 c:/program files (x86)/atmel/studio/7.0/toolchain/avr8/avr8-gnu-toolchain/bin/../lib/gcc/avr/5.4.0/../../../../avr/lib/avr5\libm.a(fp_mpack.o)
 .text          0x00000000        0x0 c:/program files (x86)/atmel/studio/7.0/toolchain/avr8/avr8-gnu-toolchain/bin/../lib/gcc/avr/5.4.0/avr5\libgcc.a(_exit.o)
 .data          0x00000000        0x0 c:/program files (x86)/atmel/studio/7.0/toolchain/avr8/avr8-gnu-toolchain/bin/../lib/gcc/avr/5.4.0/avr5\libgcc.a(_exit.o)
 .bss           0x00000000        0x0 c:/program files (x86)/atmel/studio/7.0/toolchain/avr8/avr8-gnu-toolchain/bin/../lib/gcc/avr/5.4.0/avr5\libgcc.a(_exit.o)
 .text.libgcc.mul
                0x00000000        0x0 c:/program files (x86)/atmel/studio/7.0/toolchain/avr8/avr8-gnu-toolchain/bin/../lib/gcc/avr/5.4.0/avr5\libgcc.a(_exit.o)
 .text.libgcc.div
                0x00000000        0x0 c:/program files (x86)/atmel/studio/7.0/toolchain/avr8/avr8-gnu-toolchain/bin/../lib/gcc/avr/5.4.0/avr5\libgcc.a(_exit.o)
 .text.libgcc   0x00000000        0x0 c:/program files (x86)/atmel/studio/7.0/toolchain/avr8/avr8-gnu-toolchain/bin/../lib/gcc/avr/5.4.0/avr5\libgcc.a(_exit.o)
 .text.libgcc.prologue
                0x00000000        0x0 c:/program files (x86)/atmel/studio/7.0/toolchain/avr8/avr8-gnu-toolchain/bin/../lib/gcc/avr/5.4.0/avr5\libgcc.a(_exit.o)
 .text.libgcc.builtins
                0x00000000        0x0 c:/program files (x86)/atmel/studio/7.0/toolchain/avr8/avr8-gnu-toolchain/bin/../lib/gcc/avr/5.4.0/avr5\libgcc.a(_exit.o)
 .text.libgcc.fmul
                0x00000000        0x0 c:/program files (x86)/atmel/studio/7.0/toolchain/avr8/avr8-gnu-toolchain/bin/../lib/gcc/avr/5.4.0/avr5\libgcc.a(_exit.o)
 .text.libgcc.fixed
                0x00000000        0x0 c:/program files (x86)/atmel/studio/7.0/toolchain/avr8/avr8-gnu-toolchain/bin/../lib/gcc/avr/5.4.0/avr5\libgcc.a(_exit.o)
 .text          0x00000000        0x0 c:/program files (x86)/atmel/studio/7.0/toolchain/avr8/avr8-gnu-toolchain/bin/../lib/gcc/avr/5.4.0/avr5\libgcc.a(_tablejump2.o)
 .data          0x00000000        0x0 c:/program files (x86)/atmel/studio/7.0/toolchain/avr8/avr8-gnu-toolchain/bin/../lib/gcc/avr/5.4.0/avr5\libgcc.a(_tablejump2.o)
 .bss           0x00000000        0x0 c:/program files (x86)/atmel/studio/7.0/toolchain/avr8/avr8-gnu-toolchain/bin/../lib/gcc/avr/5.4.0/avr5\libgcc.a(_tablejump2.o)
 .text.libgcc.mul
                0x00000000        0x0 c:/program files (x86)/atmel/studio/7.0/toolchain/avr8/avr8-gnu-toolchain/bin/../lib/gcc/avr/5.4.0/avr5\libgcc.a(_tablejump2.o)
 .text.libgcc.div
                0x00000000        0x0 c:/program files (x86)/atmel/studio/7.0/toolchain/avr8/avr8-gnu-toolchain/bin/../lib/gcc/avr/5.4.0/avr5\libgcc.a(_tablejump2.o)
 .text.libgcc.prologue
                0x00000000        0x0 c:/program files (x86)/atmel/studio/7.0/toolchain/avr8/avr8-gnu-toolchain/bin/../lib/gcc/avr/5.4.0/avr5\libgcc.a(_tablejump2.o)
 .text.libgcc.builtins
                0x00000000        0x0 c:/program files (x86)/atmel/studio/7.0/toolchain/avr8/avr8-gnu-toolchain/bin/../lib/gcc/avr/5.4.0/avr5\libgcc.a(_tablejump2.o)
 .text.libgcc.fmul
                0x00000000        0x0 c:/program files (x86)/atmel/studio/7.0/toolchain/avr8/avr8-gnu-toolchain/bin/../lib/gcc/avr/5.4.0/avr5\libgcc.a(_tablejump2.o)
 .text.libgcc.fixed
                0x00000000        0x0 c:/program files (x86)/atmel/studio/7.0/toolchain/avr8/avr8-gnu-toolchain/bin/../lib/gcc/avr/5.4.0/avr5\libgcc.a(_tablejump2.o)
 .text          0x00000000        0x0 c:/program files (x86)/atmel/studio/7.0/toolchain/avr8/avr8-gnu-toolchain/bin/../lib/gcc/avr/5.4.0/avr5\libgcc.a(_copy_data.o)
 .data          0x00000000        0x0 c:/program files (x86)/atmel/studio/7.0/toolchain/avr8/avr8-gnu-toolchain/bin/../lib/gcc/avr/5.4.0/avr5\libgcc.a(_copy_data.o)
 .bss           0x00000000        0x0 c:/program files (x86)/atmel/studio/7.0/toolchain/avr8/avr8-gnu-toolchain/bin/../lib/gcc/avr/5.4.0/avr5\libgcc.a(_copy_data.o)
 .text.libgcc.mul
                0x00000000        0x0 c:/program files (x86)/atmel/studio/7.0/toolchain/avr8/avr8-gnu-toolchain/bin/../lib/gcc/avr/5.4.0/avr5\libgcc.a(_copy_data.o)
 .text.libgcc.div
                0x00000000        0x0 c:/program files (x86)/atmel/studio/7.0/toolchain/avr8/avr8-gnu-toolchain/bin/../lib/gcc/avr/5.4.0/avr5\libgcc.a(_copy_data.o)
 .text.libgcc   0x00000000        0x0 c:/program files (x86)/atmel/studio/7.0/toolchain/avr8/avr8-gnu-toolchain/bin/../lib/gcc/avr/5.4.0/avr5\libgcc.a(_copy_data.o)
 .text.libgcc.prologue
                0x00000000        0x0 c:/program files (x86)/atmel/studio/7.0/toolchain/avr8/avr8-gnu-toolchain/bin/../lib/gcc/avr/5.4.0/avr5\libgcc.a(_copy_data.o)
 .text.libgcc.builtins
                0x00000000        0x0 c:/program files (x86)/atmel/studio/7.0/toolchain/avr8/avr8-gnu-toolchain/bin/../lib/gcc/avr/5.4.0/avr5\libgcc.a(_copy_data.o)
 .text.libgcc.fmul
                0x00000000        0x0 c:/program files (x86)/atmel/studio/7.0/toolchain/avr8/avr8-gnu-toolchain/bin/../lib/gcc/avr/5.4.0/avr5\libgcc.a(_copy_data.o)
 .text.libgcc.fixed
                0x00000000        0x0 c:/program files (x86)/atmel/studio/7.0/toolchain/avr8/avr8-gnu-toolchain/bin/../lib/gcc/avr/5.4.0/avr5\libgcc.a(_copy_data.o)
 .text          0x00000000        0x0 c:/program files (x86)/atmel/studio/7.0/toolchain/avr8/avr8-gnu-toolchain/bin/../lib/gcc/avr/5.4.0/avr5\libgcc.a(_clear_bss.o)
 .data          0x00000000        0x0 c:/program files (x86)/atmel/studio/7.0/toolchain/avr8/avr8-gnu-toolchain/bin/../lib/gcc/avr/5.4.0/avr5\libgcc.a(_clear_bss.o)
 .bss           0x00000000        0x0 c:/program files (x86)/atmel/studio/7.0/toolchain/avr8/avr8-gnu-toolchain/bin/../lib/gcc/avr/5.4.0/avr5\libgcc.a(_clear_bss.o)
 .text.libgcc.mul
                0x00000000        0x0 c:/program files (x86)/atmel/studio/7.0/toolchain/avr8/avr8-gnu-toolchain/bin/../lib/gcc/avr/5.4.0/avr5\libgcc.a(_clear_bss.o)
 .text.libgcc.div
                0x00000000        0x0 c:/program files (x86)/atmel/studio/7.0/toolchain/avr8/avr8-gnu-toolchain/bin/../lib/gcc/avr/5.4.0/avr5\libgcc.a(_clear_bss.o)
 .text.libgcc   0x00000000        0x0 c:/program files (x86)/atmel/studio/7.0/toolchain/avr8/avr8-gnu-toolchain/bin/../lib/gcc/avr/5.4.0/avr5\libgcc.a(_clear_bss.o)
 .text.libgcc.prologue
                0x00000000        0x0 c:/program files (x86)/atmel/studio/7.0/toolchain/avr8/avr8-gnu-toolchain/bin/../lib/gcc/avr/5.4.0/avr5\libgcc.a(_clear_bss.o)
 .text.libgcc.builtins
                0x00000000        0x0 c:/program files (x86)/atmel/studio/7.0/toolchain/avr8/avr8-gnu-toolchain/bin/../lib/gcc/avr/5.4.0/avr5\libgcc.a(_clear_bss.o)
 .text.libgcc.fmul
                0x00000000        0x0 c:/program files (x86)/atmel/studio/7.0/toolchain/avr8/avr8-gnu-toolchain/bin/../lib/gcc/avr/5.4.0/avr5\libgcc.a(_clear_bss.o)
 .text.libgcc.fixed
                0x00000000        0x0 c:/program files (x86)/atmel/studio/7.0/toolchain/avr8/avr8-gnu-toolchain/bin/../lib/gcc/avr/5.4.0/avr5\libgcc.a(_clear_bss.o)
 .text          0x00000000        0x0 c:/program files (x86)/atmel/studio/7.0/toolchain/avr8/avr8-gnu-toolchain/bin/../lib/gcc/avr/5.4.0/avr5\libgcc.a(_umulhisi3.o)
 .data          0x00000000        0x0 c:/program files (x86)/atmel/studio/7.0/toolchain/avr8/avr8-gnu-toolchain/bin/../lib/gcc/avr/5.4.0/avr5\libgcc.a(_umulhisi3.o)
 .bss           0x00000000        0x0 c:/program files (x86)/atmel/studio/7.0/toolchain/avr8/avr8-gnu-toolchain/bin/../lib/gcc/avr/5.4.0/avr5\libgcc.a(_umulhisi3.o)
 .text.libgcc.div
                0x00000000        0x0 c:/program files (x86)/atmel/studio/7.0/toolchain/avr8/avr8-gnu-toolchain/bin/../lib/gcc/avr/5.4.0/avr5\libgcc.a(_umulhisi3.o)
 .text.libgcc   0x00000000        0x0 c:/program files (x86)/atmel/studio/7.0/toolchain/avr8/avr8-gnu-toolchain/bin/../lib/gcc/avr/5.4.0/avr5\libgcc.a(_umulhisi3.o)
 .text.libgcc.prologue
                0x00000000        0x0 c:/program files (x86)/atmel/studio/7.0/toolchain/avr8/avr8-gnu-toolchain/bin/../lib/gcc/avr/5.4.0/avr5\libgcc.a(_umulhisi3.o)
 .text.libgcc.builtins
                0x00000000        0x0 c:/program files (x86)/atmel/studio/7.0/toolchain/avr8/avr8-gnu-toolchain/bin/../lib/gcc/avr/5.4.0/avr5\libgcc.a(_umulhisi3.o)
 .text.libgcc.fmul
                0x00000000        0x0 c:/program files (x86)/atmel/studio/7.0/toolchain/avr8/avr8-gnu-toolchain/bin/../lib/gcc/avr/5.4.0/avr5\libgcc.a(_umulhisi3.o)
 .text.libgcc.fixed
                0x00000000        0x0 c:/program files (x86)/atmel/studio/7.0/toolchain/avr8/avr8-gnu-toolchain/bin/../lib/gcc/avr/5.4.0/avr5\libgcc.a(_umulhisi3.o)

Memory Configuration

Name             Origin             Length             Attributes
text             0x00000000         0x00008000         xr
data             0x00800060         0x00000800         rw !x
eeprom           0x00810000         0x00000400         rw !x
fuse             0x00820000         0x00000002         rw !x
lock             0x00830000         0x00000400         rw !x
signature        0x00840000         0x00000400         rw !x
user_signatures  0x00850000         0x00000400         rw !x
*default*        0x00000000         0xffffffff

Linker script and memory map

LOAD C:/Program Files (x86)/Atmel/Studio/7.0/Packs/atmel/ATmega_DFP/1.6.364/gcc/dev/atmega32a/avr5/crtatmega32a.o
LOAD App/Admin/admin.o
LOAD App/ATM/ATM.o
LOAD App/User/User.o
LOAD Firmware/Button/PushButton.o
LOAD Firmware/EEPROM/EEPROM.o
LOAD Firmware/Keypad/Keypad.o
LOAD Firmware/Keypad/Keypad_Config.o
LOAD Firmware/LCD/LCD.o
LOAD Firmware/LCD/LCD_Config.o
LOAD Firmware/Motor/motor.o
LOAD Firmware/Temp/temp.o
LOAD Infrastructure/utils.o
LOAD main.o
LOAD Mcal/ADC/adc.o
LOAD Mcal/DIO/DIO.o
LOAD Mcal/I2C/I2C.o
LOAD Mcal/I2C/I2C_Config.o
LOAD Mcal/SPI/SPI.o
LOAD Mcal/Timer/TIMER_DRIVER.o
LOAD Mcal/UART/uart.o
START GROUP
LOAD c:/program files (x86)/atmel/studio/7.0/toolchain/avr8/avr8-gnu-toolchain/bin/../lib/gcc/avr/5.4.0/../../../../avr/lib/avr5\libm.a
END GROUP
START GROUP
LOAD c:/program files (x86)/atmel/studio/7.0/toolchain/avr8/avr8-gnu-toolchain/bin/../lib/gcc/avr/5.4.0/avr5\libgcc.a
LOAD c:/program files (x86)/atmel/studio/7.0/toolchain/avr8/avr8-gnu-toolchain/bin/../lib/gcc/avr/5.4.0/../../../../avr/lib/avr5\libm.a
LOAD c:/program files (x86)/atmel/studio/7.0/toolchain/avr8/avr8-gnu-toolchain/bin/../lib/gcc/avr/5.4.0/../../../../avr/lib/avr5\libc.a
LOAD C:/Program Files (x86)/Atmel/Studio/7.0/Packs/atmel/ATmega_DFP/1.6.364/gcc/dev/atmega32a/avr5\libatmega32a.a
END GROUP
                [0x00000000]                __TEXT_REGION_ORIGIN__ = DEFINED (__TEXT_REGION_ORIGIN__)?__TEXT_REGION_ORIGIN__:0x0
                [0x00800060]                __DATA_REGION_ORIGIN__ = DEFINED (__DATA_REGION_ORIGIN__)?__DATA_REGION_ORIGIN__:0x800060
                [0x00008000]                __TEXT_REGION_LENGTH__ = DEFINED (__TEXT_REGION_LENGTH__)?__TEXT_REGION_LENGTH__:0x20000
                [0x00000800]                __DATA_REGION_LENGTH__ = DEFINED (__DATA_REGION_LENGTH__)?__DATA_REGION_LENGTH__:0xffa0
                [0x00000400]                __EEPROM_REGION_LENGTH__ = DEFINED (__EEPROM_REGION_LENGTH__)?__EEPROM_REGION_LENGTH__:0x10000
                [0x00000002]                __FUSE_REGION_LENGTH__ = DEFINED (__FUSE_REGION_LENGTH__)?__FUSE_REGION_LENGTH__:0x400
                0x00000400                __LOCK_REGION_LENGTH__ = DEFINED (__LOCK_REGION_LENGTH__)?__LOCK_REGION_LENGTH__:0x400
                0x00000400                __SIGNATURE_REGION_LENGTH__ = DEFINED (__SIGNATURE_REGION_LENGTH__)?__SIGNATURE_REGION_LENGTH__:0x400
                0x00000400                __USER_SIGNATURE_REGION_LENGTH__ = DEFINED (__USER_SIGNATURE_REGION_LENGTH__)?__USER_SIGNATURE_REGION_LENGTH__:0x400

.hash
 *(.hash)

.dynsym
 *(.dynsym)

.dynstr
 *(.dynstr)

.gnu.version
 *(.gnu.version)

.gnu.version_d
 *(.gnu.version_d)

.gnu.version_r
 *(.gnu.version_r)

.rel.init
 *(.rel.init)

.rela.init
 *(.rela.init)

.rel.text
 *(.rel.text)
 *(.rel.text.*)
 *(.rel.gnu.linkonce.t*)

.rela.text
 *(.rela.text)
 *(.rela.text.*)
 *(.rela.gnu.linkonce.t*)

.rel.fini
 *(.rel.fini)

.rela.fini
 *(.rela.fini)

.rel.rodata
 *(.rel.rodata)
 *(.rel.rodata.*)
 *(.rel.gnu.linkonce.r*)

.rela.rodata
 *(.rela.rodata)
 *(.rela.rodata.*)
 *(.rela.gnu.linkonce.r*)

.rel.data
 *(.rel.data)
 *(.rel.data.*)
 *(.rel.gnu.linkonce.d*)

.rela.data
 *(.rela.data)
 *(.rela.data.*)
 *(.rela.gnu.linkonce.d*)

.rel.ctors
 *(.rel.ctors)

.rela.ctors
 *(.rela.ctors)

.rel.dtors
 *(.rel.dtors)

.rela.dtors
 *(.rela.dtors)

.rel.got
 *(.rel.got)

.rela.got
 *(.rela.got)

.rel.bss
 *(.rel.bss)

.rela.bss
 *(.rela.bss)

.rel.plt
 *(.rel.plt)

.rela.plt
 *(.rela.plt)

.text           0x00000000     0x2f08
 *(.vectors)
 .vectors       0x00000000       0x54 C:/Program Files (x86)/Atmel/Studio/7.0/Packs/atmel/ATmega_DFP/1.6.364/gcc/dev/atmega32a/avr5/crtatmega32a.o
                0x00000000                __vector_default
                0x00000000                __vectors
 *(.vectors)
 *(.progmem.gcc*)
 .progmem.gcc_sw_table.TEMP_Init
                0x00000054       0x10 Firmware/Temp/temp.o
 .progmem.gcc_sw_table.TEMP_GetTemp
                0x00000064       0x10 Firmware/Temp/temp.o
 .progmem.gcc_fplib
                0x00000074       0x28 c:/program files (x86)/atmel/studio/7.0/toolchain/avr8/avr8-gnu-toolchain/bin/../lib/gcc/avr/5.4.0/../../../../avr/lib/avr5\libm.a(exp.o)
 .progmem.gcc_fplib
                0x0000009c       0x5a c:/program files (x86)/atmel/studio/7.0/toolchain/avr8/avr8-gnu-toolchain/bin/../lib/gcc/avr/5.4.0/../../../../avr/lib/avr5\libm.a(log.o)
                0x000000f6                . = ALIGN (0x2)
                0x000000f6                __trampolines_start = .
 *(.trampolines)
 .trampolines   0x000000f6        0x0 linker stubs
 *(.trampolines*)
                0x000000f6                __trampolines_end = .
 *libprintf_flt.a:*(.progmem.data)
 *libc.a:*(.progmem.data)
 *(.progmem*)
                0x000000f6                . = ALIGN (0x2)
 *(.jumptables)
 *(.jumptables*)
 *(.lowtext)
 *(.lowtext*)
                0x000000f6                __ctors_start = .
 *(.ctors)
                0x000000f6                __ctors_end = .
                0x000000f6                __dtors_start = .
 *(.dtors)
                0x000000f6                __dtors_end = .
 SORT(*)(.ctors)
 SORT(*)(.dtors)
 *(.init0)
 .init0         0x000000f6        0x0 C:/Program Files (x86)/Atmel/Studio/7.0/Packs/atmel/ATmega_DFP/1.6.364/gcc/dev/atmega32a/avr5/crtatmega32a.o
                0x000000f6                __init
 *(.init0)
 *(.init1)
 *(.init1)
 *(.init2)
 .init2         0x000000f6        0xc C:/Program Files (x86)/Atmel/Studio/7.0/Packs/atmel/ATmega_DFP/1.6.364/gcc/dev/atmega32a/avr5/crtatmega32a.o
 *(.init2)
 *(.init3)
 *(.init3)
 *(.init4)
 .init4         0x00000102       0x16 c:/program files (x86)/atmel/studio/7.0/toolchain/avr8/avr8-gnu-toolchain/bin/../lib/gcc/avr/5.4.0/avr5\libgcc.a(_copy_data.o)
                0x00000102                __do_copy_data
 .init4         0x00000118       0x10 c:/program files (x86)/atmel/studio/7.0/toolchain/avr8/avr8-gnu-toolchain/bin/../lib/gcc/avr/5.4.0/avr5\libgcc.a(_clear_bss.o)
                0x00000118                __do_clear_bss
 *(.init4)
 *(.init5)
 *(.init5)
 *(.init6)
 *(.init6)
 *(.init7)
 *(.init7)
 *(.init8)
 *(.init8)
 *(.init9)
 .init9         0x00000128        0x8 C:/Program Files (x86)/Atmel/Studio/7.0/Packs/atmel/ATmega_DFP/1.6.364/gcc/dev/atmega32a/avr5/crtatmega32a.o
 *(.init9)
 *(.text)
 .text          0x00000130        0x4 C:/Program Files (x86)/Atmel/Studio/7.0/Packs/atmel/ATmega_DFP/1.6.364/gcc/dev/atmega32a/avr5/crtatmega32a.o
                0x00000130                __vector_1
                0x00000130                __bad_interrupt
                0x00000130                __vector_6
                0x00000130                __vector_3
                0x00000130                __vector_17
                0x00000130                __vector_19
                0x00000130                __vector_7
                0x00000130                __vector_9
                0x00000130                __vector_2
                0x00000130                __vector_8
                0x00000130                __vector_18
                0x00000130                __vector_20
                0x00000134                . = ALIGN (0x2)
 *(.text.*)
 .text.reverse  0x00000134       0x26 App/Admin/admin.o
                0x00000134                reverse
 .text.intToStr
                0x0000015a       0xa8 App/Admin/admin.o
                0x0000015a                intToStr
 .text.ftos     0x00000202       0xbe App/Admin/admin.o
                0x00000202                ftos
 .text.findLength
                0x000002c0       0x18 App/Admin/admin.o
                0x000002c0                findLength
 .text.Validate_PAN
                0x000002d8       0x42 App/Admin/admin.o
 .text.stof     0x0000031a       0xb2 App/Admin/admin.o
                0x0000031a                stof
 .text.Set_PinData
                0x000003cc       0x16 App/Admin/admin.o
                0x000003cc                Set_PinData
 .text.Get_PinData
                0x000003e2       0x14 App/Admin/admin.o
                0x000003e2                Get_PinData
 .text.Check_WrittenAddresses
                0x000003f6       0x2e App/Admin/admin.o
                0x000003f6                Check_WrittenAddresses
 .text.Display_AccountsAvaliable
                0x00000424       0x28 App/Admin/admin.o
                0x00000424                Display_AccountsAvaliable
 .text.Reset_WrittenAddresses
                0x0000044c        0xe App/Admin/admin.o
                0x0000044c                Reset_WrittenAddresses
 .text.Set_WrittenAddresses
                0x0000045a       0x28 App/Admin/admin.o
                0x0000045a                Set_WrittenAddresses
 .text.Get_WrittenAddresses
                0x00000482       0x42 App/Admin/admin.o
                0x00000482                Get_WrittenAddresses
 .text.Check_PANExists
                0x000004c4       0x80 App/Admin/admin.o
                0x000004c4                Check_PANExists
 .text.ADMIN_Authenticate
                0x00000544       0x40 App/Admin/admin.o
                0x00000544                ADMIN_Authenticate
 .text.ADMIN_Interface
                0x00000584       0x88 App/Admin/admin.o
                0x00000584                ADMIN_Interface
 .text.ADMIN_GetAccount
                0x0000060c       0xd8 App/Admin/admin.o
                0x0000060c                ADMIN_GetAccount
 .text.ADMIN_SetAccount
                0x000006e4       0xee App/Admin/admin.o
                0x000006e4                ADMIN_SetAccount
 .text.ADMIN_SetMaxBalance
                0x000007d2       0x76 App/Admin/admin.o
                0x000007d2                ADMIN_SetMaxBalance
 .text.ADMIN_GetMaxBalance
                0x00000848       0x44 App/Admin/admin.o
                0x00000848                ADMIN_GetMaxBalance
 .text.ADMIN_Mode
                0x0000088c       0x6c App/Admin/admin.o
                0x0000088c                ADMIN_Mode
 .text.ATM_Init
                0x000008f8       0x32 App/ATM/ATM.o
                0x000008f8                ATM_Init
 .text.ATM_SelectMode
                0x0000092a       0x72 App/ATM/ATM.o
                0x0000092a                ATM_SelectMode
 .text.StringCmpr
                0x0000099c       0x38 App/User/User.o
 .text.findLength
                0x000009d4       0x18 App/User/User.o
 .text.stof     0x000009ec       0xb6 App/User/User.o
 .text.display_CardRemoved
                0x00000aa2       0x4c App/User/User.o
                0x00000aa2                display_CardRemoved
 .text.display_ShowMenu
                0x00000aee       0x24 App/User/User.o
                0x00000aee                display_ShowMenu
 .text.diplay_PANNotExist
                0x00000b12       0x5c App/User/User.o
                0x00000b12                diplay_PANNotExist
 .text.display_CheckAmountInsufficient
                0x00000b6e       0x5c App/User/User.o
                0x00000b6e                display_CheckAmountInsufficient
 .text.USER_GetCardData
                0x00000bca       0x38 App/User/User.o
                0x00000bca                USER_GetCardData
 .text.display_WaitingData
                0x00000c02       0x48 App/User/User.o
                0x00000c02                display_WaitingData
 .text.USER_GetServerData
                0x00000c4a       0xba App/User/User.o
                0x00000c4a                USER_GetServerData
 .text.USER_PrintTemp
                0x00000d04       0x30 App/User/User.o
                0x00000d04                USER_PrintTemp
 .text.User_Authenticate
                0x00000d34       0xc6 App/User/User.o
                0x00000d34                User_Authenticate
 .text.User_CheckAmount
                0x00000dfa      0x19c App/User/User.o
                0x00000dfa                User_CheckAmount
 .text.display_CheckAmount
                0x00000f96       0xa2 App/User/User.o
                0x00000f96                display_CheckAmount
 .text.User_UpdateBalance
                0x00001038       0x34 App/User/User.o
                0x00001038                User_UpdateBalance
 .text.display_CheckAmountApproved
                0x0000106c      0x102 App/User/User.o
                0x0000106c                display_CheckAmountApproved
 .text.USER_Interface
                0x0000116e      0x202 App/User/User.o
                0x0000116e                USER_Interface
 .text.USER_Mode
                0x00001370        0x6 App/User/User.o
                0x00001370                USER_Mode
 .text.PSHBTTN_EnablePullUp
                0x00001376        0x8 Firmware/Button/PushButton.o
                0x00001376                PSHBTTN_EnablePullUp
 .text.PSHBTTN_Init
                0x0000137e       0x28 Firmware/Button/PushButton.o
                0x0000137e                PSHBTTN_Init
 .text.PSHBTTN_Status
                0x000013a6       0x44 Firmware/Button/PushButton.o
                0x000013a6                PSHBTTN_Status
 .text.EEPROM_Init
                0x000013ea       0x1a Firmware/EEPROM/EEPROM.o
                0x000013ea                EEPROM_Init
 .text.EEPROM_Read
                0x00001404       0x8c Firmware/EEPROM/EEPROM.o
                0x00001404                EEPROM_Read
 .text.EEPROM_Write
                0x00001490       0x62 Firmware/EEPROM/EEPROM.o
                0x00001490                EEPROM_Write
 .text.EEPROM_ReadBytes
                0x000014f2       0x60 Firmware/EEPROM/EEPROM.o
                0x000014f2                EEPROM_ReadBytes
 .text.EEPROM_WriteBytes
                0x00001552       0x6e Firmware/EEPROM/EEPROM.o
                0x00001552                EEPROM_WriteBytes
 .text.KEYPAD_Init
                0x000015c0       0x6e Firmware/Keypad/Keypad.o
                0x000015c0                KEYPAD_Init
 .text.KEYPAD_WhichRow
                0x0000162e       0x3c Firmware/Keypad/Keypad.o
                0x0000162e                KEYPAD_WhichRow
 .text.KEYPAD_ReadKey
                0x0000166a       0xf2 Firmware/Keypad/Keypad.o
                0x0000166a                KEYPAD_ReadKey
 .text.KEYPAD_MustPressed
                0x0000175c       0x1a Firmware/Keypad/Keypad.o
                0x0000175c                KEYPAD_MustPressed
 .text.LCD_SendCommand
                0x00001776      0x1d4 Firmware/LCD/LCD.o
                0x00001776                LCD_SendCommand
 .text.LCD_Init
                0x0000194a      0x1c6 Firmware/LCD/LCD.o
                0x0000194a                LCD_Init
 .text.LCD_SendData
                0x00001b10      0x1cc Firmware/LCD/LCD.o
                0x00001b10                LCD_SendData
 .text.LCD_SendString
                0x00001cdc       0x1a Firmware/LCD/LCD.o
                0x00001cdc                LCD_SendString
 .text.LCD_SendNumber
                0x00001cf6       0xc0 Firmware/LCD/LCD.o
                0x00001cf6                LCD_SendNumber
 .text.MOTOR_INIT
                0x00001db6        0xe Firmware/Motor/motor.o
                0x00001db6                MOTOR_INIT
 .text.MOTOR_START
                0x00001dc4        0xe Firmware/Motor/motor.o
                0x00001dc4                MOTOR_START
 .text.MOTOR_STOP
                0x00001dd2        0xe Firmware/Motor/motor.o
                0x00001dd2                MOTOR_STOP
 .text.TEMP_Init
                0x00001de0       0x5e Firmware/Temp/temp.o
                0x00001de0                TEMP_Init
 .text.TEMP_GetTemp
                0x00001e3e       0xfe Firmware/Temp/temp.o
                0x00001e3e                TEMP_GetTemp
 .text.dummy_delay
                0x00001f3c       0x54 Infrastructure/utils.o
                0x00001f3c                dummy_delay
 .text.StringCompare
                0x00001f90       0x42 Infrastructure/utils.o
                0x00001f90                StringCompare
 .text.main     0x00001fd2        0xa main.o
                0x00001fd2                main
 .text.ADC_Init
                0x00001fdc       0x1e Mcal/ADC/adc.o
                0x00001fdc                ADC_Init
 .text.ADC_StartSingleConversion
                0x00001ffa       0x10 Mcal/ADC/adc.o
                0x00001ffa                ADC_StartSingleConversion
 .text.ADC_Read
                0x0000200a       0x36 Mcal/ADC/adc.o
                0x0000200a                ADC_Read
 .text.__vector_16
                0x00002040       0x4e Mcal/ADC/adc.o
                0x00002040                __vector_16
 .text.DIO_SetPinDirection
                0x0000208e       0xb2 Mcal/DIO/DIO.o
                0x0000208e                DIO_SetPinDirection
 .text.DIO_WritePin
                0x00002140       0xb2 Mcal/DIO/DIO.o
                0x00002140                DIO_WritePin
 .text.DIO_ReadPin
                0x000021f2       0x6a Mcal/DIO/DIO.o
                0x000021f2                DIO_ReadPin
 .text.DIO_EnablePinPullup
                0x0000225c       0x6a Mcal/DIO/DIO.o
                0x0000225c                DIO_EnablePinPullup
 .text.I2C_Init
                0x000022c6       0x1e Mcal/I2C/I2C.o
                0x000022c6                I2C_Init
 .text.I2C_Start
                0x000022e4       0x16 Mcal/I2C/I2C.o
                0x000022e4                I2C_Start
 .text.I2C_RepeatedStart
                0x000022fa       0x18 Mcal/I2C/I2C.o
                0x000022fa                I2C_RepeatedStart
 .text.I2C_Write
                0x00002312       0x18 Mcal/I2C/I2C.o
                0x00002312                I2C_Write
 .text.I2C_ReadNoAck
                0x0000232a       0x2e Mcal/I2C/I2C.o
                0x0000232a                I2C_ReadNoAck
 .text.I2C_Stop
                0x00002358       0x18 Mcal/I2C/I2C.o
                0x00002358                I2C_Stop
 .text.SPI_Init
                0x00002370       0x6c Mcal/SPI/SPI.o
                0x00002370                SPI_Init
 .text.SPI_TransmitChar
                0x000023dc       0x28 Mcal/SPI/SPI.o
                0x000023dc                SPI_TransmitChar
 .text.SPI_ReceiveString
                0x00002404       0x2c Mcal/SPI/SPI.o
                0x00002404                SPI_ReceiveString
 .text.__vector_12
                0x00002430       0x52 Mcal/SPI/SPI.o
                0x00002430                __vector_12
 .text.__vector_11
                0x00002482       0x52 Mcal/Timer/TIMER_DRIVER.o
                0x00002482                __vector_11
 .text.__vector_10
                0x000024d4       0x52 Mcal/Timer/TIMER_DRIVER.o
                0x000024d4                __vector_10
 .text.__vector_5
                0x00002526       0x52 Mcal/Timer/TIMER_DRIVER.o
                0x00002526                __vector_5
 .text.__vector_4
                0x00002578       0x52 Mcal/Timer/TIMER_DRIVER.o
                0x00002578                __vector_4
 .text.UART_Init
                0x000025ca       0x26 Mcal/UART/uart.o
                0x000025ca                UART_Init
 .text.UART_TransmitChar
                0x000025f0        0xa Mcal/UART/uart.o
                0x000025f0                UART_TransmitChar
 .text.UART_TransmitString
                0x000025fa       0x2a Mcal/UART/uart.o
                0x000025fa                UART_TransmitString
 .text.UART_ReceiveChar
                0x00002624        0xe Mcal/UART/uart.o
                0x00002624                UART_ReceiveChar
 .text.UART_ReceiveString
                0x00002632       0x46 Mcal/UART/uart.o
                0x00002632                UART_ReceiveString
 .text.__vector_13
                0x00002678       0x4e Mcal/UART/uart.o
                0x00002678                __vector_13
 .text.__vector_14
                0x000026c6       0x4e Mcal/UART/uart.o
                0x000026c6                __vector_14
 .text.__vector_15
                0x00002714       0x4e Mcal/UART/uart.o
                0x00002714                __vector_15
 .text.avr-libc.fplib
                0x00002762        0xe c:/program files (x86)/atmel/studio/7.0/toolchain/avr8/avr8-gnu-toolchain/bin/../lib/gcc/avr/5.4.0/../../../../avr/lib/avr5\libm.a(addsf3.o)
                0x00002762                __subsf3
                0x00002764                __addsf3
 .text.avr-libc.fplib
                0x00002770       0xcc c:/program files (x86)/atmel/studio/7.0/toolchain/avr8/avr8-gnu-toolchain/bin/../lib/gcc/avr/5.4.0/../../../../avr/lib/avr5\libm.a(addsf3x.o)
                0x00002792                __addsf3x
 .text.avr-libc.fplib
                0x0000283c        0xa c:/program files (x86)/atmel/studio/7.0/toolchain/avr8/avr8-gnu-toolchain/bin/../lib/gcc/avr/5.4.0/../../../../avr/lib/avr5\libm.a(cmpsf2.o)
                0x0000283c                __nesf2
                0x0000283c                __eqsf2
                0x0000283c                __cmpsf2
                0x0000283c                __ltsf2
                0x0000283c                __lesf2
 .text.avr-libc.fplib
                0x00002846        0x8 c:/program files (x86)/atmel/studio/7.0/toolchain/avr8/avr8-gnu-toolchain/bin/../lib/gcc/avr/5.4.0/../../../../avr/lib/avr5\libm.a(divsf3.o)
                0x00002846                __divsf3
 .text.avr-libc.fplib
                0x0000284e       0xdc c:/program files (x86)/atmel/studio/7.0/toolchain/avr8/avr8-gnu-toolchain/bin/../lib/gcc/avr/5.4.0/../../../../avr/lib/avr5\libm.a(divsf3x.o)
                0x0000286e                __divsf3x
                0x00002874                __divsf3_pse
 .text.avr-libc.fplib
                0x0000292a       0x5e c:/program files (x86)/atmel/studio/7.0/toolchain/avr8/avr8-gnu-toolchain/bin/../lib/gcc/avr/5.4.0/../../../../avr/lib/avr5\libm.a(fixunssfsi.o)
                0x0000292a                __fixunssfsi
 .text.avr-libc.fplib
                0x00002988       0x7a c:/program files (x86)/atmel/studio/7.0/toolchain/avr8/avr8-gnu-toolchain/bin/../lib/gcc/avr/5.4.0/../../../../avr/lib/avr5\libm.a(floatsisf.o)
                0x00002988                __floatunsisf
                0x0000298c                __floatsisf
 .text.avr-libc.fplib
                0x00002a02       0x48 c:/program files (x86)/atmel/studio/7.0/toolchain/avr8/avr8-gnu-toolchain/bin/../lib/gcc/avr/5.4.0/../../../../avr/lib/avr5\libm.a(fp_cmp.o)
                0x00002a02                __fp_cmp
 .text.avr-libc.fplib
                0x00002a4a        0xc c:/program files (x86)/atmel/studio/7.0/toolchain/avr8/avr8-gnu-toolchain/bin/../lib/gcc/avr/5.4.0/../../../../avr/lib/avr5\libm.a(fp_inf.o)
                0x00002a4a                __fp_inf
 .text.avr-libc.fplib
                0x00002a56        0x6 c:/program files (x86)/atmel/studio/7.0/toolchain/avr8/avr8-gnu-toolchain/bin/../lib/gcc/avr/5.4.0/../../../../avr/lib/avr5\libm.a(fp_nan.o)
                0x00002a56                __fp_nan
 .text.avr-libc.fplib
                0x00002a5c        0xe c:/program files (x86)/atmel/studio/7.0/toolchain/avr8/avr8-gnu-toolchain/bin/../lib/gcc/avr/5.4.0/../../../../avr/lib/avr5\libm.a(fp_pscA.o)
                0x00002a5c                __fp_pscA
 .text.avr-libc.fplib
                0x00002a6a        0xe c:/program files (x86)/atmel/studio/7.0/toolchain/avr8/avr8-gnu-toolchain/bin/../lib/gcc/avr/5.4.0/../../../../avr/lib/avr5\libm.a(fp_pscB.o)
                0x00002a6a                __fp_pscB
 .text.avr-libc.fplib
                0x00002a78       0x22 c:/program files (x86)/atmel/studio/7.0/toolchain/avr8/avr8-gnu-toolchain/bin/../lib/gcc/avr/5.4.0/../../../../avr/lib/avr5\libm.a(fp_round.o)
                0x00002a78                __fp_round
 .text.avr-libc.fplib
                0x00002a9a       0x44 c:/program files (x86)/atmel/studio/7.0/toolchain/avr8/avr8-gnu-toolchain/bin/../lib/gcc/avr/5.4.0/../../../../avr/lib/avr5\libm.a(fp_split3.o)
                0x00002a9a                __fp_split3
                0x00002aaa                __fp_splitA
 .text.avr-libc.fplib
                0x00002ade        0xe c:/program files (x86)/atmel/studio/7.0/toolchain/avr8/avr8-gnu-toolchain/bin/../lib/gcc/avr/5.4.0/../../../../avr/lib/avr5\libm.a(fp_zero.o)
                0x00002ade                __fp_zero
                0x00002ae0                __fp_szero
 .text.avr-libc.fplib
                0x00002aec        0xa c:/program files (x86)/atmel/studio/7.0/toolchain/avr8/avr8-gnu-toolchain/bin/../lib/gcc/avr/5.4.0/../../../../avr/lib/avr5\libm.a(gesf2.o)
                0x00002aec                __gesf2
                0x00002aec                __gtsf2
 .text.avr-libc.fplib
                0x00002af6        0x8 c:/program files (x86)/atmel/studio/7.0/toolchain/avr8/avr8-gnu-toolchain/bin/../lib/gcc/avr/5.4.0/../../../../avr/lib/avr5\libm.a(mulsf3.o)
                0x00002af6                __mulsf3
 .text.avr-libc.fplib
                0x00002afe       0xd2 c:/program files (x86)/atmel/studio/7.0/toolchain/avr8/avr8-gnu-toolchain/bin/../lib/gcc/avr/5.4.0/../../../../avr/lib/avr5\libm.a(mulsf3x.o)
                0x00002b1c                __mulsf3x
                0x00002b22                __mulsf3_pse
 .text.avr-libc.fplib
                0x00002bd0       0xa0 c:/program files (x86)/atmel/studio/7.0/toolchain/avr8/avr8-gnu-toolchain/bin/../lib/gcc/avr/5.4.0/../../../../avr/lib/avr5\libm.a(pow.o)
                0x00002bd0                pow
 .text.avr-libc.fplib
                0x00002c70       0x74 c:/program files (x86)/atmel/studio/7.0/toolchain/avr8/avr8-gnu-toolchain/bin/../lib/gcc/avr/5.4.0/../../../../avr/lib/avr5\libm.a(exp.o)
                0x00002c80                exp
 .text.avr-libc.fplib
                0x00002ce4       0x4e c:/program files (x86)/atmel/studio/7.0/toolchain/avr8/avr8-gnu-toolchain/bin/../lib/gcc/avr/5.4.0/../../../../avr/lib/avr5\libm.a(fp_powser.o)
                0x00002ce4                __fp_powser
 .text.avr-libc.fplib
                0x00002d32       0x10 c:/program files (x86)/atmel/studio/7.0/toolchain/avr8/avr8-gnu-toolchain/bin/../lib/gcc/avr/5.4.0/../../../../avr/lib/avr5\libm.a(inverse.o)
                0x00002d32                inverse
 .text.avr-libc.fplib
                0x00002d42       0x74 c:/program files (x86)/atmel/studio/7.0/toolchain/avr8/avr8-gnu-toolchain/bin/../lib/gcc/avr/5.4.0/../../../../avr/lib/avr5\libm.a(ldexp.o)
                0x00002d4a                ldexp
 .text.avr-libc.fplib
                0x00002db6       0xa0 c:/program files (x86)/atmel/studio/7.0/toolchain/avr8/avr8-gnu-toolchain/bin/../lib/gcc/avr/5.4.0/../../../../avr/lib/avr5\libm.a(log.o)
                0x00002dc6                log
 .text.avr-libc.fplib
                0x00002e56       0x68 c:/program files (x86)/atmel/studio/7.0/toolchain/avr8/avr8-gnu-toolchain/bin/../lib/gcc/avr/5.4.0/../../../../avr/lib/avr5\libm.a(modf.o)
                0x00002e56                modf
                0x00002e56                modff
 .text.avr-libc.fplib
                0x00002ebe       0x1c c:/program files (x86)/atmel/studio/7.0/toolchain/avr8/avr8-gnu-toolchain/bin/../lib/gcc/avr/5.4.0/../../../../avr/lib/avr5\libm.a(fp_mpack.o)
                0x00002ebe                __fp_mpack
                0x00002ec2                __fp_mpack_finite
 .text.libgcc   0x00002eda        0xc c:/program files (x86)/atmel/studio/7.0/toolchain/avr8/avr8-gnu-toolchain/bin/../lib/gcc/avr/5.4.0/avr5\libgcc.a(_tablejump2.o)
                0x00002eda                __tablejump2__
 .text.libgcc.mul
                0x00002ee6       0x1e c:/program files (x86)/atmel/studio/7.0/toolchain/avr8/avr8-gnu-toolchain/bin/../lib/gcc/avr/5.4.0/avr5\libgcc.a(_umulhisi3.o)
                0x00002ee6                __umulhisi3
                0x00002f04                . = ALIGN (0x2)
 *(.fini9)
 .fini9         0x00002f04        0x0 c:/program files (x86)/atmel/studio/7.0/toolchain/avr8/avr8-gnu-toolchain/bin/../lib/gcc/avr/5.4.0/avr5\libgcc.a(_exit.o)
                0x00002f04                _exit
                0x00002f04                exit
 *(.fini9)
 *(.fini8)
 *(.fini8)
 *(.fini7)
 *(.fini7)
 *(.fini6)
 *(.fini6)
 *(.fini5)
 *(.fini5)
 *(.fini4)
 *(.fini4)
 *(.fini3)
 *(.fini3)
 *(.fini2)
 *(.fini2)
 *(.fini1)
 *(.fini1)
 *(.fini0)
 .fini0         0x00002f04        0x4 c:/program files (x86)/atmel/studio/7.0/toolchain/avr8/avr8-gnu-toolchain/bin/../lib/gcc/avr/5.4.0/avr5\libgcc.a(_exit.o)
 *(.fini0)
                0x00002f08                _etext = .

.data           0x00800060      0x3c2 load address 0x00002f08
                0x00800060                PROVIDE (__data_start, .)
 *(.data)
 *(.data*)
 .data.gau8_PIN
                0x00800060        0x5 App/Admin/admin.o
 .data.gau8_Keypad
                0x00800065        0xc Firmware/Keypad/Keypad_Config.o
                0x00800065                gau8_Keypad
 .data.gastr_KeypadConfig
                0x00800071       0x15 Firmware/Keypad/Keypad_Config.o
                0x00800071                gastr_KeypadConfig
 .data.gastr_LCDConfig
                0x00800086       0x15 Firmware/LCD/LCD_Config.o
                0x00800086                gastr_LCDConfig
 *(.gnu.linkonce.d*)
 *(.rodata)
 *(.rodata*)
 .rodata.str1.1
                0x0080009b      0x253 App/Admin/admin.o
                                0x263 (size before relaxing)
 .rodata.str1.1
                0x008002ee       0x35 App/ATM/ATM.o
 .rodata.str1.1
                0x00800323       0xfc App/User/User.o
                                0x101 (size before relaxing)
 .rodata.I2C_CH_0_BIT_RATE
                0x0080041f        0x1 Mcal/I2C/I2C_Config.o
                0x0080041f                I2C_CH_0_BIT_RATE
 .rodata.I2C_CH_0_CONTROL_MASK
                0x00800420        0x1 Mcal/I2C/I2C_Config.o
                0x00800420                I2C_CH_0_CONTROL_MASK
 .rodata.I2C_CH_0_PRESCALER
                0x00800421        0x1 Mcal/I2C/I2C_Config.o
                0x00800421                I2C_CH_0_PRESCALER
 *(.gnu.linkonce.r*)
                0x00800422                . = ALIGN (0x2)
                0x00800422                _edata = .
                0x00800422                PROVIDE (__data_end, .)

.bss            0x00800422       0x9f
                0x00800422                PROVIDE (__bss_start, .)
 *(.bss)
 *(.bss*)
 .bss.u8_choice
                0x00800422        0x1 App/Admin/admin.o
 .bss.ufloat_AccountBalance
                0x00800423        0x4 App/Admin/admin.o
 .bss.user_pin  0x00800427        0xa App/Admin/admin.o
 .bss.pin       0x00800431        0x5 App/Admin/admin.o
 .bss.au8_AccountBalanceAddress
                0x00800436        0x1 App/Admin/admin.o
 .bss.au8_SPACEAddress
                0x00800437        0x1 App/Admin/admin.o
 .bss.au8_PANAddress
                0x00800438        0x1 App/Admin/admin.o
 .bss.au8_AccountBalance
                0x00800439        0x4 App/Admin/admin.o
 .bss.au8_PANNumber
                0x0080043d        0xa App/Admin/admin.o
 .bss.au8_PANNumbers
                0x00800447       0x50 App/Admin/admin.o
 .bss.SPI_TX_Complete_callback
                0x00800497        0x2 Mcal/SPI/SPI.o
 .bss.TIM2_OCAction_callback
                0x00800499        0x2 Mcal/Timer/TIMER_DRIVER.o
 .bss.TIM2_OVFAction_callback
                0x0080049b        0x2 Mcal/Timer/TIMER_DRIVER.o
 .bss.TIM0_OCAction_callback
                0x0080049d        0x2 Mcal/Timer/TIMER_DRIVER.o
 .bss.TIM0_OVFAction_callback
                0x0080049f        0x2 Mcal/Timer/TIMER_DRIVER.o
 *(COMMON)
 COMMON         0x008004a1       0x18 App/User/User.o
                0x008004a1                ST_CurrrentCardDATA
                0x008004b5                f32_EnteredAmount
 COMMON         0x008004b9        0x2 Mcal/ADC/adc.o
                0x008004b9                G_ADC_CALLBACK
 COMMON         0x008004bb        0x6 Mcal/UART/uart.o
                0x008004bb                Gptr_uartRxInt
                0x008004bd                Gptr_uartTxInt
                0x008004bf                Gptr_uartDataEmptyRegInt
                0x008004c1                PROVIDE (__bss_end, .)
                0x00002f08                __data_load_start = LOADADDR (.data)
                0x000032ca                __data_load_end = (__data_load_start + SIZEOF (.data))

.noinit         0x008004c1        0x0
                [!provide]                PROVIDE (__noinit_start, .)
 *(.noinit*)
                [!provide]                PROVIDE (__noinit_end, .)
                0x008004c1                _end = .
                [!provide]                PROVIDE (__heap_start, .)

.eeprom         0x00810000        0x0
 *(.eeprom*)
                0x00810000                __eeprom_end = .

.fuse
 *(.fuse)
 *(.lfuse)
 *(.hfuse)
 *(.efuse)

.lock
 *(.lock*)

.signature
 *(.signature*)

.user_signatures
 *(.user_signatures*)

.stab
 *(.stab)

.stabstr
 *(.stabstr)

.stab.excl
 *(.stab.excl)

.stab.exclstr
 *(.stab.exclstr)

.stab.index
 *(.stab.index)

.stab.indexstr
 *(.stab.indexstr)

.comment        0x00000000       0x30
 *(.comment)
 .comment       0x00000000       0x30 App/Admin/admin.o
                                 0x31 (size before relaxing)
 .comment       0x00000030       0x31 App/ATM/ATM.o
 .comment       0x00000030       0x31 App/User/User.o
 .comment       0x00000030       0x31 Firmware/Button/PushButton.o
 .comment       0x00000030       0x31 Firmware/EEPROM/EEPROM.o
 .comment       0x00000030       0x31 Firmware/Keypad/Keypad.o
 .comment       0x00000030       0x31 Firmware/Keypad/Keypad_Config.o
 .comment       0x00000030       0x31 Firmware/LCD/LCD.o
 .comment       0x00000030       0x31 Firmware/LCD/LCD_Config.o
 .comment       0x00000030       0x31 Firmware/Motor/motor.o
 .comment       0x00000030       0x31 Firmware/Temp/temp.o
 .comment       0x00000030       0x31 Infrastructure/utils.o
 .comment       0x00000030       0x31 main.o
 .comment       0x00000030       0x31 Mcal/ADC/adc.o
 .comment       0x00000030       0x31 Mcal/DIO/DIO.o
 .comment       0x00000030       0x31 Mcal/I2C/I2C.o
 .comment       0x00000030       0x31 Mcal/I2C/I2C_Config.o
 .comment       0x00000030       0x31 Mcal/SPI/SPI.o
 .comment       0x00000030       0x31 Mcal/Timer/TIMER_DRIVER.o
 .comment       0x00000030       0x31 Mcal/UART/uart.o

.note.gnu.avr.deviceinfo
                0x00000000       0x3c
 .note.gnu.avr.deviceinfo
                0x00000000       0x3c C:/Program Files (x86)/Atmel/Studio/7.0/Packs/atmel/ATmega_DFP/1.6.364/gcc/dev/atmega32a/avr5/crtatmega32a.o

.note.gnu.build-id
 *(.note.gnu.build-id)

.debug
 *(.debug)

.line
 *(.line)

.debug_srcinfo
 *(.debug_srcinfo)

.debug_sfnames
 *(.debug_sfnames)

.debug_aranges  0x00000000      0x610
 *(.debug_aranges)
 .debug_aranges
                0x00000000       0xc8 App/Admin/admin.o
 .debug_aranges
                0x000000c8       0x28 App/ATM/ATM.o
 .debug_aranges
                0x000000f0       0xa8 App/User/User.o
 .debug_aranges
                0x00000198       0x30 Firmware/Button/PushButton.o
 .debug_aranges
                0x000001c8       0x40 Firmware/EEPROM/EEPROM.o
 .debug_aranges
                0x00000208       0x38 Firmware/Keypad/Keypad.o
 .debug_aranges
                0x00000240       0x18 Firmware/Keypad/Keypad_Config.o
 .debug_aranges
                0x00000258       0x40 Firmware/LCD/LCD.o
 .debug_aranges
                0x00000298       0x18 Firmware/LCD/LCD_Config.o
 .debug_aranges
                0x000002b0       0x38 Firmware/Motor/motor.o
 .debug_aranges
                0x000002e8       0x28 Firmware/Temp/temp.o
 .debug_aranges
                0x00000310       0x30 Infrastructure/utils.o
 .debug_aranges
                0x00000340       0x20 main.o
 .debug_aranges
                0x00000360       0x50 Mcal/ADC/adc.o
 .debug_aranges
                0x000003b0       0x40 Mcal/DIO/DIO.o
 .debug_aranges
                0x000003f0       0x78 Mcal/I2C/I2C.o
 .debug_aranges
                0x00000468       0x18 Mcal/I2C/I2C_Config.o
 .debug_aranges
                0x00000480       0x68 Mcal/SPI/SPI.o
 .debug_aranges
                0x000004e8       0xb0 Mcal/Timer/TIMER_DRIVER.o
 .debug_aranges
                0x00000598       0x78 Mcal/UART/uart.o

.debug_pubnames
 *(.debug_pubnames)

.debug_info     0x00000000     0x6985
 *(.debug_info .gnu.linkonce.wi.*)
 .debug_info    0x00000000      0x4e6 C:/Program Files (x86)/Atmel/Studio/7.0/Packs/atmel/ATmega_DFP/1.6.364/gcc/dev/atmega32a/avr5/crtatmega32a.o
 .debug_info    0x000004e6     0x118f App/Admin/admin.o
 .debug_info    0x00001675      0x32b App/ATM/ATM.o
 .debug_info    0x000019a0     0x14be App/User/User.o
 .debug_info    0x00002e5e      0x254 Firmware/Button/PushButton.o
 .debug_info    0x000030b2      0x49f Firmware/EEPROM/EEPROM.o
 .debug_info    0x00003551      0x341 Firmware/Keypad/Keypad.o
 .debug_info    0x00003892      0x189 Firmware/Keypad/Keypad_Config.o
 .debug_info    0x00003a1b      0x81f Firmware/LCD/LCD.o
 .debug_info    0x0000423a      0x161 Firmware/LCD/LCD_Config.o
 .debug_info    0x0000439b      0x242 Firmware/Motor/motor.o
 .debug_info    0x000045dd      0x340 Firmware/Temp/temp.o
 .debug_info    0x0000491d      0x18a Infrastructure/utils.o
 .debug_info    0x00004aa7       0xc3 main.o
 .debug_info    0x00004b6a      0x1e6 Mcal/ADC/adc.o
 .debug_info    0x00004d50      0x225 Mcal/DIO/DIO.o
 .debug_info    0x00004f75      0x496 Mcal/I2C/I2C.o
 .debug_info    0x0000540b       0xaa Mcal/I2C/I2C_Config.o
 .debug_info    0x000054b5      0x5cf Mcal/SPI/SPI.o
 .debug_info    0x00005a84      0xba0 Mcal/Timer/TIMER_DRIVER.o
 .debug_info    0x00006624      0x361 Mcal/UART/uart.o

.debug_abbrev   0x00000000     0x1b50
 *(.debug_abbrev)
 .debug_abbrev  0x00000000      0x4a3 C:/Program Files (x86)/Atmel/Studio/7.0/Packs/atmel/ATmega_DFP/1.6.364/gcc/dev/atmega32a/avr5/crtatmega32a.o
 .debug_abbrev  0x000004a3      0x2c2 App/Admin/admin.o
 .debug_abbrev  0x00000765       0xf8 App/ATM/ATM.o
 .debug_abbrev  0x0000085d      0x2de App/User/User.o
 .debug_abbrev  0x00000b3b       0xfd Firmware/Button/PushButton.o
 .debug_abbrev  0x00000c38       0xef Firmware/EEPROM/EEPROM.o
 .debug_abbrev  0x00000d27      0x176 Firmware/Keypad/Keypad.o
 .debug_abbrev  0x00000e9d       0x8e Firmware/Keypad/Keypad_Config.o
 .debug_abbrev  0x00000f2b      0x19f Firmware/LCD/LCD.o
 .debug_abbrev  0x000010ca       0x8e Firmware/LCD/LCD_Config.o
 .debug_abbrev  0x00001158       0xb0 Firmware/Motor/motor.o
 .debug_abbrev  0x00001208       0xe6 Firmware/Temp/temp.o
 .debug_abbrev  0x000012ee       0xde Infrastructure/utils.o
 .debug_abbrev  0x000013cc       0x68 main.o
 .debug_abbrev  0x00001434       0xf7 Mcal/ADC/adc.o
 .debug_abbrev  0x0000152b       0xb0 Mcal/DIO/DIO.o
 .debug_abbrev  0x000015db      0x144 Mcal/I2C/I2C.o
 .debug_abbrev  0x0000171f       0x4b Mcal/I2C/I2C_Config.o
 .debug_abbrev  0x0000176a      0x17c Mcal/SPI/SPI.o
 .debug_abbrev  0x000018e6      0x1af Mcal/Timer/TIMER_DRIVER.o
 .debug_abbrev  0x00001a95       0xbb Mcal/UART/uart.o

.debug_line     0x00000000     0x3e9d
 *(.debug_line .debug_line.* .debug_line_end)
 .debug_line    0x00000000      0x116 C:/Program Files (x86)/Atmel/Studio/7.0/Packs/atmel/ATmega_DFP/1.6.364/gcc/dev/atmega32a/avr5/crtatmega32a.o
 .debug_line    0x00000116      0x741 App/Admin/admin.o
 .debug_line    0x00000857      0x2fc App/ATM/ATM.o
 .debug_line    0x00000b53      0xa74 App/User/User.o
 .debug_line    0x000015c7      0x139 Firmware/Button/PushButton.o
 .debug_line    0x00001700      0x318 Firmware/EEPROM/EEPROM.o
 .debug_line    0x00001a18      0x24c Firmware/Keypad/Keypad.o
 .debug_line    0x00001c64       0xbc Firmware/Keypad/Keypad_Config.o
 .debug_line    0x00001d20      0x5a1 Firmware/LCD/LCD.o
 .debug_line    0x000022c1       0xad Firmware/LCD/LCD_Config.o
 .debug_line    0x0000236e      0x126 Firmware/Motor/motor.o
 .debug_line    0x00002494      0x1da Firmware/Temp/temp.o
 .debug_line    0x0000266e      0x14f Infrastructure/utils.o
 .debug_line    0x000027bd       0x5f main.o
 .debug_line    0x0000281c      0x16e Mcal/ADC/adc.o
 .debug_line    0x0000298a      0x1cf Mcal/DIO/DIO.o
 .debug_line    0x00002b59      0x332 Mcal/I2C/I2C.o
 .debug_line    0x00002e8b       0x66 Mcal/I2C/I2C_Config.o
 .debug_line    0x00002ef1      0x2dc Mcal/SPI/SPI.o
 .debug_line    0x000031cd      0x9d4 Mcal/Timer/TIMER_DRIVER.o
 .debug_line    0x00003ba1      0x2fc Mcal/UART/uart.o

.debug_frame    0x00000000     0x1144
 *(.debug_frame)
 .debug_frame   0x00000000      0x2a0 App/Admin/admin.o
 .debug_frame   0x000002a0       0x48 App/ATM/ATM.o
 .debug_frame   0x000002e8      0x2bc App/User/User.o
 .debug_frame   0x000005a4       0x70 Firmware/Button/PushButton.o
 .debug_frame   0x00000614       0xd0 Firmware/EEPROM/EEPROM.o
 .debug_frame   0x000006e4       0x9c Firmware/Keypad/Keypad.o
 .debug_frame   0x00000780       0xe4 Firmware/LCD/LCD.o
 .debug_frame   0x00000864       0x54 Firmware/Motor/motor.o
 .debug_frame   0x000008b8       0x50 Firmware/Temp/temp.o
 .debug_frame   0x00000908       0x54 Infrastructure/utils.o
 .debug_frame   0x0000095c       0x24 main.o
 .debug_frame   0x00000980       0xdc Mcal/ADC/adc.o
 .debug_frame   0x00000a5c       0x64 Mcal/DIO/DIO.o
 .debug_frame   0x00000ac0       0xe4 Mcal/I2C/I2C.o
 .debug_frame   0x00000ba4      0x128 Mcal/SPI/SPI.o
 .debug_frame   0x00000ccc      0x2cc Mcal/Timer/TIMER_DRIVER.o
 .debug_frame   0x00000f98      0x1ac Mcal/UART/uart.o

.debug_str      0x00000000     0x1583
 *(.debug_str)
 .debug_str     0x00000000      0x196 C:/Program Files (x86)/Atmel/Studio/7.0/Packs/atmel/ATmega_DFP/1.6.364/gcc/dev/atmega32a/avr5/crtatmega32a.o
 .debug_str     0x00000196      0x49b App/Admin/admin.o
                                0x4cc (size before relaxing)
 .debug_str     0x00000631       0xec App/ATM/ATM.o
                                0x2c2 (size before relaxing)
 .debug_str     0x0000071d      0x3e1 App/User/User.o
                                0x677 (size before relaxing)
 .debug_str     0x00000afe       0xd4 Firmware/Button/PushButton.o
                                0x267 (size before relaxing)
 .debug_str     0x00000bd2       0xda Firmware/EEPROM/EEPROM.o
                                0x2b2 (size before relaxing)
 .debug_str     0x00000cac       0xfd Firmware/Keypad/Keypad.o
                                0x2f3 (size before relaxing)
 .debug_str     0x00000da9       0x23 Firmware/Keypad/Keypad_Config.o
                                0x299 (size before relaxing)
 .debug_str     0x00000dcc       0x66 Firmware/LCD/LCD.o
                                0x2b3 (size before relaxing)
 .debug_str     0x00000e32       0x1d Firmware/LCD/LCD_Config.o
                                0x275 (size before relaxing)
 .debug_str     0x00000e4f       0x27 Firmware/Motor/motor.o
                                0x2a3 (size before relaxing)
 .debug_str     0x00000e76       0x3b Firmware/Temp/temp.o
                                0x268 (size before relaxing)
 .debug_str     0x00000eb1       0x4e Infrastructure/utils.o
                                0x1e8 (size before relaxing)
 .debug_str     0x00000eff       0x11 main.o
                                0x1a1 (size before relaxing)
 .debug_str     0x00000f10       0xa2 Mcal/ADC/adc.o
                                0x23d (size before relaxing)
 .debug_str     0x00000fb2       0x26 Mcal/DIO/DIO.o
                                0x25e (size before relaxing)
 .debug_str     0x00000fd8      0x120 Mcal/I2C/I2C.o
                                0x327 (size before relaxing)
 .debug_str     0x000010f8       0x19 Mcal/I2C/I2C_Config.o
                                0x1cb (size before relaxing)
 .debug_str     0x00001111      0x109 Mcal/SPI/SPI.o
                                0x379 (size before relaxing)
 .debug_str     0x0000121a      0x28d Mcal/Timer/TIMER_DRIVER.o
                                0x4d5 (size before relaxing)
 .debug_str     0x000014a7       0xdc Mcal/UART/uart.o
                                0x2f0 (size before relaxing)

.debug_loc      0x00000000     0x50dd
 *(.debug_loc)
 .debug_loc     0x00000000      0x9fc App/Admin/admin.o
 .debug_loc     0x000009fc       0xbb App/ATM/ATM.o
 .debug_loc     0x00000ab7      0xa82 App/User/User.o
 .debug_loc     0x00001539      0x1bc Firmware/Button/PushButton.o
 .debug_loc     0x000016f5      0x97c Firmware/EEPROM/EEPROM.o
 .debug_loc     0x00002071      0x295 Firmware/Keypad/Keypad.o
 .debug_loc     0x00002306      0x2e3 Firmware/LCD/LCD.o
 .debug_loc     0x000025e9       0x36 Firmware/Motor/motor.o
 .debug_loc     0x0000261f      0x238 Firmware/Temp/temp.o
 .debug_loc     0x00002857      0x158 Infrastructure/utils.o
 .debug_loc     0x000029af      0x1d4 Mcal/ADC/adc.o
 .debug_loc     0x00002b83      0x2f4 Mcal/DIO/DIO.o
 .debug_loc     0x00002e77      0x49b Mcal/I2C/I2C.o
 .debug_loc     0x00003312      0x67a Mcal/SPI/SPI.o
 .debug_loc     0x0000398c     0x12ec Mcal/Timer/TIMER_DRIVER.o
 .debug_loc     0x00004c78      0x465 Mcal/UART/uart.o

.debug_macinfo
 *(.debug_macinfo)

.debug_weaknames
 *(.debug_weaknames)

.debug_funcnames
 *(.debug_funcnames)

.debug_typenames
 *(.debug_typenames)

.debug_varnames
 *(.debug_varnames)

.debug_pubtypes
 *(.debug_pubtypes)

.debug_ranges   0x00000000      0x588
 *(.debug_ranges)
 .debug_ranges  0x00000000       0xf0 App/Admin/admin.o
 .debug_ranges  0x000000f0       0x18 App/ATM/ATM.o
 .debug_ranges  0x00000108       0xc8 App/User/User.o
 .debug_ranges  0x000001d0       0x20 Firmware/Button/PushButton.o
 .debug_ranges  0x000001f0       0x80 Firmware/EEPROM/EEPROM.o
 .debug_ranges  0x00000270       0x40 Firmware/Keypad/Keypad.o
 .debug_ranges  0x000002b0       0x30 Firmware/LCD/LCD.o
 .debug_ranges  0x000002e0       0x28 Firmware/Motor/motor.o
 .debug_ranges  0x00000308       0x18 Firmware/Temp/temp.o
 .debug_ranges  0x00000320       0x20 Infrastructure/utils.o
 .debug_ranges  0x00000340       0x10 main.o
 .debug_ranges  0x00000350       0x40 Mcal/ADC/adc.o
 .debug_ranges  0x00000390       0x30 Mcal/DIO/DIO.o
 .debug_ranges  0x000003c0       0x68 Mcal/I2C/I2C.o
 .debug_ranges  0x00000428       0x58 Mcal/SPI/SPI.o
 .debug_ranges  0x00000480       0xa0 Mcal/Timer/TIMER_DRIVER.o
 .debug_ranges  0x00000520       0x68 Mcal/UART/uart.o

.debug_macro
 *(.debug_macro)
OUTPUT(ATM_ECU.elf elf32-avr)
LOAD linker stubs
